Component: ARM Compiler 5.05 update 1 (build 106) Tool: armlink [4d0efa]

==============================================================================

Section Cross References

    startup_stm32f405xx.o(STACK) refers (Special) to heapauxi.o(.text) for __use_two_region_memory
    startup_stm32f405xx.o(HEAP) refers (Special) to heapauxi.o(.text) for __use_two_region_memory
    startup_stm32f405xx.o(RESET) refers (Special) to heapauxi.o(.text) for __use_two_region_memory
    startup_stm32f405xx.o(RESET) refers to startup_stm32f405xx.o(STACK) for __initial_sp
    startup_stm32f405xx.o(RESET) refers to startup_stm32f405xx.o(.text) for Reset_Handler
    startup_stm32f405xx.o(RESET) refers to stm32f4xx_it.o(i.NMI_Handler) for NMI_Handler
    startup_stm32f405xx.o(RESET) refers to stm32f4xx_it.o(i.HardFault_Handler) for HardFault_Handler
    startup_stm32f405xx.o(RESET) refers to stm32f4xx_it.o(i.MemManage_Handler) for MemManage_Handler
    startup_stm32f405xx.o(RESET) refers to stm32f4xx_it.o(i.BusFault_Handler) for BusFault_Handler
    startup_stm32f405xx.o(RESET) refers to stm32f4xx_it.o(i.UsageFault_Handler) for UsageFault_Handler
    startup_stm32f405xx.o(RESET) refers to port.o(.emb_text) for SVC_Handler
    startup_stm32f405xx.o(RESET) refers to stm32f4xx_it.o(i.DebugMon_Handler) for DebugMon_Handler
    startup_stm32f405xx.o(RESET) refers to cmsis_os2.o(i.SysTick_Handler) for SysTick_Handler
    startup_stm32f405xx.o(RESET) refers to stm32f4xx_it.o(i.CAN1_TX_IRQHandler) for CAN1_TX_IRQHandler
    startup_stm32f405xx.o(RESET) refers to stm32f4xx_it.o(i.TIM3_IRQHandler) for TIM3_IRQHandler
    startup_stm32f405xx.o(RESET) refers to stm32f4xx_it.o(i.TIM4_IRQHandler) for TIM4_IRQHandler
    startup_stm32f405xx.o(RESET) refers to stm32f4xx_it.o(i.TIM8_TRG_COM_TIM14_IRQHandler) for TIM8_TRG_COM_TIM14_IRQHandler
    startup_stm32f405xx.o(RESET) refers to stm32f4xx_it.o(i.DMA2_Stream4_IRQHandler) for DMA2_Stream4_IRQHandler
    startup_stm32f405xx.o(.text) refers (Special) to heapauxi.o(.text) for __use_two_region_memory
    startup_stm32f405xx.o(.text) refers to system_stm32f4xx.o(i.SystemInit) for SystemInit
    startup_stm32f405xx.o(.text) refers to __main.o(!!!main) for __main
    startup_stm32f405xx.o(.text) refers to startup_stm32f405xx.o(HEAP) for Heap_Mem
    startup_stm32f405xx.o(.text) refers to startup_stm32f405xx.o(STACK) for Stack_Mem
    main.o(i.HAL_TIM_PeriodElapsedCallback) refers to foc_encoders.o(i.enc_as504x_routine) for enc_as504x_routine
    main.o(i.HAL_TIM_PeriodElapsedCallback) refers to stm32f4xx_hal.o(i.HAL_IncTick) for HAL_IncTick
    main.o(i.HAL_TIM_PeriodElapsedCallback) refers to foc_encoders.o(.bss) for as5047_cfg
    main.o(i.SystemClock_Config) refers to rt_memclr_w.o(.text) for __aeabi_memclr4
    main.o(i.SystemClock_Config) refers to stm32f4xx_hal_rcc.o(i.HAL_RCC_OscConfig) for HAL_RCC_OscConfig
    main.o(i.SystemClock_Config) refers to main.o(i.Error_Handler) for Error_Handler
    main.o(i.SystemClock_Config) refers to stm32f4xx_hal_rcc.o(i.HAL_RCC_ClockConfig) for HAL_RCC_ClockConfig
    main.o(i.main) refers to stm32f4xx_hal.o(i.HAL_Init) for HAL_Init
    main.o(i.main) refers to main.o(i.SystemClock_Config) for SystemClock_Config
    main.o(i.main) refers to gpio.o(i.MX_GPIO_Init) for MX_GPIO_Init
    main.o(i.main) refers to dma.o(i.MX_DMA_Init) for MX_DMA_Init
    main.o(i.main) refers to adc.o(i.MX_ADC1_Init) for MX_ADC1_Init
    main.o(i.main) refers to adc.o(i.MX_ADC2_Init) for MX_ADC2_Init
    main.o(i.main) refers to adc.o(i.MX_ADC3_Init) for MX_ADC3_Init
    main.o(i.main) refers to tim.o(i.MX_TIM3_Init) for MX_TIM3_Init
    main.o(i.main) refers to tim.o(i.MX_TIM1_Init) for MX_TIM1_Init
    main.o(i.main) refers to tim.o(i.MX_TIM2_Init) for MX_TIM2_Init
    main.o(i.main) refers to can.o(i.MX_CAN1_Init) for MX_CAN1_Init
    main.o(i.main) refers to tim.o(i.MX_TIM5_Init) for MX_TIM5_Init
    main.o(i.main) refers to tim.o(i.MX_TIM4_Init) for MX_TIM4_Init
    main.o(i.main) refers to foc_encoders.o(i.enc_as504x_init) for enc_as504x_init
    main.o(i.main) refers to foc_interface.o(i.foc_init) for foc_init
    main.o(i.main) refers to cmsis_os2.o(i.osKernelInitialize) for osKernelInitialize
    main.o(i.main) refers to freertos.o(i.MX_FREERTOS_Init) for MX_FREERTOS_Init
    main.o(i.main) refers to cmsis_os2.o(i.osKernelStart) for osKernelStart
    main.o(i.main) refers to foc_encoders.o(.bss) for as5047_cfg
    gpio.o(i.MX_GPIO_Init) refers to rt_memclr_w.o(.text) for __aeabi_memclr4
    gpio.o(i.MX_GPIO_Init) refers to stm32f4xx_hal_gpio.o(i.HAL_GPIO_WritePin) for HAL_GPIO_WritePin
    gpio.o(i.MX_GPIO_Init) refers to stm32f4xx_hal_gpio.o(i.HAL_GPIO_Init) for HAL_GPIO_Init
    freertos.o(i.MX_FREERTOS_Init) refers to cmsis_os2.o(i.osThreadNew) for osThreadNew
    freertos.o(i.MX_FREERTOS_Init) refers to freertos.o(.constdata) for defaultTask_attributes
    freertos.o(i.MX_FREERTOS_Init) refers to freertos.o(i.StartDefaultTask) for StartDefaultTask
[...]
    .data                                    0x20000010   Section        9  stm32f4xx_hal.o(.data)
    .data                                    0x2000001c   Section        4  system_stm32f4xx.o(.data)
    .data                                    0x20000020   Section       60  tasks.o(.data)
    pxDelayedTaskList                        0x20000024   Data           4  tasks.o(.data)
    pxOverflowDelayedTaskList                0x20000028   Data           4  tasks.o(.data)
    uxDeletedTasksWaitingCleanUp             0x2000002c   Data           4  tasks.o(.data)
    uxCurrentNumberOfTasks                   0x20000030   Data           4  tasks.o(.data)
    xTickCount                               0x20000034   Data           4  tasks.o(.data)
    uxTopReadyPriority                       0x20000038   Data           4  tasks.o(.data)
    xSchedulerRunning                        0x2000003c   Data           4  tasks.o(.data)
    xPendedTicks                             0x20000040   Data           4  tasks.o(.data)
    xYieldPending                            0x20000044   Data           4  tasks.o(.data)
    xNumOfOverflows                          0x20000048   Data           4  tasks.o(.data)
    uxTaskNumber                             0x2000004c   Data           4  tasks.o(.data)
    xNextTaskUnblockTime                     0x20000050   Data           4  tasks.o(.data)
    xIdleTaskHandle                          0x20000054   Data           4  tasks.o(.data)
    uxSchedulerSuspended                     0x20000058   Data           4  tasks.o(.data)
    .data                                    0x2000005c   Section       20  timers.o(.data)
    pxCurrentTimerList                       0x2000005c   Data           4  timers.o(.data)
    pxOverflowTimerList                      0x20000060   Data           4  timers.o(.data)
    xTimerQueue                              0x20000064   Data           4  timers.o(.data)
    xTimerTaskHandle                         0x20000068   Data           4  timers.o(.data)
    xLastTime                                0x2000006c   Data           4  timers.o(.data)
    .data                                    0x20000070   Section        4  cmsis_os2.o(.data)
    KernelState                              0x20000070   Data           4  cmsis_os2.o(.data)
    .data                                    0x20000074   Section       32  heap_4.o(.data)
    xStart                                   0x20000074   Data           8  heap_4.o(.data)
    pxEnd                                    0x2000007c   Data           4  heap_4.o(.data)
    xFreeBytesRemaining                      0x20000080   Data           4  heap_4.o(.data)
    xMinimumEverFreeBytesRemaining           0x20000084   Data           4  heap_4.o(.data)
    xNumberOfSuccessfulAllocations           0x20000088   Data           4  heap_4.o(.data)
    xNumberOfSuccessfulFrees                 0x2000008c   Data           4  heap_4.o(.data)
    xBlockAllocatedBit                       0x20000090   Data           4  heap_4.o(.data)
    .data                                    0x20000094   Section       12  port.o(.data)
    uxCriticalNesting                        0x20000094   Data           4  port.o(.data)
    ucMaxSysCallPriority                     0x20000098   Data           1  port.o(.data)
    ulMaxPRIGROUPValue                       0x2000009c   Data           4  port.o(.data)
    .bss                                     0x200000a0   Section      312  adc.o(.bss)
    .bss                                     0x200001d8   Section       40  can.o(.bss)
    .bss                                     0x20000200   Section      360  tim.o(.bss)
    .bss                                     0x20000368   Section       72  stm32f4xx_hal_timebase_tim.o(.bss)
    .bss                                     0x200003b0   Section       64  queue.o(.bss)
    .bss                                     0x200003f0   Section     1220  tasks.o(.bss)
    pxReadyTasksLists                        0x200003f0   Data        1120  tasks.o(.bss)
    xDelayedTaskList1                        0x20000850   Data          20  tasks.o(.bss)
    xDelayedTaskList2                        0x20000864   Data          20  tasks.o(.bss)
    xPendingReadyList                        0x20000878   Data          20  tasks.o(.bss)
    xTasksWaitingTermination                 0x2000088c   Data          20  tasks.o(.bss)
    xSuspendedTaskList                       0x200008a0   Data          20  tasks.o(.bss)
    .bss                                     0x200008b4   Section      280  timers.o(.bss)
    xActiveTimerList1                        0x200008b4   Data          20  timers.o(.bss)
    xActiveTimerList2                        0x200008c8   Data          20  timers.o(.bss)
    xStaticTimerQueue                        0x200008dc   Data          80  timers.o(.bss)
    ucStaticTimerQueueStorage                0x2000092c   Data         160  timers.o(.bss)
    .bss                                     0x200009cc   Section      952  cmsis_os2.o(.bss)
    Idle_TCB                                 0x200009cc   Data          92  cmsis_os2.o(.bss)
    Idle_Stack                               0x20000a28   Data         256  cmsis_os2.o(.bss)
    Timer_TCB                                0x20000b28   Data          92  cmsis_os2.o(.bss)
    Timer_Stack                              0x20000b84   Data         512  cmsis_os2.o(.bss)
    .bss                                     0x20000d84   Section     5360  heap_4.o(.bss)
    ucHeap                                   0x20000d84   Data        5360  heap_4.o(.bss)
    .bss                                     0x20002274   Section      142  foc_encoders.o(.bss)
    .bss                                     0x20002304   Section     1116  foc_interface.o(.bss)
    .bss                                     0x20002760   Section       96  libspace.o(.bss)
    HEAP                                     0x200027c0   Section      512  startup_stm32f405xx.o(HEAP)
    Heap_Mem                                 0x200027c0   Data         512  startup_stm32f405xx.o(HEAP)
    STACK                                    0x200029c0   Section     1024  startup_stm32f405xx.o(STACK)
    Stack_Mem                                0x200029c0   Data        1024  startup_stm32f405xx.o(STACK)
    __initial_sp                             0x20002dc0   Data           0  startup_stm32f405xx.o(STACK)

    Global Symbols

    Symbol Name                              Value     Ov Type        Size  Object(Section)

    BuildAttributes$$THM_ISAv4$E$P$D$K$B$S$7EM$VFPi3$EXTD16$VFPS$VFMA$PE$A:L22UL41UL21$X:L11$S22US41US21$IEEE1$IW$USESV6$~STKCKD$USESV7$~SHL$OTIME$ROPI$IEEEX$EBA8$UX$STANDARDLIB$REQ8$PRES8$EABIv2 0x00000000   Number         0  anon$$obj.o ABSOLUTE
    __ARM_use_no_argv                        0x00000000   Number         0  main.o ABSOLUTE
    __ARM_exceptions_init                     - Undefined Weak Reference
    __alloca_initialize                       - Undefined Weak Reference
    __arm_preinit_                            - Undefined Weak Reference
    __cpp_initialize__aeabi_                  - Undefined Weak Reference
    __cxa_finalize                            - Undefined Weak Reference
    __rt_locale                               - Undefined Weak Reference
    __sigvec_lookup                           - Undefined Weak Reference
    __user_heap_extent                        - Undefined Weak Reference
    _atexit_init                              - Undefined Weak Reference
    _call_atexit_fns                          - Undefined Weak Reference
    _clock_init                               - Undefined Weak Reference
    _fp_trap_init                             - Undefined Weak Reference
    _fp_trap_shutdown                         - Undefined Weak Reference
    _get_lc_collate                           - Undefined Weak Reference
    _get_lc_ctype                             - Undefined Weak Reference
    _get_lc_monetary                          - Undefined Weak Reference
    _get_lc_numeric                           - Undefined Weak Reference
    _get_lc_time                              - Undefined Weak Reference
    _getenv_init                              - Undefined Weak Reference
    _handle_redirection                       - Undefined Weak Reference
    _initio                                   - Undefined Weak Reference
    _mutex_acquire                            - Undefined Weak Reference
    _mutex_free                               - Undefined Weak Reference
    _mutex_release                            - Undefined Weak Reference
    _rand_init                                - Undefined Weak Reference
    _signal_finish                            - Undefined Weak Reference
    _signal_init                              - Undefined Weak Reference
    _terminateio                              - Undefined Weak Reference
    __Vectors_Size                           0x00000188   Number         0  startup_stm32f405xx.o ABSOLUTE
    __Vectors                                0x08000000   Data           4  startup_stm32f405xx.o(RESET)
    __Vectors_End                            0x08000188   Data           0  startup_stm32f405xx.o(RESET)
    __main                                   0x08000189   Thumb Code     8  __main.o(!!!main)
    __scatterload                            0x08000191   Thumb Code     0  __scatter.o(!!!scatter)
    __scatterload_rt2                        0x08000191   Thumb Code    44  __scatter.o(!!!scatter)
    __scatterload_rt2_thumb_only             0x08000191   Thumb Code     0  __scatter.o(!!!scatter)
    __scatterload_null                       0x0800019f   Thumb Code     0  __scatter.o(!!!scatter)
    __scatterload_copy                       0x080001c5   Thumb Code    26  __scatter_copy.o(!!handler_copy)
    __scatterload_zeroinit                   0x080001e1   Thumb Code    28  __scatter_zi.o(!!handler_zi)
    __rt_lib_init                            0x080001fd   Thumb Code     0  libinit.o(.ARM.Collect$$libinit$$00000000)
    __rt_lib_init_fp_1                       0x080001ff   Thumb Code     0  libinit2.o(.ARM.Collect$$libinit$$00000001)
    __rt_lib_init_alloca_1                   0x08000203   Thumb Code     0  libinit2.o(.ARM.Collect$$libinit$$0000002E)
    __rt_lib_init_argv_1                     0x08000203   Thumb Code     0  libinit2.o(.ARM.Collect$$libinit$$0000002C)
    __rt_lib_init_atexit_1                   0x08000203   Thumb Code     0  libinit2.o(.ARM.Collect$$libinit$$0000001B)
    __rt_lib_init_clock_1                    0x08000203   Thumb Code     0  libinit2.o(.ARM.Collect$$libinit$$00000021)
    __rt_lib_init_cpp_1                      0x08000203   Thumb Code     0  libinit2.o(.ARM.Collect$$libinit$$00000032)
    __rt_lib_init_exceptions_1               0x08000203   Thumb Code     0  libinit2.o(.ARM.Collect$$libinit$$00000030)
    __rt_lib_init_fp_trap_1                  0x08000203   Thumb Code     0  libinit2.o(.ARM.Collect$$libinit$$0000001F)
    __rt_lib_init_getenv_1                   0x08000203   Thumb Code     0  libinit2.o(.ARM.Collect$$libinit$$00000023)
    __rt_lib_init_heap_1                     0x08000203   Thumb Code     0  libinit2.o(.ARM.Collect$$libinit$$0000000A)
    __rt_lib_init_lc_collate_1               0x08000203   Thumb Code     0  libinit2.o(.ARM.Collect$$libinit$$00000011)
    __rt_lib_init_lc_ctype_1                 0x08000203   Thumb Code     0  libinit2.o(.ARM.Collect$$libinit$$00000013)
    __rt_lib_init_lc_monetary_1              0x08000203   Thumb Code     0  libinit2.o(.ARM.Collect$$libinit$$00000015)
    __rt_lib_init_lc_numeric_1               0x08000203   Thumb Code     0  libinit2.o(.ARM.Collect$$libinit$$00000017)
    __rt_lib_init_lc_time_1                  0x08000203   Thumb Code     0  libinit2.o(.ARM.Collect$$libinit$$00000019)
    __rt_lib_init_preinit_1                  0x08000203   Thumb Code     0  libinit2.o(.ARM.Collect$$libinit$$00000004)
    __rt_lib_init_rand_1                     0x08000203   Thumb Code     0  libinit2.o(.ARM.Collect$$libinit$$0000000E)
    __rt_lib_init_return                     0x08000203   Thumb Code     0  libinit2.o(.ARM.Collect$$libinit$$00000033)
    __rt_lib_init_signal_1                   0x08000203   Thumb Code     0  libinit2.o(.ARM.Collect$$libinit$$0000001D)
    __rt_lib_init_stdio_1                    0x08000203   Thumb Code     0  libinit2.o(.ARM.Collect$$libinit$$00000025)
    __rt_lib_init_user_alloc_1               0x08000203   Thumb Code     0  libinit2.o(.ARM.Collect$$libinit$$0000000C)
    __rt_lib_shutdown                        0x08000205   Thumb Code     0  libshutdown.o(.ARM.Collect$$libshutdown$$00000000)
    __rt_lib_shutdown_fp_trap_1              0x08000207   Thumb Code     0  libshutdown2.o(.ARM.Collect$$libshutdown$$00000006)
    __rt_lib_shutdown_heap_1                 0x08000207   Thumb Code     0  libshutdown2.o(.ARM.Collect$$libshutdown$$0000000E)
    __rt_lib_shutdown_return                 0x08000207   Thumb Code     0  libshutdown2.o(.ARM.Collect$$libshutdown$$0000000F)
    __rt_lib_shutdown_signal_1               0x08000207   Thumb Code     0  libshutdown2.o(.ARM.Collect$$libshutdown$$00000009)
    __rt_lib_shutdown_stdio_1                0x08000207   Thumb Code     0  libshutdown2.o(.ARM.Collect$$libshutdown$$00000003)
    __rt_lib_shutdown_user_alloc_1           0x08000207   Thumb Code     0  libshutdown2.o(.ARM.Collect$$libshutdown$$0000000B)
    __rt_entry                               0x08000209   Thumb Code     0  __rtentry.o(.ARM.Collect$$rtentry$$00000000)
    __rt_entry_presh_1                       0x08000209   Thumb Code     0  __rtentry2.o(.ARM.Collect$$rtentry$$00000002)
    __rt_entry_sh                            0x08000209   Thumb Code     0  __rtentry4.o(.ARM.Collect$$rtentry$$00000004)
    __rt_entry_li                            0x0800020f   Thumb Code     0  __rtentry2.o(.ARM.Collect$$rtentry$$0000000A)
    __rt_entry_postsh_1                      0x0800020f   Thumb Code     0  __rtentry2.o(.ARM.Collect$$rtentry$$00000009)
    __rt_entry_main                          0x08000213   Thumb Code     0  __rtentry2.o(.ARM.Collect$$rtentry$$0000000D)
    __rt_entry_postli_1                      0x08000213   Thumb Code     0  __rtentry2.o(.ARM.Collect$$rtentry$$0000000C)
    __rt_exit                                0x0800021b   Thumb Code     0  rtexit.o(.ARM.Collect$$rtexit$$00000000)
    __rt_exit_ls                             0x0800021d   Thumb Code     0  rtexit2.o(.ARM.Collect$$rtexit$$00000003)
    __rt_exit_prels_1                        0x0800021d   Thumb Code     0  rtexit2.o(.ARM.Collect$$rtexit$$00000002)
    __rt_exit_exit                           0x08000221   Thumb Code     0  rtexit2.o(.ARM.Collect$$rtexit$$00000004)
    SVC_Handler                              0x08000229   Thumb Code    28  port.o(.emb_text)
    __asm___6_port_c_39a90d8d__prvStartFirstTask 0x08000249   Thumb Code    36  port.o(.emb_text)
    __asm___6_port_c_39a90d8d__prvEnableVFP  0x08000271   Thumb Code    16  port.o(.emb_text)
    PendSV_Handler                           0x08000285   Thumb Code    88  port.o(.emb_text)
    vPortGetIPSR                             0x080002e1   Thumb Code     6  port.o(.emb_text)
    Reset_Handler                            0x080002e9   Thumb Code     8  startup_stm32f405xx.o(.text)
    ADC_IRQHandler                           0x08000303   Thumb Code     0  startup_stm32f405xx.o(.text)
    CAN1_RX0_IRQHandler                      0x08000303   Thumb Code     0  startup_stm32f405xx.o(.text)
    CAN1_RX1_IRQHandler                      0x08000303   Thumb Code     0  startup_stm32f405xx.o(.text)
    CAN1_SCE_IRQHandler                      0x08000303   Thumb Code     0  startup_stm32f405xx.o(.text)
    CAN2_RX0_IRQHandler                      0x08000303   Thumb Code     0  startup_stm32f405xx.o(.text)
    CAN2_RX1_IRQHandler                      0x08000303   Thumb Code     0  startup_stm32f405xx.o(.text)
    CAN2_SCE_IRQHandler                      0x08000303   Thumb Code     0  startup_stm32f405xx.o(.text)
    CAN2_TX_IRQHandler                       0x08000303   Thumb Code     0  startup_stm32f405xx.o(.text)
    DMA1_Stream0_IRQHandler                  0x08000303   Thumb Code     0  startup_stm32f405xx.o(.text)
    DMA1_Stream1_IRQHandler                  0x08000303   Thumb Code     0  startup_stm32f405xx.o(.text)
    DMA1_Stream2_IRQHandler                  0x08000303   Thumb Code     0  startup_stm32f405xx.o(.text)
    DMA1_Stream3_IRQHandler                  0x08000303   Thumb Code     0  startup_stm32f405xx.o(.text)
    DMA1_Stream4_IRQHandler                  0x08000303   Thumb Code     0  startup_stm32f405xx.o(.text)
    DMA1_Stream5_IRQHandler                  0x08000303   Thumb Code     0  startup_stm32f405xx.o(.text)
    DMA1_Stream6_IRQHandler                  0x08000303   Thumb Code     0  startup_stm32f405xx.o(.text)
    DMA1_Stream7_IRQHandler                  0x08000303   Thumb Code     0  startup_stm32f405xx.o(.text)
    DMA2_Stream0_IRQHandler                  0x08000303   Thumb Code     0  startup_stm32f405xx.o(.text)
    DMA2_Stream1_IRQHandler                  0x08000303   Thumb Code     0  startup_stm32f405xx.o(.text)
    DMA2_Stream2_IRQHandler                  0x08000303   Thumb Code     0  startup_stm32f405xx.o(.text)
    DMA2_Stream3_IRQHandler                  0x08000303   Thumb Code     0  startup_stm32f405xx.o(.text)
    DMA2_Stream5_IRQHandler                  0x08000303   Thumb Code     0  startup_stm32f405xx.o(.text)
    DMA2_Stream6_IRQHandler                  0x08000303   Thumb Code     0  startup_stm32f405xx.o(.text)
    DMA2_Stream7_IRQHandler                  0x08000303   Thumb Code     0  startup_stm32f405xx.o(.text)
    EXTI0_IRQHandler                         0x08000303   Thumb Code     0  startup_stm32f405xx.o(.text)
    EXTI15_10_IRQHandler                     0x08000303   Thumb Code     0  startup_stm32f405xx.o(.text)
    EXTI1_IRQHandler                         0x08000303   Thumb Code     0  startup_stm32f405xx.o(.text)
    EXTI2_IRQHandler                         0x08000303   Thumb Code     0  startup_stm32f405xx.o(.text)
    EXTI3_IRQHandler                         0x08000303   Thumb Code     0  startup_stm32f405xx.o(.text)
    EXTI4_IRQHandler                         0x08000303   Thumb Code     0  startup_stm32f405xx.o(.text)
    EXTI9_5_IRQHandler                       0x08000303   Thumb Code     0  startup_stm32f405xx.o(.text)
    FLASH_IRQHandler                         0x08000303   Thumb Code     0  startup_stm32f405xx.o(.text)
    FMC_IRQHandler                           0x08000303   Thumb Code     0  startup_stm32f405xx.o(.text)
    FPU_IRQHandler                           0x08000303   Thumb Code     0  startup_stm32f405xx.o(.text)
    HASH_RNG_IRQHandler                      0x08000303   Thumb Code     0  startup_stm32f405xx.o(.text)
    I2C1_ER_IRQHandler                       0x08000303   Thumb Code     0  startup_stm32f405xx.o(.text)
    I2C1_EV_IRQHandler                       0x08000303   Thumb Code     0  startup_stm32f405xx.o(.text)
    I2C2_ER_IRQHandler                       0x08000303   Thumb Code     0  startup_stm32f405xx.o(.text)
    I2C2_EV_IRQHandler                       0x08000303   Thumb Code     0  startup_stm32f405xx.o(.text)
    I2C3_ER_IRQHandler                       0x08000303   Thumb Code     0  startup_stm32f405xx.o(.text)
    I2C3_EV_IRQHandler                       0x08000303   Thumb Code     0  startup_stm32f405xx.o(.text)
    OTG_FS_IRQHandler                        0x08000303   Thumb Code     0  startup_stm32f405xx.o(.text)
    OTG_FS_WKUP_IRQHandler                   0x08000303   Thumb Code     0  startup_stm32f405xx.o(.text)
    OTG_HS_EP1_IN_IRQHandler                 0x08000303   Thumb Code     0  startup_stm32f405xx.o(.text)
    OTG_HS_EP1_OUT_IRQHandler                0x08000303   Thumb Code     0  startup_stm32f405xx.o(.text)
    OTG_HS_IRQHandler                        0x08000303   Thumb Code     0  startup_stm32f405xx.o(.text)
    OTG_HS_WKUP_IRQHandler                   0x08000303   Thumb Code     0  startup_stm32f405xx.o(.text)
    PVD_IRQHandler                           0x08000303   Thumb Code     0  startup_stm32f405xx.o(.text)
    RCC_IRQHandler                           0x08000303   Thumb Code     0  startup_stm32f405xx.o(.text)
    RTC_Alarm_IRQHandler                     0x08000303   Thumb Code     0  startup_stm32f405xx.o(.text)
    RTC_WKUP_IRQHandler                      0x08000303   Thumb Code     0  startup_stm32f405xx.o(.text)
    SDIO_IRQHandler                          0x08000303   Thumb Code     0  startup_stm32f405xx.o(.text)
    SPI1_IRQHandler                          0x08000303   Thumb Code     0  startup_stm32f405xx.o(.text)
    SPI2_IRQHandler                          0x08000303   Thumb Code     0  startup_stm32f405xx.o(.text)
    SPI3_IRQHandler                          0x08000303   Thumb Code     0  startup_stm32f405xx.o(.text)
    TAMP_STAMP_IRQHandler                    0x08000303   Thumb Code     0  startup_stm32f405xx.o(.text)
    TIM1_BRK_TIM9_IRQHandler                 0x08000303   Thumb Code     0  startup_stm32f405xx.o(.text)
    TIM1_CC_IRQHandler                       0x08000303   Thumb Code     0  startup_stm32f405xx.o(.text)
    TIM1_TRG_COM_TIM11_IRQHandler            0x08000303   Thumb Code     0  startup_stm32f405xx.o(.text)
    TIM1_UP_TIM10_IRQHandler                 0x08000303   Thumb Code     0  startup_stm32f405xx.o(.text)
    TIM2_IRQHandler                          0x08000303   Thumb Code     0  startup_stm32f405xx.o(.text)
    TIM5_IRQHandler                          0x08000303   Thumb Code     0  startup_stm32f405xx.o(.text)
    TIM6_DAC_IRQHandler                      0x08000303   Thumb Code     0  startup_stm32f405xx.o(.text)
    TIM7_IRQHandler                          0x08000303   Thumb Code     0  startup_stm32f405xx.o(.text)
    TIM8_BRK_TIM12_IRQHandler                0x08000303   Thumb Code     0  startup_stm32f405xx.o(.text)
    TIM8_CC_IRQHandler                       0x08000303   Thumb Code     0  startup_stm32f405xx.o(.text)
    TIM8_UP_TIM13_IRQHandler                 0x08000303   Thumb Code     0  startup_stm32f405xx.o(.text)
    UART4_IRQHandler                         0x08000303   Thumb Code     0  startup_stm32f405xx.o(.text)
    UART5_IRQHandler                         0x08000303   Thumb Code     0  startup_stm32f405xx.o(.text)
    USART1_IRQHandler                        0x08000303   Thumb Code     0  startup_stm32f405xx.o(.text)
    USART2_IRQHandler                        0x08000303   Thumb Code     0  startup_stm32f405xx.o(.text)
    USART3_IRQHandler                        0x08000303   Thumb Code     0  startup_stm32f405xx.o(.text)
    USART6_IRQHandler                        0x08000303   Thumb Code     0  startup_stm32f405xx.o(.text)
    WWDG_IRQHandler                          0x08000303   Thumb Code     0  startup_stm32f405xx.o(.text)
    __user_initial_stackheap                 0x08000305   Thumb Code     0  startup_stm32f405xx.o(.text)
    __aeabi_uldivmod                         0x08000329   Thumb Code     0  lludivv7m.o(.text)
    _ll_udiv                                 0x08000329   Thumb Code   238  lludivv7m.o(.text)
    __aeabi_memcpy                           0x08000417   Thumb Code     0  rt_memcpy_v6.o(.text)
    __rt_memcpy                              0x08000417   Thumb Code   138  rt_memcpy_v6.o(.text)
    _memcpy_lastbytes                        0x0800047d   Thumb Code     0  rt_memcpy_v6.o(.text)
    __aeabi_memcpy4                          0x080004a1   Thumb Code     0  rt_memcpy_w.o(.text)
    __aeabi_memcpy8                          0x080004a1   Thumb Code     0  rt_memcpy_w.o(.text)
    __rt_memcpy_w                            0x080004a1   Thumb Code   100  rt_memcpy_w.o(.text)
    _memcpy_lastbytes_aligned                0x080004e9   Thumb Code     0  rt_memcpy_w.o(.text)
    __aeabi_memset                           0x08000505   Thumb Code    16  aeabi_memset.o(.text)
    __aeabi_memclr4                          0x08000515   Thumb Code     0  rt_memclr_w.o(.text)
    __aeabi_memclr8                          0x08000515   Thumb Code     0  rt_memclr_w.o(.text)
    __rt_memclr_w                            0x08000515   Thumb Code    78  rt_memclr_w.o(.text)
    _memset_w                                0x08000519   Thumb Code     0  rt_memclr_w.o(.text)
    __use_two_region_memory                  0x08000563   Thumb Code     2  heapauxi.o(.text)
    __rt_heap_escrow                         0x08000565   Thumb Code     2  heapauxi.o(.text)
    __rt_heap_expand                         0x08000567   Thumb Code     2  heapauxi.o(.text)
    __aeabi_memclr                           0x08000569   Thumb Code     0  rt_memclr.o(.text)
    __rt_memclr                              0x08000569   Thumb Code    68  rt_memclr.o(.text)
    _memset                                  0x0800056d   Thumb Code     0  rt_memclr.o(.text)
    __user_libspace                          0x080005ad   Thumb Code     8  libspace.o(.text)
    __user_perproc_libspace                  0x080005ad   Thumb Code     0  libspace.o(.text)
    __user_perthread_libspace                0x080005ad   Thumb Code     0  libspace.o(.text)
    __I$use$semihosting                      0x080005b5   Thumb Code     0  use_no_semi.o(.text)
    __use_no_semihosting_swi                 0x080005b5   Thumb Code     2  use_no_semi.o(.text)
    __semihosting_library_function           0x080005b7   Thumb Code     0  indicate_semi.o(.text)
    __user_setup_stackheap                   0x080005b7   Thumb Code    74  sys_stackheap_outer.o(.text)
    exit                                     0x08000601   Thumb Code    12  exit.o(.text)
    _sys_exit                                0x0800060d   Thumb Code     8  sys_exit.o(.text)
    BusFault_Handler                         0x080009c1   Thumb Code     4  stm32f4xx_it.o(i.BusFault_Handler)
    CAN1_TX_IRQHandler                       0x080009c5   Thumb Code    10  stm32f4xx_it.o(i.CAN1_TX_IRQHandler)
    DMA2_Stream4_IRQHandler                  0x080009d5   Thumb Code    10  stm32f4xx_it.o(i.DMA2_Stream4_IRQHandler)
    DebugMon_Handler                         0x08000aef   Thumb Code     2  stm32f4xx_it.o(i.DebugMon_Handler)
    Error_Handler                            0x08000af1   Thumb Code     6  main.o(i.Error_Handler)
    HAL_ADCEx_InjectedConfigChannel          0x08000af9   Thumb Code   540  stm32f4xx_hal_adc_ex.o(i.HAL_ADCEx_InjectedConfigChannel)
    HAL_ADCEx_MultiModeConfigChannel         0x08000d21   Thumb Code    92  stm32f4xx_hal_adc_ex.o(i.HAL_ADCEx_MultiModeConfigChannel)
    HAL_ADC_ConfigChannel                    0x08000d81   Thumb Code   380  stm32f4xx_hal_adc.o(i.HAL_ADC_ConfigChannel)
    HAL_ADC_ConvCpltCallback                 0x08000f0d   Thumb Code     2  stm32f4xx_hal_adc.o(i.HAL_ADC_ConvCpltCallback)
    HAL_ADC_ConvHalfCpltCallback             0x08000f0f   Thumb Code     2  stm32f4xx_hal_adc.o(i.HAL_ADC_ConvHalfCpltCallback)
    HAL_ADC_ErrorCallback                    0x08000f11   Thumb Code     2  stm32f4xx_hal_adc.o(i.HAL_ADC_ErrorCallback)
    HAL_ADC_Init                             0x08000f15   Thumb Code   100  stm32f4xx_hal_adc.o(i.HAL_ADC_Init)
    HAL_ADC_MspInit                          0x08000f7d   Thumb Code   522  adc.o(i.HAL_ADC_MspInit)
    HAL_ADC_Start_DMA                        0x080011a9   Thumb Code   406  stm32f4xx_hal_adc.o(i.HAL_ADC_Start_DMA)
    HAL_CAN_ErrorCallback                    0x08001365   Thumb Code     2  stm32f4xx_hal_can.o(i.HAL_CAN_ErrorCallback)
    HAL_CAN_IRQHandler                       0x08001367   Thumb Code   590  stm32f4xx_hal_can.o(i.HAL_CAN_IRQHandler)
    HAL_CAN_Init                             0x080015b5   Thumb Code   372  stm32f4xx_hal_can.o(i.HAL_CAN_Init)
    HAL_CAN_MspInit                          0x08001729   Thumb Code   140  can.o(i.HAL_CAN_MspInit)
    HAL_CAN_RxFifo0FullCallback              0x080017c1   Thumb Code     2  stm32f4xx_hal_can.o(i.HAL_CAN_RxFifo0FullCallback)
    HAL_CAN_RxFifo0MsgPendingCallback        0x080017c3   Thumb Code     2  stm32f4xx_hal_can.o(i.HAL_CAN_RxFifo0MsgPendingCallback)
    HAL_CAN_RxFifo1FullCallback              0x080017c5   Thumb Code     2  stm32f4xx_hal_can.o(i.HAL_CAN_RxFifo1FullCallback)
    HAL_CAN_RxFifo1MsgPendingCallback        0x080017c7   Thumb Code     2  stm32f4xx_hal_can.o(i.HAL_CAN_RxFifo1MsgPendingCallback)
    HAL_CAN_SleepCallback                    0x080017c9   Thumb Code     2  stm32f4xx_hal_can.o(i.HAL_CAN_SleepCallback)
    HAL_CAN_TxMailbox0AbortCallback          0x080017cb   Thumb Code     2  stm32f4xx_hal_can.o(i.HAL_CAN_TxMailbox0AbortCallback)
    HAL_CAN_TxMailbox0CompleteCallback       0x080017cd   Thumb Code     2  stm32f4xx_hal_can.o(i.HAL_CAN_TxMailbox0CompleteCallback)
    HAL_CAN_TxMailbox1AbortCallback          0x080017cf   Thumb Code     2  stm32f4xx_hal_can.o(i.HAL_CAN_TxMailbox1AbortCallback)
    HAL_CAN_TxMailbox1CompleteCallback       0x080017d1   Thumb Code     2  stm32f4xx_hal_can.o(i.HAL_CAN_TxMailbox1CompleteCallback)
    HAL_CAN_TxMailbox2AbortCallback          0x080017d3   Thumb Code     2  stm32f4xx_hal_can.o(i.HAL_CAN_TxMailbox2AbortCallback)
    HAL_CAN_TxMailbox2CompleteCallback       0x080017d5   Thumb Code     2  stm32f4xx_hal_can.o(i.HAL_CAN_TxMailbox2CompleteCallback)
    HAL_CAN_WakeUpFromRxMsgCallback          0x080017d7   Thumb Code     2  stm32f4xx_hal_can.o(i.HAL_CAN_WakeUpFromRxMsgCallback)
    HAL_DMA_IRQHandler                       0x080017d9   Thumb Code   570  stm32f4xx_hal_dma.o(i.HAL_DMA_IRQHandler)
    HAL_DMA_Init                             0x08001a19   Thumb Code   232  stm32f4xx_hal_dma.o(i.HAL_DMA_Init)
    HAL_DMA_RegisterCallback                 0x08001b05   Thumb Code    96  stm32f4xx_hal_dma.o(i.HAL_DMA_RegisterCallback)
    HAL_DMA_Start_IT                         0x08001b65   Thumb Code   146  stm32f4xx_hal_dma.o(i.HAL_DMA_Start_IT)
    HAL_GPIO_Init                            0x08001bf9   Thumb Code   454  stm32f4xx_hal_gpio.o(i.HAL_GPIO_Init)
    HAL_GPIO_ReadPin                         0x08001ded   Thumb Code    16  stm32f4xx_hal_gpio.o(i.HAL_GPIO_ReadPin)
    HAL_GPIO_WritePin                        0x08001dfd   Thumb Code    12  stm32f4xx_hal_gpio.o(i.HAL_GPIO_WritePin)
    HAL_GetTick                              0x08001e09   Thumb Code     6  stm32f4xx_hal.o(i.HAL_GetTick)
    HAL_IncTick                              0x08001e15   Thumb Code    16  stm32f4xx_hal.o(i.HAL_IncTick)
    HAL_Init                                 0x08001e2d   Thumb Code    54  stm32f4xx_hal.o(i.HAL_Init)
    HAL_InitTick                             0x08001e69   Thumb Code   160  stm32f4xx_hal_timebase_tim.o(i.HAL_InitTick)
    HAL_MspInit                              0x08001f1d   Thumb Code    78  stm32f4xx_hal_msp.o(i.HAL_MspInit)
    HAL_NVIC_EnableIRQ                       0x08001f71   Thumb Code    40  stm32f4xx_hal_cortex.o(i.HAL_NVIC_EnableIRQ)
    HAL_NVIC_SetPriority                     0x08001f99   Thumb Code   124  stm32f4xx_hal_cortex.o(i.HAL_NVIC_SetPriority)
    HAL_NVIC_SetPriorityGrouping             0x08002015   Thumb Code    32  stm32f4xx_hal_cortex.o(i.HAL_NVIC_SetPriorityGrouping)
    HAL_RCC_ClockConfig                      0x0800203d   Thumb Code   368  stm32f4xx_hal_rcc.o(i.HAL_RCC_ClockConfig)
    HAL_RCC_GetClockConfig                   0x080021c1   Thumb Code    58  stm32f4xx_hal_rcc.o(i.HAL_RCC_GetClockConfig)
    HAL_RCC_GetHCLKFreq                      0x08002205   Thumb Code     6  stm32f4xx_hal_rcc.o(i.HAL_RCC_GetHCLKFreq)
    HAL_RCC_GetPCLK1Freq                     0x08002211   Thumb Code    22  stm32f4xx_hal_rcc.o(i.HAL_RCC_GetPCLK1Freq)
    HAL_RCC_GetSysClockFreq                  0x08002231   Thumb Code   162  stm32f4xx_hal_rcc.o(i.HAL_RCC_GetSysClockFreq)
    HAL_RCC_OscConfig                        0x080022e1   Thumb Code  1172  stm32f4xx_hal_rcc.o(i.HAL_RCC_OscConfig)
    HAL_TIMEx_BreakCallback                  0x0800277d   Thumb Code     2  stm32f4xx_hal_tim_ex.o(i.HAL_TIMEx_BreakCallback)
    HAL_TIMEx_CommutCallback                 0x0800277f   Thumb Code     2  stm32f4xx_hal_tim_ex.o(i.HAL_TIMEx_CommutCallback)
    HAL_TIMEx_ConfigBreakDeadTime            0x08002781   Thumb Code   116  stm32f4xx_hal_tim_ex.o(i.HAL_TIMEx_ConfigBreakDeadTime)
    HAL_TIMEx_MasterConfigSynchronization    0x080027f5   Thumb Code   150  stm32f4xx_hal_tim_ex.o(i.HAL_TIMEx_MasterConfigSynchronization)
    HAL_TIM_Base_Init                        0x080028a9   Thumb Code   102  stm32f4xx_hal_tim.o(i.HAL_TIM_Base_Init)
    HAL_TIM_Base_MspInit                     0x08002911   Thumb Code   258  tim.o(i.HAL_TIM_Base_MspInit)
    HAL_TIM_Base_Start_IT                    0x08002a29   Thumb Code   138  stm32f4xx_hal_tim.o(i.HAL_TIM_Base_Start_IT)
    HAL_TIM_ConfigClockSource                0x08002ad1   Thumb Code   268  stm32f4xx_hal_tim.o(i.HAL_TIM_ConfigClockSource)
    HAL_TIM_IC_CaptureCallback               0x08002bdd   Thumb Code     2  stm32f4xx_hal_tim.o(i.HAL_TIM_IC_CaptureCallback)
    HAL_TIM_IRQHandler                       0x08002bdf   Thumb Code   364  stm32f4xx_hal_tim.o(i.HAL_TIM_IRQHandler)
    HAL_TIM_MspPostInit                      0x08002d4d   Thumb Code   144  tim.o(i.HAL_TIM_MspPostInit)
    HAL_TIM_OC_DelayElapsedCallback          0x08002ded   Thumb Code     2  stm32f4xx_hal_tim.o(i.HAL_TIM_OC_DelayElapsedCallback)
    HAL_TIM_PWM_ConfigChannel                0x08002def   Thumb Code   260  stm32f4xx_hal_tim.o(i.HAL_TIM_PWM_ConfigChannel)
    HAL_TIM_PWM_Init                         0x08002ef3   Thumb Code   102  stm32f4xx_hal_tim.o(i.HAL_TIM_PWM_Init)
    HAL_TIM_PWM_MspInit                      0x08002f59   Thumb Code     2  stm32f4xx_hal_tim.o(i.HAL_TIM_PWM_MspInit)
    HAL_TIM_PWM_PulseFinishedCallback        0x08002f5b   Thumb Code     2  stm32f4xx_hal_tim.o(i.HAL_TIM_PWM_PulseFinishedCallback)
    HAL_TIM_PeriodElapsedCallback            0x08002f5d   Thumb Code    32  main.o(i.HAL_TIM_PeriodElapsedCallback)
    HAL_TIM_SlaveConfigSynchro               0x08002f89   Thumb Code   108  stm32f4xx_hal_tim.o(i.HAL_TIM_SlaveConfigSynchro)
    HAL_TIM_TriggerCallback                  0x08002ff5   Thumb Code     2  stm32f4xx_hal_tim.o(i.HAL_TIM_TriggerCallback)
    HardFault_Handler                        0x08002ff7   Thumb Code     4  stm32f4xx_it.o(i.HardFault_Handler)
    MX_ADC1_Init                             0x08002ffd   Thumb Code   278  adc.o(i.MX_ADC1_Init)
    MX_ADC2_Init                             0x08003121   Thumb Code   192  adc.o(i.MX_ADC2_Init)
    MX_ADC3_Init                             0x080031e9   Thumb Code   230  adc.o(i.MX_ADC3_Init)
    MX_CAN1_Init                             0x080032d9   Thumb Code    58  can.o(i.MX_CAN1_Init)
    MX_DMA_Init                              0x0800331d   Thumb Code    52  dma.o(i.MX_DMA_Init)
    MX_FREERTOS_Init                         0x08003355   Thumb Code    60  freertos.o(i.MX_FREERTOS_Init)
    MX_GPIO_Init                             0x080033c1   Thumb Code   266  gpio.o(i.MX_GPIO_Init)
    MX_TIM1_Init                             0x080034d9   Thumb Code   250  tim.o(i.MX_TIM1_Init)
    MX_TIM2_Init                             0x080035dd   Thumb Code   218  tim.o(i.MX_TIM2_Init)
    MX_TIM3_Init                             0x080036bd   Thumb Code   100  tim.o(i.MX_TIM3_Init)
    MX_TIM4_Init                             0x08003729   Thumb Code    98  tim.o(i.MX_TIM4_Init)
    MX_TIM5_Init                             0x08003795   Thumb Code    98  tim.o(i.MX_TIM5_Init)
    MemManage_Handler                        0x08003801   Thumb Code     4  stm32f4xx_it.o(i.MemManage_Handler)
    NMI_Handler                              0x08003805   Thumb Code     4  stm32f4xx_it.o(i.NMI_Handler)
    StartDefaultTask                         0x08003809   Thumb Code    10  freertos.o(i.StartDefaultTask)
    SysTick_Handler                          0x08003813   Thumb Code    22  cmsis_os2.o(i.SysTick_Handler)
    SystemClock_Config                       0x08003829   Thumb Code   172  main.o(i.SystemClock_Config)
    SystemInit                               0x080038dd   Thumb Code    14  system_stm32f4xx.o(i.SystemInit)
    TIM3_IRQHandler                          0x080038f1   Thumb Code    10  stm32f4xx_it.o(i.TIM3_IRQHandler)
    TIM4_IRQHandler                          0x08003901   Thumb Code    10  stm32f4xx_it.o(i.TIM4_IRQHandler)
    TIM8_TRG_COM_TIM14_IRQHandler            0x08003911   Thumb Code    10  stm32f4xx_it.o(i.TIM8_TRG_COM_TIM14_IRQHandler)
    TIM_Base_SetConfig                       0x08003921   Thumb Code   178  stm32f4xx_hal_tim.o(i.TIM_Base_SetConfig)
    TIM_ETR_SetConfig                        0x08003a01   Thumb Code    22  stm32f4xx_hal_tim.o(i.TIM_ETR_SetConfig)
    TIM_OC2_SetConfig                        0x08003a99   Thumb Code   114  stm32f4xx_hal_tim.o(i.TIM_OC2_SetConfig)
    UsageFault_Handler                       0x08003ce1   Thumb Code     4  stm32f4xx_it.o(i.UsageFault_Handler)
    dma_tc_callback                          0x08003d25   Thumb Code   500  foc_callbacks.o(i.dma_tc_callback)
    enc_as504x_init                          0x08003f4d   Thumb Code    24  foc_encoders.o(i.enc_as504x_init)
    enc_as504x_routine                       0x08003f65   Thumb Code   592  foc_encoders.o(i.enc_as504x_routine)
    foc_comm_thread                          0x080041fd   Thumb Code    10  freertos.o(i.foc_comm_thread)
    foc_init                                 0x0800434d   Thumb Code    14  foc_interface.o(i.foc_init)
    foc_pid_thread                           0x08004361   Thumb Code    14  freertos.o(i.foc_pid_thread)
    foc_sensor_thread                        0x0800436f   Thumb Code    10  freertos.o(i.foc_sensor_thread)
    interface_run_pid                        0x08004379   Thumb Code   294  foc_interface.o(i.interface_run_pid)
    main                                     0x080044c1   Thumb Code    78  main.o(i.main)
    osDelay                                  0x08004515   Thumb Code    30  cmsis_os2.o(i.osDelay)
    osKernelInitialize                       0x08004535   Thumb Code    38  cmsis_os2.o(i.osKernelInitialize)
    osKernelStart                            0x08004561   Thumb Code    82  cmsis_os2.o(i.osKernelStart)
    osThreadNew                              0x080045c1   Thumb Code   184  cmsis_os2.o(i.osThreadNew)
    pvPortMalloc                             0x0800509d   Thumb Code   306  heap_4.o(i.pvPortMalloc)
    pxPortInitialiseStack                    0x080051e9   Thumb Code    38  port.o(i.pxPortInitialiseStack)
    spi_bb_begin                             0x08005215   Thumb Code    24  spi_bb.o(i.spi_bb_begin)
    spi_bb_check_parity                      0x0800522d   Thumb Code    24  spi_bb.o(i.spi_bb_check_parity)
    spi_bb_delay                             0x08005245   Thumb Code    24  spi_bb.o(i.spi_bb_delay)
    spi_bb_delay_short                       0x0800525d   Thumb Code    10  spi_bb.o(i.spi_bb_delay_short)
    spi_bb_end                               0x08005267   Thumb Code    24  spi_bb.o(i.spi_bb_end)
    spi_bb_init                              0x0800527f   Thumb Code     2  spi_bb.o(i.spi_bb_init)
    spi_bb_transfer_16                       0x08005281   Thumb Code   198  spi_bb.o(i.spi_bb_transfer_16)
    timer_seconds_elapsed_since              0x08005349   Thumb Code    24  timer.o(i.timer_seconds_elapsed_since)
    timer_time_now                           0x08005369   Thumb Code     6  timer.o(i.timer_time_now)
    utils_fast_sincos_better                 0x08005375   Thumb Code  1574  utils_math.o(i.utils_fast_sincos_better)
    uxListRemove                             0x080059cb   Thumb Code    40  list.o(i.uxListRemove)
    vApplicationGetIdleTaskMemory            0x080059f5   Thumb Code    14  cmsis_os2.o(i.vApplicationGetIdleTaskMemory)
    vApplicationGetTimerTaskMemory           0x08005a0d   Thumb Code    14  cmsis_os2.o(i.vApplicationGetTimerTaskMemory)
    vListInitialise                          0x08005a25   Thumb Code    26  list.o(i.vListInitialise)
    vListInitialiseItem                      0x08005a3f   Thumb Code     6  list.o(i.vListInitialiseItem)
    vListInsert                              0x08005a45   Thumb Code    52  list.o(i.vListInsert)
    vListInsertEnd                           0x08005a79   Thumb Code    24  list.o(i.vListInsertEnd)
    vPortEnterCritical                       0x08005a91   Thumb Code    76  port.o(i.vPortEnterCritical)
    vPortExitCritical                        0x08005ae5   Thumb Code    56  port.o(i.vPortExitCritical)
    vPortFree                                0x08005b21   Thumb Code   150  heap_4.o(i.vPortFree)
    vPortSetupTimerInterrupt                 0x08005bc5   Thumb Code    36  port.o(i.vPortSetupTimerInterrupt)
    vPortValidateInterruptPriority           0x08005bed   Thumb Code   106  port.o(i.vPortValidateInterruptPriority)
    vQueueAddToRegistry                      0x08005c65   Thumb Code    38  queue.o(i.vQueueAddToRegistry)
    vQueueWaitForMessageRestricted           0x08005c91   Thumb Code    74  queue.o(i.vQueueWaitForMessageRestricted)
    vTaskDelay                               0x08005cdd   Thumb Code    82  tasks.o(i.vTaskDelay)
    vTaskInternalSetTimeOutState             0x08005d39   Thumb Code    14  tasks.o(i.vTaskInternalSetTimeOutState)
    vTaskMissedYield                         0x08005d51   Thumb Code     8  tasks.o(i.vTaskMissedYield)
    vTaskPlaceOnEventList                    0x08005d5d   Thumb Code    52  tasks.o(i.vTaskPlaceOnEventList)
    vTaskPlaceOnEventListRestricted          0x08005d95   Thumb Code    60  tasks.o(i.vTaskPlaceOnEventListRestricted)
    vTaskStartScheduler                      0x08005dd5   Thumb Code   156  tasks.o(i.vTaskStartScheduler)
    vTaskSuspendAll                          0x08005e8d   Thumb Code    12  tasks.o(i.vTaskSuspendAll)
    vTaskSwitchContext                       0x08005e9d   Thumb Code   122  tasks.o(i.vTaskSwitchContext)
    xPortStartScheduler                      0x08005f2d   Thumb Code   330  port.o(i.xPortStartScheduler)
    xPortSysTickHandler                      0x08006095   Thumb Code    46  port.o(i.xPortSysTickHandler)
    xQueueGenericCreateStatic                0x080060c9   Thumb Code   224  queue.o(i.xQueueGenericCreateStatic)
    xQueueGenericReset                       0x080061a9   Thumb Code   146  queue.o(i.xQueueGenericReset)
    xQueueGenericSend                        0x08006241   Thumb Code   420  queue.o(i.xQueueGenericSend)
    xQueueGenericSendFromISR                 0x080063e9   Thumb Code   252  queue.o(i.xQueueGenericSendFromISR)
    xQueueReceive                            0x080064e5   Thumb Code   356  queue.o(i.xQueueReceive)
    xTaskCheckForTimeOut                     0x0800664d   Thumb Code   132  tasks.o(i.xTaskCheckForTimeOut)
    xTaskCreate                              0x080066d9   Thumb Code   100  tasks.o(i.xTaskCreate)
    xTaskCreateStatic                        0x0800673d   Thumb Code   186  tasks.o(i.xTaskCreateStatic)
    xTaskGetSchedulerState                   0x080067f9   Thumb Code    24  tasks.o(i.xTaskGetSchedulerState)
    xTaskGetTickCount                        0x08006819   Thumb Code     6  tasks.o(i.xTaskGetTickCount)
    xTaskIncrementTick                       0x08006825   Thumb Code   280  tasks.o(i.xTaskIncrementTick)
    xTaskPriorityDisinherit                  0x08006969   Thumb Code   152  tasks.o(i.xTaskPriorityDisinherit)
    xTaskRemoveFromEventList                 0x08006a0d   Thumb Code   126  tasks.o(i.xTaskRemoveFromEventList)
    xTaskResumeAll                           0x08006aa5   Thumb Code   222  tasks.o(i.xTaskResumeAll)
    xTimerCreateTimerTask                    0x08006ba9   Thumb Code   100  timers.o(i.xTimerCreateTimerTask)
    xTimerGenericCommand                     0x08006c21   Thumb Code   128  timers.o(i.xTimerGenericCommand)
    __aeabi_d2f                              0x08006ca5   Thumb Code     0  d2f.o(x$fpl$d2f)
    _d2f                                     0x08006ca5   Thumb Code    98  d2f.o(x$fpl$d2f)
    __aeabi_dadd                             0x08006d09   Thumb Code     0  daddsub_clz.o(x$fpl$dadd)
    _dadd                                    0x08006d09   Thumb Code   332  daddsub_clz.o(x$fpl$dadd)
    __fpl_dcmp_Inf                           0x08006e59   Thumb Code    24  dcmpi.o(x$fpl$dcmpinf)
    __aeabi_ddiv                             0x08006e71   Thumb Code     0  ddiv.o(x$fpl$ddiv)
    _ddiv                                    0x08006e71   Thumb Code   552  ddiv.o(x$fpl$ddiv)
    __aeabi_cdcmple                          0x08007121   Thumb Code     0  dleqf.o(x$fpl$dleqf)
    _dcmple                                  0x08007121   Thumb Code   120  dleqf.o(x$fpl$dleqf)
    __fpl_dcmple_InfNaN                      0x08007183   Thumb Code     0  dleqf.o(x$fpl$dleqf)
    __aeabi_dmul                             0x08007199   Thumb Code     0  dmul.o(x$fpl$dmul)
    _dmul                                    0x08007199   Thumb Code   332  dmul.o(x$fpl$dmul)
    __fpl_dnaninf                            0x080072ed   Thumb Code   156  dnaninf.o(x$fpl$dnaninf)
    __fpl_dretinf                            0x08007389   Thumb Code    12  dretinf.o(x$fpl$dretinf)
    __aeabi_cdrcmple                         0x08007395   Thumb Code     0  drleqf.o(x$fpl$drleqf)
    _drcmple                                 0x08007395   Thumb Code   108  drleqf.o(x$fpl$drleqf)
    __aeabi_dsub                             0x08007401   Thumb Code     0  daddsub_clz.o(x$fpl$dsub)
    _dsub                                    0x08007401   Thumb Code   464  daddsub_clz.o(x$fpl$dsub)
    __aeabi_f2d                              0x080075d5   Thumb Code     0  f2d.o(x$fpl$f2d)
    _f2d                                     0x080075d5   Thumb Code    86  f2d.o(x$fpl$f2d)
    __fpl_fnaninf                            0x0800762b   Thumb Code   140  fnaninf.o(x$fpl$fnaninf)
    _fp_init                                 0x080076b7   Thumb Code    10  fpinit.o(x$fpl$fpinit)
    __fplib_config_fpu_vfp                   0x080076bf   Thumb Code     0  fpinit.o(x$fpl$fpinit)
    __fplib_config_pureend_doubles           0x080076bf   Thumb Code     0  fpinit.o(x$fpl$fpinit)
    __fpl_fretinf                            0x080076c1   Thumb Code    10  fretinf.o(x$fpl$fretinf)
    __I$use$fp                               0x080076ca   Number         0  usenofp.o(x$fpl$usenofp)
    defaultTask_attributes                   0x080076cc   Data          36  freertos.o(.constdata)
    foc_pid_attributes                       0x080076f0   Data          36  freertos.o(.constdata)
    foc_sensor_attributes                    0x08007714   Data          36  freertos.o(.constdata)
    foc_comm_attributes                      0x08007738   Data          36  freertos.o(.constdata)
    AHBPrescTable                            0x08007764   Data          16  system_stm32f4xx.o(.constdata)
    APBPrescTable                            0x08007774   Data           8  system_stm32f4xx.o(.constdata)
    Region$$Table$$Base                      0x080077ac   Number         0  anon$$obj.o(Region$$Table)
    Region$$Table$$Limit                     0x080077cc   Number         0  anon$$obj.o(Region$$Table)
    defaultTaskHandle                        0x20000000   Data           4  freertos.o(.data)
    foc_pidHandle                            0x20000004   Data           4  freertos.o(.data)
    foc_sensorHandle                         0x20000008   Data           4  freertos.o(.data)
    foc_commHandle                           0x2000000c   Data           4  freertos.o(.data)
    uwTick                                   0x20000010   Data           4  stm32f4xx_hal.o(.data)
    uwTickPrio                               0x20000014   Data           4  stm32f4xx_hal.o(.data)
    uwTickFreq                               0x20000018   Data           1  stm32f4xx_hal.o(.data)
    SystemCoreClock                          0x2000001c   Data           4  system_stm32f4xx.o(.data)
    pxCurrentTCB                             0x20000020   Data           4  tasks.o(.data)
    hadc1                                    0x200000a0   Data          72  adc.o(.bss)
    hadc2                                    0x200000e8   Data          72  adc.o(.bss)
    hadc3                                    0x20000130   Data          72  adc.o(.bss)
    hdma_adc1                                0x20000178   Data          96  adc.o(.bss)
    hcan1                                    0x200001d8   Data          40  can.o(.bss)
    htim1                                    0x20000200   Data          72  tim.o(.bss)
    htim2                                    0x20000248   Data          72  tim.o(.bss)
    htim3                                    0x20000290   Data          72  tim.o(.bss)
    htim4                                    0x200002d8   Data          72  tim.o(.bss)
    htim5                                    0x20000320   Data          72  tim.o(.bss)
    htim14                                   0x20000368   Data          72  stm32f4xx_hal_timebase_tim.o(.bss)
    xQueueRegistry                           0x200003b0   Data          64  queue.o(.bss)
    as5047_cfg                               0x20002274   Data          80  foc_encoders.o(.bss)
    as5047_state                             0x200022c4   Data          48  foc_encoders.o(.bss)
    as5047_diag                              0x200022f4   Data          14  foc_encoders.o(.bss)
    ADC_Value                                0x20002304   Data          16  foc_interface.o(.bss)
    motor                                    0x20002314   Data         528  foc_interface.o(.bss)
    motor_config                             0x20002524   Data         572  foc_interface.o(.bss)
    __libspace_start                         0x20002760   Data          96  libspace.o(.bss)
    __temporary_stack_top$libspace           0x200027c0   Data           0  libspace.o(.bss)



==============================================================================

Memory Map of the image

  Image Entry point : 0x08000189

  Load Region LR_IROM1 (Base: 0x08000000, Size: 0x0000786c, Max: 0x00100000, ABSOLUTE)

    Execution Region ER_IROM1 (Exec base: 0x08000000, Load base: 0x08000000, Size: 0x000077cc, Max: 0x00100000, ABSOLUTE)

    Exec Addr    Load Addr    Size         Type   Attr      Idx    E Section Name        Object

    0x08000000   0x08000000   0x00000188   Data   RO            3    RESET               startup_stm32f405xx.o
    0x08000188   0x08000188   0x00000008   Code   RO         5953  * !!!main             c_w.l(__main.o)
    0x08000190   0x08000190   0x00000034   Code   RO         6316    !!!scatter          c_w.l(__scatter.o)
    0x080001c4   0x080001c4   0x0000001a   Code   RO         6318    !!handler_copy      c_w.l(__scatter_copy.o)
    0x080001de   0x080001de   0x00000002   PAD
    0x080001e0   0x080001e0   0x0000001c   Code   RO         6320    !!handler_zi        c_w.l(__scatter_zi.o)
    0x080001fc   0x080001fc   0x00000002   Code   RO         6256    .ARM.Collect$$libinit$$00000000  c_w.l(libinit.o)
    0x080001fe   0x080001fe   0x00000004   Code   RO         6103    .ARM.Collect$$libinit$$00000001  c_w.l(libinit2.o)
    0x08000202   0x08000202   0x00000000   Code   RO         6106    .ARM.Collect$$libinit$$00000004  c_w.l(libinit2.o)
    0x08000202   0x08000202   0x00000000   Code   RO         6109    .ARM.Collect$$libinit$$0000000A  c_w.l(libinit2.o)
    0x08000202   0x08000202   0x00000000   Code   RO         6111    .ARM.Collect$$libinit$$0000000C  c_w.l(libinit2.o)
    0x08000202   0x08000202   0x00000000   Code   RO         6113    .ARM.Collect$$libinit$$0000000E  c_w.l(libinit2.o)
    0x08000202   0x08000202   0x00000000   Code   RO         6116    .ARM.Collect$$libinit$$00000011  c_w.l(libinit2.o)
    0x08000202   0x08000202   0x00000000   Code   RO         6118    .ARM.Collect$$libinit$$00000013  c_w.l(libinit2.o)
    0x08000202   0x08000202   0x00000000   Code   RO         6120    .ARM.Collect$$libinit$$00000015  c_w.l(libinit2.o)
    0x08000202   0x08000202   0x00000000   Code   RO         6122    .ARM.Collect$$libinit$$00000017  c_w.l(libinit2.o)
    0x08000202   0x08000202   0x00000000   Code   RO         6124    .ARM.Collect$$libinit$$00000019  c_w.l(libinit2.o)
    0x08000202   0x08000202   0x00000000   Code   RO         6126    .ARM.Collect$$libinit$$0000001B  c_w.l(libinit2.o)
    0x08000202   0x08000202   0x00000000   Code   RO         6128    .ARM.Collect$$libinit$$0000001D  c_w.l(libinit2.o)
    0x08000202   0x08000202   0x00000000   Code   RO         6130    .ARM.Collect$$libinit$$0000001F  c_w.l(libinit2.o)
    0x08000202   0x08000202   0x00000000   Code   RO         6132    .ARM.Collect$$libinit$$00000021  c_w.l(libinit2.o)
    0x08000202   0x08000202   0x00000000   Code   RO         6134    .ARM.Collect$$libinit$$00000023  c_w.l(libinit2.o)
    0x08000202   0x08000202   0x00000000   Code   RO         6136    .ARM.Collect$$libinit$$00000025  c_w.l(libinit2.o)
    0x08000202   0x08000202   0x00000000   Code   RO         6140    .ARM.Collect$$libinit$$0000002C  c_w.l(libinit2.o)
    0x08000202   0x08000202   0x00000000   Code   RO         6142    .ARM.Collect$$libinit$$0000002E  c_w.l(libinit2.o)
    0x08000202   0x08000202   0x00000000   Code   RO         6144    .ARM.Collect$$libinit$$00000030  c_w.l(libinit2.o)
    0x08000202   0x08000202   0x00000000   Code   RO         6146    .ARM.Collect$$libinit$$00000032  c_w.l(libinit2.o)
    0x08000202   0x08000202   0x00000002   Code   RO         6147    .ARM.Collect$$libinit$$00000033  c_w.l(libinit2.o)
    0x08000204   0x08000204   0x00000002   Code   RO         6313    .ARM.Collect$$libshutdown$$00000000  c_w.l(libshutdown.o)
    0x08000206   0x08000206   0x00000000   Code   RO         6273    .ARM.Collect$$libshutdown$$00000003  c_w.l(libshutdown2.o)
    0x08000206   0x08000206   0x00000000   Code   RO         6276    .ARM.Collect$$libshutdown$$00000006  c_w.l(libshutdown2.o)
    0x08000206   0x08000206   0x00000000   Code   RO         6279    .ARM.Collect$$libshutdown$$00000009  c_w.l(libshutdown2.o)
    0x08000206   0x08000206   0x00000000   Code   RO         6281    .ARM.Collect$$libshutdown$$0000000B  c_w.l(libshutdown2.o)
    0x08000206   0x08000206   0x00000000   Code   RO         6284    .ARM.Collect$$libshutdown$$0000000E  c_w.l(libshutdown2.o)
    0x08000206   0x08000206   0x00000002   Code   RO         6285    .ARM.Collect$$libshutdown$$0000000F  c_w.l(libshutdown2.o)
    0x08000208   0x08000208   0x00000000   Code   RO         6067    .ARM.Collect$$rtentry$$00000000  c_w.l(__rtentry.o)
    0x08000208   0x08000208   0x00000000   Code   RO         6188    .ARM.Collect$$rtentry$$00000002  c_w.l(__rtentry2.o)
    0x08000208   0x08000208   0x00000006   Code   RO         6200    .ARM.Collect$$rtentry$$00000004  c_w.l(__rtentry4.o)
    0x0800020e   0x0800020e   0x00000000   Code   RO         6190    .ARM.Collect$$rtentry$$00000009  c_w.l(__rtentry2.o)
    0x0800020e   0x0800020e   0x00000004   Code   RO         6191    .ARM.Collect$$rtentry$$0000000A  c_w.l(__rtentry2.o)
    0x08000212   0x08000212   0x00000000   Code   RO         6193    .ARM.Collect$$rtentry$$0000000C  c_w.l(__rtentry2.o)
    0x08000212   0x08000212   0x00000008   Code   RO         6194    .ARM.Collect$$rtentry$$0000000D  c_w.l(__rtentry2.o)
    0x0800021a   0x0800021a   0x00000002   Code   RO         6259    .ARM.Collect$$rtexit$$00000000  c_w.l(rtexit.o)
    0x0800021c   0x0800021c   0x00000000   Code   RO         6289    .ARM.Collect$$rtexit$$00000002  c_w.l(rtexit2.o)
    0x0800021c   0x0800021c   0x00000004   Code   RO         6290    .ARM.Collect$$rtexit$$00000003  c_w.l(rtexit2.o)
    0x08000220   0x08000220   0x00000006   Code   RO         6291    .ARM.Collect$$rtexit$$00000004  c_w.l(rtexit2.o)
    0x08000226   0x08000226   0x00000002   PAD
    0x08000228   0x08000228   0x000000be   Code   RO         5142    .emb_text           port.o
    0x080002e6   0x080002e6   0x00000002   PAD
    0x080002e8   0x080002e8   0x00000040   Code   RO            4    .text               startup_stm32f405xx.o
    0x08000328   0x08000328   0x000000ee   Code   RO         5935    .text               c_w.l(lludivv7m.o)
    0x08000416   0x08000416   0x0000008a   Code   RO         5941    .text               c_w.l(rt_memcpy_v6.o)
    0x080004a0   0x080004a0   0x00000064   Code   RO         5943    .text               c_w.l(rt_memcpy_w.o)
    0x08000504   0x08000504   0x00000010   Code   RO         5947    .text               c_w.l(aeabi_memset.o)
    0x08000514   0x08000514   0x0000004e   Code   RO         5949    .text               c_w.l(rt_memclr_w.o)
    0x08000562   0x08000562   0x00000006   Code   RO         5951    .text               c_w.l(heapauxi.o)
    0x08000568   0x08000568   0x00000044   Code   RO         6099    .text               c_w.l(rt_memclr.o)
    0x080005ac   0x080005ac   0x00000008   Code   RO         6184    .text               c_w.l(libspace.o)
    0x080005b4   0x080005b4   0x00000002   Code   RO         6228    .text               c_w.l(use_no_semi.o)
    0x080005b6   0x080005b6   0x00000000   Code   RO         6230    .text               c_w.l(indicate_semi.o)
    0x080005b6   0x080005b6   0x0000004a   Code   RO         6231    .text               c_w.l(sys_stackheap_outer.o)
    0x08000600   0x08000600   0x0000000c   Code   RO         6237    .text               c_w.l(exit.o)
    0x0800060c   0x0800060c   0x0000000c   Code   RO         6257    .text               c_w.l(sys_exit.o)
    0x08000618   0x08000618   0x0000007e   Code   RO          680    i.ADC_DMAConvCplt   stm32f4xx_hal_adc.o
    0x08000696   0x08000696   0x0000001a   Code   RO          681    i.ADC_DMAError      stm32f4xx_hal_adc.o
    0x080006b0   0x080006b0   0x0000000e   Code   RO          682    i.ADC_DMAHalfConvCplt  stm32f4xx_hal_adc.o
    0x080006be   0x080006be   0x00000002   PAD
    0x080006c0   0x080006c0   0x00000160   Code   RO          683    i.ADC_Init          stm32f4xx_hal_adc.o
    0x08000820   0x08000820   0x0000003a   Code   RO         5263    i.AS504x_deserialize_diag  foc_encoders.o
    0x0800085a   0x0800085a   0x0000002e   Code   RO         5264    i.AS504x_determinate_if_connected  foc_encoders.o
    0x08000888   0x08000888   0x00000046   Code   RO         5265    i.AS504x_fetch_clear_err_diag  foc_encoders.o
    0x080008ce   0x080008ce   0x00000002   PAD
    0x080008d0   0x080008d0   0x00000090   Code   RO         5266    i.AS504x_fetch_diag  foc_encoders.o
    0x08000960   0x08000960   0x00000036   Code   RO         5267    i.AS504x_spi_transfer_err_check  foc_encoders.o
    0x08000996   0x08000996   0x0000002a   Code   RO         5268    i.AS504x_verify_serial  foc_encoders.o
    0x080009c0   0x080009c0   0x00000004   Code   RO          529    i.BusFault_Handler  stm32f4xx_it.o
    0x080009c4   0x080009c4   0x00000010   Code   RO          530    i.CAN1_TX_IRQHandler  stm32f4xx_it.o
    0x080009d4   0x080009d4   0x00000010   Code   RO          531    i.DMA2_Stream4_IRQHandler  stm32f4xx_it.o
    0x080009e4   0x080009e4   0x00000034   Code   RO         1462    i.DMA_CalcBaseAndBitshift  stm32f4xx_hal_dma.o
    0x08000a18   0x08000a18   0x000000aa   Code   RO         1463    i.DMA_CheckFifoParam  stm32f4xx_hal_dma.o
    0x08000ac2   0x08000ac2   0x0000002c   Code   RO         1464    i.DMA_SetConfig     stm32f4xx_hal_dma.o
    0x08000aee   0x08000aee   0x00000002   Code   RO          532    i.DebugMon_Handler  stm32f4xx_it.o
    0x08000af0   0x08000af0   0x00000006   Code   RO           13    i.Error_Handler     main.o
    0x08000af6   0x08000af6   0x00000002   PAD
    0x08000af8   0x08000af8   0x00000228   Code   RO          853    i.HAL_ADCEx_InjectedConfigChannel  stm32f4xx_hal_adc_ex.o
    0x08000d20   0x08000d20   0x00000060   Code   RO          861    i.HAL_ADCEx_MultiModeConfigChannel  stm32f4xx_hal_adc_ex.o
    0x08000d80   0x08000d80   0x0000018c   Code   RO          685    i.HAL_ADC_ConfigChannel  stm32f4xx_hal_adc.o
    0x08000f0c   0x08000f0c   0x00000002   Code   RO          686    i.HAL_ADC_ConvCpltCallback  stm32f4xx_hal_adc.o
    0x08000f0e   0x08000f0e   0x00000002   Code   RO          687    i.HAL_ADC_ConvHalfCpltCallback  stm32f4xx_hal_adc.o
    0x08000f10   0x08000f10   0x00000002   Code   RO          689    i.HAL_ADC_ErrorCallback  stm32f4xx_hal_adc.o
    0x08000f12   0x08000f12   0x00000002   PAD
    0x08000f14   0x08000f14   0x00000068   Code   RO          694    i.HAL_ADC_Init      stm32f4xx_hal_adc.o
    0x08000f7c   0x08000f7c   0x0000022c   Code   RO          338    i.HAL_ADC_MspInit   adc.o
    0x080011a8   0x080011a8   0x000001bc   Code   RO          701    i.HAL_ADC_Start_DMA  stm32f4xx_hal_adc.o
    0x08001364   0x08001364   0x00000002   Code   RO         2164    i.HAL_CAN_ErrorCallback  stm32f4xx_hal_can.o
    0x08001366   0x08001366   0x0000024e   Code   RO         2171    i.HAL_CAN_IRQHandler  stm32f4xx_hal_can.o
    0x080015b4   0x080015b4   0x00000174   Code   RO         2172    i.HAL_CAN_Init      stm32f4xx_hal_can.o
    0x08001728   0x08001728   0x00000098   Code   RO          392    i.HAL_CAN_MspInit   can.o
    0x080017c0   0x080017c0   0x00000002   Code   RO         2179    i.HAL_CAN_RxFifo0FullCallback  stm32f4xx_hal_can.o
    0x080017c2   0x080017c2   0x00000002   Code   RO         2180    i.HAL_CAN_RxFifo0MsgPendingCallback  stm32f4xx_hal_can.o
    0x080017c4   0x080017c4   0x00000002   Code   RO         2181    i.HAL_CAN_RxFifo1FullCallback  stm32f4xx_hal_can.o
    0x080017c6   0x080017c6   0x00000002   Code   RO         2182    i.HAL_CAN_RxFifo1MsgPendingCallback  stm32f4xx_hal_can.o
    0x080017c8   0x080017c8   0x00000002   Code   RO         2183    i.HAL_CAN_SleepCallback  stm32f4xx_hal_can.o
    0x080017ca   0x080017ca   0x00000002   Code   RO         2186    i.HAL_CAN_TxMailbox0AbortCallback  stm32f4xx_hal_can.o
    0x080017cc   0x080017cc   0x00000002   Code   RO         2187    i.HAL_CAN_TxMailbox0CompleteCallback  stm32f4xx_hal_can.o
    0x080017ce   0x080017ce   0x00000002   Code   RO         2188    i.HAL_CAN_TxMailbox1AbortCallback  stm32f4xx_hal_can.o
    0x080017d0   0x080017d0   0x00000002   Code   RO         2189    i.HAL_CAN_TxMailbox1CompleteCallback  stm32f4xx_hal_can.o
    0x080017d2   0x080017d2   0x00000002   Code   RO         2190    i.HAL_CAN_TxMailbox2AbortCallback  stm32f4xx_hal_can.o
    0x080017d4   0x080017d4   0x00000002   Code   RO         2191    i.HAL_CAN_TxMailbox2CompleteCallback  stm32f4xx_hal_can.o
    0x080017d6   0x080017d6   0x00000002   Code   RO         2193    i.HAL_CAN_WakeUpFromRxMsgCallback  stm32f4xx_hal_can.o
    0x080017d8   0x080017d8   0x00000240   Code   RO         1470    i.HAL_DMA_IRQHandler  stm32f4xx_hal_dma.o
    0x08001a18   0x08001a18   0x000000ec   Code   RO         1471    i.HAL_DMA_Init      stm32f4xx_hal_dma.o
    0x08001b04   0x08001b04   0x00000060   Code   RO         1473    i.HAL_DMA_RegisterCallback  stm32f4xx_hal_dma.o
    0x08001b64   0x08001b64   0x00000092   Code   RO         1475    i.HAL_DMA_Start_IT  stm32f4xx_hal_dma.o
    0x08001bf6   0x08001bf6   0x00000002   PAD
    0x08001bf8   0x08001bf8   0x000001f4   Code   RO         1358    i.HAL_GPIO_Init     stm32f4xx_hal_gpio.o
    0x08001dec   0x08001dec   0x00000010   Code   RO         1360    i.HAL_GPIO_ReadPin  stm32f4xx_hal_gpio.o
    0x08001dfc   0x08001dfc   0x0000000c   Code   RO         1362    i.HAL_GPIO_WritePin  stm32f4xx_hal_gpio.o
    0x08001e08   0x08001e08   0x0000000c   Code   RO         1913    i.HAL_GetTick       stm32f4xx_hal.o
    0x08001e14   0x08001e14   0x00000018   Code   RO         1919    i.HAL_IncTick       stm32f4xx_hal.o
    0x08001e2c   0x08001e2c   0x0000003c   Code   RO         1920    i.HAL_Init          stm32f4xx_hal.o
    0x08001e68   0x08001e68   0x000000b4   Code   RO          641    i.HAL_InitTick      stm32f4xx_hal_timebase_tim.o
    0x08001f1c   0x08001f1c   0x00000054   Code   RO          617    i.HAL_MspInit       stm32f4xx_hal_msp.o
    0x08001f70   0x08001f70   0x00000028   Code   RO         1750    i.HAL_NVIC_EnableIRQ  stm32f4xx_hal_cortex.o
    0x08001f98   0x08001f98   0x0000007c   Code   RO         1756    i.HAL_NVIC_SetPriority  stm32f4xx_hal_cortex.o
    0x08002014   0x08002014   0x00000028   Code   RO         1757    i.HAL_NVIC_SetPriorityGrouping  stm32f4xx_hal_cortex.o
    0x0800203c   0x0800203c   0x00000184   Code   RO          959    i.HAL_RCC_ClockConfig  stm32f4xx_hal_rcc.o
    0x080021c0   0x080021c0   0x00000044   Code   RO          963    i.HAL_RCC_GetClockConfig  stm32f4xx_hal_rcc.o
    0x08002204   0x08002204   0x0000000c   Code   RO          964    i.HAL_RCC_GetHCLKFreq  stm32f4xx_hal_rcc.o
    0x08002210   0x08002210   0x00000020   Code   RO          966    i.HAL_RCC_GetPCLK1Freq  stm32f4xx_hal_rcc.o
    0x08002230   0x08002230   0x000000b0   Code   RO          968    i.HAL_RCC_GetSysClockFreq  stm32f4xx_hal_rcc.o
    0x080022e0   0x080022e0   0x0000049c   Code   RO          971    i.HAL_RCC_OscConfig  stm32f4xx_hal_rcc.o
    0x0800277c   0x0800277c   0x00000002   Code   RO         3109    i.HAL_TIMEx_BreakCallback  stm32f4xx_hal_tim_ex.o
    0x0800277e   0x0800277e   0x00000002   Code   RO         3110    i.HAL_TIMEx_CommutCallback  stm32f4xx_hal_tim_ex.o
    0x08002780   0x08002780   0x00000074   Code   RO         3112    i.HAL_TIMEx_ConfigBreakDeadTime  stm32f4xx_hal_tim_ex.o
    0x080027f4   0x080027f4   0x000000b4   Code   RO         3128    i.HAL_TIMEx_MasterConfigSynchronization  stm32f4xx_hal_tim_ex.o
    0x080028a8   0x080028a8   0x00000066   Code   RO         2394    i.HAL_TIM_Base_Init  stm32f4xx_hal_tim.o
    0x0800290e   0x0800290e   0x00000002   PAD
    0x08002910   0x08002910   0x00000118   Code   RO          458    i.HAL_TIM_Base_MspInit  tim.o
    0x08002a28   0x08002a28   0x000000a8   Code   RO         2399    i.HAL_TIM_Base_Start_IT  stm32f4xx_hal_tim.o
    0x08002ad0   0x08002ad0   0x0000010c   Code   RO         2403    i.HAL_TIM_ConfigClockSource  stm32f4xx_hal_tim.o
    0x08002bdc   0x08002bdc   0x00000002   Code   RO         2428    i.HAL_TIM_IC_CaptureCallback  stm32f4xx_hal_tim.o
    0x08002bde   0x08002bde   0x0000016c   Code   RO         2442    i.HAL_TIM_IRQHandler  stm32f4xx_hal_tim.o
    0x08002d4a   0x08002d4a   0x00000002   PAD
    0x08002d4c   0x08002d4c   0x000000a0   Code   RO          459    i.HAL_TIM_MspPostInit  tim.o
    0x08002dec   0x08002dec   0x00000002   Code   RO         2445    i.HAL_TIM_OC_DelayElapsedCallback  stm32f4xx_hal_tim.o
    0x08002dee   0x08002dee   0x00000104   Code   RO         2466    i.HAL_TIM_PWM_ConfigChannel  stm32f4xx_hal_tim.o
    0x08002ef2   0x08002ef2   0x00000066   Code   RO         2469    i.HAL_TIM_PWM_Init  stm32f4xx_hal_tim.o
    0x08002f58   0x08002f58   0x00000002   Code   RO         2471    i.HAL_TIM_PWM_MspInit  stm32f4xx_hal_tim.o
    0x08002f5a   0x08002f5a   0x00000002   Code   RO         2472    i.HAL_TIM_PWM_PulseFinishedCallback  stm32f4xx_hal_tim.o
    0x08002f5c   0x08002f5c   0x0000002c   Code   RO           14    i.HAL_TIM_PeriodElapsedCallback  main.o
    0x08002f88   0x08002f88   0x0000006c   Code   RO         2483    i.HAL_TIM_SlaveConfigSynchro  stm32f4xx_hal_tim.o
    0x08002ff4   0x08002ff4   0x00000002   Code   RO         2485    i.HAL_TIM_TriggerCallback  stm32f4xx_hal_tim.o
    0x08002ff6   0x08002ff6   0x00000004   Code   RO          533    i.HardFault_Handler  stm32f4xx_it.o
    0x08002ffa   0x08002ffa   0x00000002   PAD
    0x08002ffc   0x08002ffc   0x00000124   Code   RO          339    i.MX_ADC1_Init      adc.o
    0x08003120   0x08003120   0x000000c8   Code   RO          340    i.MX_ADC2_Init      adc.o
    0x080031e8   0x080031e8   0x000000f0   Code   RO          341    i.MX_ADC3_Init      adc.o
    0x080032d8   0x080032d8   0x00000044   Code   RO          393    i.MX_CAN1_Init      can.o
    0x0800331c   0x0800331c   0x00000038   Code   RO          433    i.MX_DMA_Init       dma.o
    0x08003354   0x08003354   0x0000006c   Code   RO          268    i.MX_FREERTOS_Init  freertos.o
    0x080033c0   0x080033c0   0x00000118   Code   RO          244    i.MX_GPIO_Init      gpio.o
    0x080034d8   0x080034d8   0x00000104   Code   RO          460    i.MX_TIM1_Init      tim.o
    0x080035dc   0x080035dc   0x000000e0   Code   RO          461    i.MX_TIM2_Init      tim.o
    0x080036bc   0x080036bc   0x0000006c   Code   RO          462    i.MX_TIM3_Init      tim.o
    0x08003728   0x08003728   0x0000006c   Code   RO          463    i.MX_TIM4_Init      tim.o
    0x08003794   0x08003794   0x0000006c   Code   RO          464    i.MX_TIM5_Init      tim.o
    0x08003800   0x08003800   0x00000004   Code   RO          534    i.MemManage_Handler  stm32f4xx_it.o
    0x08003804   0x08003804   0x00000004   Code   RO          535    i.NMI_Handler       stm32f4xx_it.o
    0x08003808   0x08003808   0x0000000a   Code   RO          269    i.StartDefaultTask  freertos.o
    0x08003812   0x08003812   0x00000016   Code   RO         4557    i.SysTick_Handler   cmsis_os2.o
    0x08003828   0x08003828   0x000000b4   Code   RO           15    i.SystemClock_Config  main.o
    0x080038dc   0x080038dc   0x00000014   Code   RO         3377    i.SystemInit        system_stm32f4xx.o
    0x080038f0   0x080038f0   0x00000010   Code   RO          536    i.TIM3_IRQHandler   stm32f4xx_it.o
    0x08003900   0x08003900   0x00000010   Code   RO          537    i.TIM4_IRQHandler   stm32f4xx_it.o
    0x08003910   0x08003910   0x00000010   Code   RO          538    i.TIM8_TRG_COM_TIM14_IRQHandler  stm32f4xx_it.o
    0x08003920   0x08003920   0x000000e0   Code   RO         2487    i.TIM_Base_SetConfig  stm32f4xx_hal_tim.o
    0x08003a00   0x08003a00   0x00000016   Code   RO         2498    i.TIM_ETR_SetConfig  stm32f4xx_hal_tim.o
    0x08003a16   0x08003a16   0x00000012   Code   RO         2499    i.TIM_ITRx_SetConfig  stm32f4xx_hal_tim.o
    0x08003a28   0x08003a28   0x00000070   Code   RO         2500    i.TIM_OC1_SetConfig  stm32f4xx_hal_tim.o
    0x08003a98   0x08003a98   0x0000007c   Code   RO         2501    i.TIM_OC2_SetConfig  stm32f4xx_hal_tim.o
    0x08003b14   0x08003b14   0x00000078   Code   RO         2502    i.TIM_OC3_SetConfig  stm32f4xx_hal_tim.o
    0x08003b8c   0x08003b8c   0x00000054   Code   RO         2503    i.TIM_OC4_SetConfig  stm32f4xx_hal_tim.o
    0x08003be0   0x08003be0   0x000000b2   Code   RO         2504    i.TIM_SlaveTimer_SetConfig  stm32f4xx_hal_tim.o
    0x08003c92   0x08003c92   0x00000026   Code   RO         2505    i.TIM_TI1_ConfigInputStage  stm32f4xx_hal_tim.o
    0x08003cb8   0x08003cb8   0x00000028   Code   RO         2507    i.TIM_TI2_ConfigInputStage  stm32f4xx_hal_tim.o
    0x08003ce0   0x08003ce0   0x00000004   Code   RO          539    i.UsageFault_Handler  stm32f4xx_it.o
    0x08003ce4   0x08003ce4   0x00000010   Code   RO         1763    i.__NVIC_GetPriorityGrouping  stm32f4xx_hal_cortex.o
    0x08003cf4   0x08003cf4   0x00000028   Code   RO         1764    i.__NVIC_SetPriority  stm32f4xx_hal_cortex.o
    0x08003d1c   0x08003d1c   0x00000006   Code   RO         4559    i.__get_IPSR        cmsis_os2.o
    0x08003d22   0x08003d22   0x00000002   PAD
    0x08003d24   0x08003d24   0x00000228   Code   RO         5222    i.dma_tc_callback   foc_callbacks.o
    0x08003f4c   0x08003f4c   0x00000018   Code   RO         5270    i.enc_as504x_init   foc_encoders.o
    0x08003f64   0x08003f64   0x00000270   Code   RO         5272    i.enc_as504x_routine  foc_encoders.o
    0x080041d4   0x080041d4   0x00000028   Code   RO         5351    i.foc_adc_init      foc_interface.o
    0x080041fc   0x080041fc   0x0000000a   Code   RO          270    i.foc_comm_thread   freertos.o
    0x08004206   0x08004206   0x00000002   PAD
    0x08004208   0x08004208   0x00000144   Code   RO         5352    i.foc_config_init   foc_interface.o
    0x0800434c   0x0800434c   0x00000014   Code   RO         5353    i.foc_init          foc_interface.o
    0x08004360   0x08004360   0x0000000e   Code   RO          271    i.foc_pid_thread    freertos.o
    0x0800436e   0x0800436e   0x0000000a   Code   RO          272    i.foc_sensor_thread  freertos.o
    0x08004378   0x08004378   0x00000130   Code   RO         5354    i.interface_run_pid  foc_interface.o
    0x080044a8   0x080044a8   0x00000018   Code   RO         5273    i.long_delay        foc_encoders.o
    0x080044c0   0x080044c0   0x00000054   Code   RO           16    i.main              main.o
    0x08004514   0x08004514   0x0000001e   Code   RO         4560    i.osDelay           cmsis_os2.o
    0x08004532   0x08004532   0x00000002   PAD
    0x08004534   0x08004534   0x0000002c   Code   RO         4574    i.osKernelInitialize  cmsis_os2.o
    0x08004560   0x08004560   0x00000060   Code   RO         4577    i.osKernelStart     cmsis_os2.o
    0x080045c0   0x080045c0   0x000000b8   Code   RO         4619    i.osThreadNew       cmsis_os2.o
    0x08004678   0x08004678   0x0000007c   Code   RO         3994    i.prvAddCurrentTaskToDelayedList  tasks.o
    0x080046f4   0x080046f4   0x000000b8   Code   RO         3995    i.prvAddNewTaskToReadyList  tasks.o
    0x080047ac   0x080047ac   0x00000074   Code   RO         4370    i.prvCheckForValidListAndQueue  timers.o
    0x08004820   0x08004820   0x00000048   Code   RO         3996    i.prvCheckTasksWaitingTermination  tasks.o
    0x08004868   0x08004868   0x0000002a   Code   RO         3581    i.prvCopyDataFromQueue  queue.o
    0x08004892   0x08004892   0x0000007e   Code   RO         3582    i.prvCopyDataToQueue  queue.o
    0x08004910   0x08004910   0x00000050   Code   RO         3997    i.prvDeleteTCB      tasks.o
    0x08004960   0x08004960   0x00000028   Code   RO         4371    i.prvGetNextExpireTime  timers.o
    0x08004988   0x08004988   0x0000007c   Code   RO         5087    i.prvHeapInit       heap_4.o
    0x08004a04   0x08004a04   0x00000028   Code   RO         3998    i.prvIdleTask       tasks.o
    0x08004a2c   0x08004a2c   0x0000002a   Code   RO         3585    i.prvInitialiseNewQueue  queue.o
    0x08004a56   0x08004a56   0x000000be   Code   RO         3999    i.prvInitialiseNewTask  tasks.o
    0x08004b14   0x08004b14   0x00000068   Code   RO         4000    i.prvInitialiseTaskLists  tasks.o
    0x08004b7c   0x08004b7c   0x00000068   Code   RO         5088    i.prvInsertBlockIntoFreeList  heap_4.o
    0x08004be4   0x08004be4   0x00000058   Code   RO         4373    i.prvInsertTimerInActiveList  timers.o
    0x08004c3c   0x08004c3c   0x0000001a   Code   RO         3586    i.prvIsQueueEmpty   queue.o
    0x08004c56   0x08004c56   0x0000001e   Code   RO         3587    i.prvIsQueueFull    queue.o
    0x08004c74   0x08004c74   0x00000074   Code   RO         4374    i.prvProcessExpiredTimer  timers.o
    0x08004ce8   0x08004ce8   0x00000164   Code   RO         4375    i.prvProcessReceivedCommands  timers.o
    0x08004e4c   0x08004e4c   0x00000074   Code   RO         4376    i.prvProcessTimerOrBlockTask  timers.o
    0x08004ec0   0x08004ec0   0x00000034   Code   RO         4002    i.prvResetNextTaskUnblockTime  tasks.o
    0x08004ef4   0x08004ef4   0x0000002c   Code   RO         4377    i.prvSampleTimeNow  timers.o
    0x08004f20   0x08004f20   0x000000a4   Code   RO         4378    i.prvSwitchTimerLists  timers.o
    0x08004fc4   0x08004fc4   0x00000040   Code   RO         5143    i.prvTaskExitError  port.o
    0x08005004   0x08005004   0x0000001a   Code   RO         4379    i.prvTimerTask      timers.o
    0x0800501e   0x0800501e   0x0000007e   Code   RO         3588    i.prvUnlockQueue    queue.o
    0x0800509c   0x0800509c   0x0000014c   Code   RO         5089    i.pvPortMalloc      heap_4.o
    0x080051e8   0x080051e8   0x0000002c   Code   RO         5144    i.pxPortInitialiseStack  port.o
    0x08005214   0x08005214   0x00000018   Code   RO         5775    i.spi_bb_begin      spi_bb.o
    0x0800522c   0x0800522c   0x00000018   Code   RO         5776    i.spi_bb_check_parity  spi_bb.o
    0x08005244   0x08005244   0x00000018   Code   RO         5778    i.spi_bb_delay      spi_bb.o
    0x0800525c   0x0800525c   0x0000000a   Code   RO         5779    i.spi_bb_delay_short  spi_bb.o
    0x08005266   0x08005266   0x00000018   Code   RO         5780    i.spi_bb_end        spi_bb.o
    0x0800527e   0x0800527e   0x00000002   Code   RO         5782    i.spi_bb_init       spi_bb.o
    0x08005280   0x08005280   0x000000c6   Code   RO         5783    i.spi_bb_transfer_16  spi_bb.o
    0x08005346   0x08005346   0x00000002   PAD
    0x08005348   0x08005348   0x00000020   Code   RO         5731    i.timer_seconds_elapsed_since  timer.o
    0x08005368   0x08005368   0x0000000c   Code   RO         5733    i.timer_time_now    timer.o
    0x08005374   0x08005374   0x00000626   Code   RO         5534    i.utils_fast_sincos_better  utils_math.o
    0x0800599a   0x0800599a   0x00000030   Code   RO         5362    i.utils_truncate_number_abs  foc_interface.o
    0x080059ca   0x080059ca   0x00000028   Code   RO         3541    i.uxListRemove      list.o
    0x080059f2   0x080059f2   0x00000002   PAD
    0x080059f4   0x080059f4   0x00000018   Code   RO         4631    i.vApplicationGetIdleTaskMemory  cmsis_os2.o
    0x08005a0c   0x08005a0c   0x00000018   Code   RO         4632    i.vApplicationGetTimerTaskMemory  cmsis_os2.o
    0x08005a24   0x08005a24   0x0000001a   Code   RO         3542    i.vListInitialise   list.o
    0x08005a3e   0x08005a3e   0x00000006   Code   RO         3543    i.vListInitialiseItem  list.o
    0x08005a44   0x08005a44   0x00000034   Code   RO         3544    i.vListInsert       list.o
    0x08005a78   0x08005a78   0x00000018   Code   RO         3545    i.vListInsertEnd    list.o
    0x08005a90   0x08005a90   0x00000054   Code   RO         5146    i.vPortEnterCritical  port.o
    0x08005ae4   0x08005ae4   0x0000003c   Code   RO         5147    i.vPortExitCritical  port.o
    0x08005b20   0x08005b20   0x000000a4   Code   RO         5090    i.vPortFree         heap_4.o
    0x08005bc4   0x08005bc4   0x00000028   Code   RO         5148    i.vPortSetupTimerInterrupt  port.o
    0x08005bec   0x08005bec   0x00000078   Code   RO         5149    i.vPortValidateInterruptPriority  port.o
    0x08005c64   0x08005c64   0x0000002c   Code   RO         3594    i.vQueueAddToRegistry  queue.o
    0x08005c90   0x08005c90   0x0000004a   Code   RO         3598    i.vQueueWaitForMessageRestricted  queue.o
    0x08005cda   0x08005cda   0x00000002   PAD
    0x08005cdc   0x08005cdc   0x0000005c   Code   RO         4015    i.vTaskDelay        tasks.o
    0x08005d38   0x08005d38   0x00000018   Code   RO         4020    i.vTaskInternalSetTimeOutState  tasks.o
    0x08005d50   0x08005d50   0x0000000c   Code   RO         4021    i.vTaskMissedYield  tasks.o
    0x08005d5c   0x08005d5c   0x00000038   Code   RO         4023    i.vTaskPlaceOnEventList  tasks.o
    0x08005d94   0x08005d94   0x00000040   Code   RO         4024    i.vTaskPlaceOnEventListRestricted  tasks.o
    0x08005dd4   0x08005dd4   0x000000b8   Code   RO         4032    i.vTaskStartScheduler  tasks.o
    0x08005e8c   0x08005e8c   0x00000010   Code   RO         4034    i.vTaskSuspendAll   tasks.o
    0x08005e9c   0x08005e9c   0x00000090   Code   RO         4035    i.vTaskSwitchContext  tasks.o
    0x08005f2c   0x08005f2c   0x00000168   Code   RO         5150    i.xPortStartScheduler  port.o
    0x08006094   0x08006094   0x00000034   Code   RO         5151    i.xPortSysTickHandler  port.o
    0x080060c8   0x080060c8   0x000000e0   Code   RO         3604    i.xQueueGenericCreateStatic  queue.o
    0x080061a8   0x080061a8   0x00000098   Code   RO         3605    i.xQueueGenericReset  queue.o
    0x08006240   0x08006240   0x000001a8   Code   RO         3606    i.xQueueGenericSend  queue.o
    0x080063e8   0x080063e8   0x000000fc   Code   RO         3607    i.xQueueGenericSendFromISR  queue.o
    0x080064e4   0x080064e4   0x00000168   Code   RO         3616    i.xQueueReceive     queue.o
    0x0800664c   0x0800664c   0x0000008c   Code   RO         4037    i.xTaskCheckForTimeOut  tasks.o
    0x080066d8   0x080066d8   0x00000064   Code   RO         4038    i.xTaskCreate       tasks.o
    0x0800673c   0x0800673c   0x000000ba   Code   RO         4039    i.xTaskCreateStatic  tasks.o
    0x080067f6   0x080067f6   0x00000002   PAD
    0x080067f8   0x080067f8   0x00000020   Code   RO         4043    i.xTaskGetSchedulerState  tasks.o
    0x08006818   0x08006818   0x0000000c   Code   RO         4044    i.xTaskGetTickCount  tasks.o
    0x08006824   0x08006824   0x00000144   Code   RO         4046    i.xTaskIncrementTick  tasks.o
    0x08006968   0x08006968   0x000000a4   Code   RO         4049    i.xTaskPriorityDisinherit  tasks.o
    0x08006a0c   0x08006a0c   0x00000098   Code   RO         4051    i.xTaskRemoveFromEventList  tasks.o
    0x08006aa4   0x08006aa4   0x00000104   Code   RO         4052    i.xTaskResumeAll    tasks.o
    0x08006ba8   0x08006ba8   0x00000078   Code   RO         4388    i.xTimerCreateTimerTask  timers.o
    0x08006c20   0x08006c20   0x00000084   Code   RO         4389    i.xTimerGenericCommand  timers.o
    0x08006ca4   0x08006ca4   0x00000062   Code   RO         5957    x$fpl$d2f           fz_wm.l(d2f.o)
    0x08006d06   0x08006d06   0x00000002   PAD
    0x08006d08   0x08006d08   0x00000150   Code   RO         5959    x$fpl$dadd          fz_wm.l(daddsub_clz.o)
    0x08006e58   0x08006e58   0x00000018   Code   RO         6148    x$fpl$dcmpinf       fz_wm.l(dcmpi.o)
    0x08006e70   0x08006e70   0x000002b0   Code   RO         5966    x$fpl$ddiv          fz_wm.l(ddiv.o)
    0x08007120   0x08007120   0x00000078   Code   RO         5981    x$fpl$dleqf         fz_wm.l(dleqf.o)
    0x08007198   0x08007198   0x00000154   Code   RO         5983    x$fpl$dmul          fz_wm.l(dmul.o)
    0x080072ec   0x080072ec   0x0000009c   Code   RO         6150    x$fpl$dnaninf       fz_wm.l(dnaninf.o)
    0x08007388   0x08007388   0x0000000c   Code   RO         6152    x$fpl$dretinf       fz_wm.l(dretinf.o)
    0x08007394   0x08007394   0x0000006c   Code   RO         5985    x$fpl$drleqf        fz_wm.l(drleqf.o)
    0x08007400   0x08007400   0x000001d4   Code   RO         5961    x$fpl$dsub          fz_wm.l(daddsub_clz.o)
    0x080075d4   0x080075d4   0x00000056   Code   RO         5987    x$fpl$f2d           fz_wm.l(f2d.o)
    0x0800762a   0x0800762a   0x0000008c   Code   RO         6154    x$fpl$fnaninf       fz_wm.l(fnaninf.o)
    0x080076b6   0x080076b6   0x0000000a   Code   RO         6226    x$fpl$fpinit        fz_wm.l(fpinit.o)
    0x080076c0   0x080076c0   0x0000000a   Code   RO         6158    x$fpl$fretinf       fz_wm.l(fretinf.o)
    0x080076ca   0x080076ca   0x00000000   Code   RO         6162    x$fpl$usenofp       fz_wm.l(usenofp.o)
    0x080076ca   0x080076ca   0x00000002   PAD
    0x080076cc   0x080076cc   0x00000090   Data   RO          273    .constdata          freertos.o
    0x0800775c   0x0800775c   0x00000008   Data   RO         1477    .constdata          stm32f4xx_hal_dma.o
    0x08007764   0x08007764   0x00000018   Data   RO         3378    .constdata          system_stm32f4xx.o
    0x0800777c   0x0800777c   0x00000004   Data   RO         5275    .constdata          foc_encoders.o
    0x08007780   0x08007780   0x0000002b   Data   RO          274    .conststring        freertos.o
    0x080077ab   0x080077ab   0x00000001   PAD
    0x080077ac   0x080077ac   0x00000020   Data   RO         6314    Region$$Table       anon$$obj.o


    Execution Region RW_IRAM1 (Exec base: 0x20000000, Load base: 0x080077cc, Size: 0x00002dc0, Max: 0x0001c000, ABSOLUTE)

    Exec Addr    Load Addr    Size         Type   Attr      Idx    E Section Name        Object

    0x20000000   0x080077cc   0x00000010   Data   RW          275    .data               freertos.o
    0x20000010   0x080077dc   0x00000009   Data   RW         1927    .data               stm32f4xx_hal.o
    0x20000019   0x080077e5   0x00000003   PAD
    0x2000001c   0x080077e8   0x00000004   Data   RW         3379    .data               system_stm32f4xx.o
    0x20000020   0x080077ec   0x0000003c   Data   RW         4055    .data               tasks.o
    0x2000005c   0x08007828   0x00000014   Data   RW         4397    .data               timers.o
    0x20000070   0x0800783c   0x00000004   Data   RW         4634    .data               cmsis_os2.o
    0x20000074   0x08007840   0x00000020   Data   RW         5096    .data               heap_4.o
    0x20000094   0x08007860   0x0000000c   Data   RW         5152    .data               port.o
    0x200000a0        -       0x00000138   Zero   RW          342    .bss                adc.o
    0x200001d8        -       0x00000028   Zero   RW          394    .bss                can.o
    0x20000200        -       0x00000168   Zero   RW          465    .bss                tim.o
    0x20000368        -       0x00000048   Zero   RW          644    .bss                stm32f4xx_hal_timebase_tim.o
    0x200003b0        -       0x00000040   Zero   RW         3620    .bss                queue.o
    0x200003f0        -       0x000004c4   Zero   RW         4054    .bss                tasks.o
    0x200008b4        -       0x00000118   Zero   RW         4396    .bss                timers.o
    0x200009cc        -       0x000003b8   Zero   RW         4633    .bss                cmsis_os2.o
    0x20000d84        -       0x000014f0   Zero   RW         5095    .bss                heap_4.o
    0x20002274        -       0x0000008e   Zero   RW         5274    .bss                foc_encoders.o
    0x20002302   0x0800786c   0x00000002   PAD
    0x20002304        -       0x0000045c   Zero   RW         5363    .bss                foc_interface.o
    0x20002760        -       0x00000060   Zero   RW         6185    .bss                c_w.l(libspace.o)
    0x200027c0        -       0x00000200   Zero   RW            2    HEAP                startup_stm32f405xx.o
    0x200029c0        -       0x00000400   Zero   RW            1    STACK               startup_stm32f405xx.o


    Execution Region RW_IRAM2 (Exec base: 0x2001c000, Load base: 0x0800786c, Size: 0x00000000, Max: 0x00004000, ABSOLUTE)

    **** No section assigned to this execution region ****


==============================================================================

Image component sizes


      Code (inc. data)   RO Data    RW Data    ZI Data      Debug   Object Name

      1288         66          0          0        312       4037   adc.o
       220         22          0          0         40       1741   can.o
       430         40          0          4        952      66235   cmsis_os2.o
        56          4          0          0          0        806   dma.o
         0          0          0          0          0      19896   event_groups.o
       552         52          0          0          0      17802   foc_callbacks.o
      1086         38          4          0        142       7745   foc_encoders.o
       736         88          0          0       1116      20282   foc_interface.o
       152         48        187         16          0       3795   freertos.o
       280         14          0          0          0       1079   gpio.o
       724         74          0         32       5360       5415   heap_4.o
       148          0          0          0          0       4054   list.o
       314         26          0          0          0     696333   main.o
      1014         92          0         12          0      12685   port.o
      1922         20          0          0         64      18588   queue.o
       306          0          0          0          0       5013   spi_bb.o
        64         26        392          0       1536        864   startup_stm32f405xx.o
        96         20          0          9          0       8538   stm32f4xx_hal.o
      1468         66          0          0          0       8241   stm32f4xx_hal_adc.o
       648         16          0          0          0       2493   stm32f4xx_hal_adc_ex.o
       988          0          0          0          0      11687   stm32f4xx_hal_can.o
       260         22          0          0          0      34150   stm32f4xx_hal_cortex.o
      1320         22          8          0          0       6966   stm32f4xx_hal_dma.o
       528         46          0          0          0       3119   stm32f4xx_hal_gpio.o
        84          6          0          0          0        902   stm32f4xx_hal_msp.o
      1856         84          0          0          0       6262   stm32f4xx_hal_rcc.o
      2342        120          0          0          0      18349   stm32f4xx_hal_tim.o
       300         30          0          0          0       3753   stm32f4xx_hal_tim_ex.o
       180         20          0          0         72       1576   stm32f4xx_hal_timebase_tim.o
       102         30          0          0          0       5548   stm32f4xx_it.o
         0          0          0          0          0        392   stream_buffer.o
        20          6         24          4          0       1247   system_stm32f4xx.o
      2808        346          0         60       1220      30090   tasks.o
      1248         82          0          0        360       5736   tim.o
        44         14          0          0          0       1067   timer.o
      1318        124          0         20        280      34447   timers.o
      1574         64          0          0          0        887   utils_math.o

    ----------------------------------------------------------------------
     26508       1728        648        160      11456    1071820   Object Totals
         0          0         32          0          0          0   (incl. Generated)
        32          0          1          3          2          0   (incl. Padding)

    ----------------------------------------------------------------------

      Code (inc. data)   RO Data    RW Data    ZI Data      Debug   Library Member Name

         8          0          0          0          0         68   __main.o
         0          0          0          0          0          0   __rtentry.o
        12          0          0          0          0          0   __rtentry2.o
         6          0          0          0          0          0   __rtentry4.o
        52          8          0          0          0          0   __scatter.o
        26          0          0          0          0          0   __scatter_copy.o
        28          0          0          0          0          0   __scatter_zi.o
        16          0          0          0          0         68   aeabi_memset.o
        12          0          0          0          0         72   exit.o
         6          0          0          0          0        152   heapauxi.o
         0          0          0          0          0          0   indicate_semi.o
         2          0          0          0          0          0   libinit.o
         6          0          0          0          0          0   libinit2.o
         2          0          0          0          0          0   libshutdown.o
         2          0          0          0          0          0   libshutdown2.o
         8          4          0          0         96         68   libspace.o
       238          0          0          0          0        100   lludivv7m.o
        68          0          0          0          0         68   rt_memclr.o
        78          0          0          0          0         80   rt_memclr_w.o
       138          0          0          0          0         68   rt_memcpy_v6.o
       100          0          0          0          0         80   rt_memcpy_w.o
         2          0          0          0          0          0   rtexit.o
        10          0          0          0          0          0   rtexit2.o
        12          4          0          0          0         68   sys_exit.o
        74          0          0          0          0         80   sys_stackheap_outer.o
         2          0          0          0          0         68   use_no_semi.o
        98          4          0          0          0        140   d2f.o
       804         16          0          0          0        368   daddsub_clz.o
        24          0          0          0          0        116   dcmpi.o
       688        140          0          0          0        256   ddiv.o
       120          4          0          0          0        140   dleqf.o
       340         12          0          0          0        152   dmul.o
       156          4          0          0          0        140   dnaninf.o
        12          0          0          0          0        116   dretinf.o
       108          0          0          0          0        128   drleqf.o
        86          4          0          0          0        132   f2d.o
       140          4          0          0          0        132   fnaninf.o
        10          0          0          0          0        116   fpinit.o
        10          0          0          0          0        116   fretinf.o
         0          0          0          0          0          0   usenofp.o

    ----------------------------------------------------------------------
      3512        204          0          0         96       3092   Library Totals
         8          0          0          0          0          0   (incl. Padding)

    ----------------------------------------------------------------------

      Code (inc. data)   RO Data    RW Data    ZI Data      Debug   Library Name

       908         16          0          0         96       1040   c_w.l
      2596        188          0          0          0       2052   fz_wm.l

    ----------------------------------------------------------------------
      3512        204          0          0         96       3092   Library Totals

    ----------------------------------------------------------------------

==============================================================================


      Code (inc. data)   RO Data    RW Data    ZI Data      Debug   

     30020       1932        648        160      11552    1052444   Grand Totals
     30020       1932        648        160      11552    1052444   ELF Image Totals
     30020       1932        648        160          0          0   ROM Totals

==============================================================================

    Total RO  Size (Code + RO Data)                30668 (  29.95kB)
    Total RW  Size (RW Data + ZI Data)             11712 (  11.44kB)
    Total ROM Size (Code + RO Data + RW Data)      30828 (  30.11kB)

==============================================================================

