Component: ARM Compiler 5.05 update 1 (build 106) Tool: armlink [4d0efa]

==============================================================================

Section Cross References

    startup_stm32f405xx.o(STACK) refers (Special) to heapauxi.o(.text) for __use_two_region_memory
    startup_stm32f405xx.o(HEAP) refers (Special) to heapauxi.o(.text) for __use_two_region_memory
    startup_stm32f405xx.o(RESET) refers (Special) to heapauxi.o(.text) for __use_two_region_memory
    startup_stm32f405xx.o(RESET) refers to startup_stm32f405xx.o(STACK) for __initial_sp
    startup_stm32f405xx.o(RESET) refers to startup_stm32f405xx.o(.text) for Reset_Handler
    startup_stm32f405xx.o(RESET) refers to stm32f4xx_it.o(i.NMI_Handler) for NMI_Handler
    startup_stm32f405xx.o(RESET) refers to stm32f4xx_it.o(i.HardFault_Handler) for HardFault_Handler
    startup_stm32f405xx.o(RESET) refers to stm32f4xx_it.o(i.MemManage_Handler) for MemManage_Handler
    startup_stm32f405xx.o(RESET) refers to stm32f4xx_it.o(i.BusFault_Handler) for BusFault_Handler
    startup_stm32f405xx.o(RESET) refers to stm32f4xx_it.o(i.UsageFault_Handler) for UsageFault_Handler
    startup_stm32f405xx.o(RESET) refers to port.o(.emb_text) for SVC_Handler
    startup_stm32f405xx.o(RESET) refers to stm32f4xx_it.o(i.DebugMon_Handler) for DebugMon_Handler
    startup_stm32f405xx.o(RESET) refers to cmsis_os2.o(i.SysTick_Handler) for SysTick_Handler
    startup_stm32f405xx.o(RESET) refers to stm32f4xx_it.o(i.TIM3_IRQHandler) for TIM3_IRQHandler
    startup_stm32f405xx.o(RESET) refers to stm32f4xx_it.o(i.TIM8_TRG_COM_TIM14_IRQHandler) for TIM8_TRG_COM_TIM14_IRQHandler
    startup_stm32f405xx.o(RESET) refers to stm32f4xx_it.o(i.DMA2_Stream4_IRQHandler) for DMA2_Stream4_IRQHandler
    startup_stm32f405xx.o(.text) refers (Special) to heapauxi.o(.text) for __use_two_region_memory
    startup_stm32f405xx.o(.text) refers to system_stm32f4xx.o(i.SystemInit) for SystemInit
    startup_stm32f405xx.o(.text) refers to __main.o(!!!main) for __main
    startup_stm32f405xx.o(.text) refers to startup_stm32f405xx.o(HEAP) for Heap_Mem
    startup_stm32f405xx.o(.text) refers to startup_stm32f405xx.o(STACK) for Stack_Mem
    main.o(i.HAL_TIM_PeriodElapsedCallback) refers to stm32f4xx_hal.o(i.HAL_IncTick) for HAL_IncTick
    main.o(i.SystemClock_Config) refers to rt_memclr_w.o(.text) for __aeabi_memclr4
    main.o(i.SystemClock_Config) refers to stm32f4xx_hal_rcc.o(i.HAL_RCC_OscConfig) for HAL_RCC_OscConfig
    main.o(i.SystemClock_Config) refers to stm32f4xx_hal_rcc.o(i.HAL_RCC_ClockConfig) for HAL_RCC_ClockConfig
    main.o(i.main) refers to stm32f4xx_hal.o(i.HAL_Init) for HAL_Init
    main.o(i.main) refers to main.o(i.SystemClock_Config) for SystemClock_Config
    main.o(i.main) refers to gpio.o(i.MX_GPIO_Init) for MX_GPIO_Init
    main.o(i.main) refers to dma.o(i.MX_DMA_Init) for MX_DMA_Init
    main.o(i.main) refers to adc.o(i.MX_ADC1_Init) for MX_ADC1_Init
    main.o(i.main) refers to adc.o(i.MX_ADC2_Init) for MX_ADC2_Init
    main.o(i.main) refers to adc.o(i.MX_ADC3_Init) for MX_ADC3_Init
    main.o(i.main) refers to tim.o(i.MX_TIM3_Init) for MX_TIM3_Init
    main.o(i.main) refers to tim.o(i.MX_TIM1_Init) for MX_TIM1_Init
    main.o(i.main) refers to tim.o(i.MX_TIM2_Init) for MX_TIM2_Init
    main.o(i.main) refers to cmsis_os2.o(i.osKernelInitialize) for osKernelInitialize
    main.o(i.main) refers to freertos.o(i.MX_FREERTOS_Init) for MX_FREERTOS_Init
    main.o(i.main) refers to cmsis_os2.o(i.osKernelStart) for osKernelStart
    gpio.o(i.MX_GPIO_Init) refers to rt_memclr_w.o(.text) for __aeabi_memclr4
    gpio.o(i.MX_GPIO_Init) refers to stm32f4xx_hal_gpio.o(i.HAL_GPIO_WritePin) for HAL_GPIO_WritePin
    gpio.o(i.MX_GPIO_Init) refers to stm32f4xx_hal_gpio.o(i.HAL_GPIO_Init) for HAL_GPIO_Init
    freertos.o(i.MX_FREERTOS_Init) refers to cmsis_os2.o(i.osThreadNew) for osThreadNew
    freertos.o(i.MX_FREERTOS_Init) refers to freertos.o(.constdata) for .constdata
    freertos.o(i.MX_FREERTOS_Init) refers to freertos.o(i.StartDefaultTask) for StartDefaultTask
    freertos.o(i.MX_FREERTOS_Init) refers to freertos.o(.data) for .data
    freertos.o(i.StartDefaultTask) refers to cmsis_os2.o(i.osDelay) for osDelay
    freertos.o(.constdata) refers to freertos.o(.conststring) for .conststring
    adc.o(i.HAL_ADC_MspDeInit) refers to stm32f4xx_hal_gpio.o(i.HAL_GPIO_DeInit) for HAL_GPIO_DeInit
    adc.o(i.HAL_ADC_MspDeInit) refers to stm32f4xx_hal_dma.o(i.HAL_DMA_DeInit) for HAL_DMA_DeInit
    adc.o(i.HAL_ADC_MspInit) refers to rt_memclr_w.o(.text) for __aeabi_memclr4
    adc.o(i.HAL_ADC_MspInit) refers to stm32f4xx_hal_gpio.o(i.HAL_GPIO_Init) for HAL_GPIO_Init
    adc.o(i.HAL_ADC_MspInit) refers to stm32f4xx_hal_dma.o(i.HAL_DMA_Init) for HAL_DMA_Init
    adc.o(i.HAL_ADC_MspInit) refers to main.o(i.Error_Handler) for Error_Handler
    adc.o(i.HAL_ADC_MspInit) refers to adc.o(.bss) for .bss
    adc.o(i.MX_ADC1_Init) refers to rt_memclr_w.o(.text) for __aeabi_memclr4
[...]
    i.DMA_CheckFifoParam                     0x0800077c   Section        0  stm32f4xx_hal_dma.o(i.DMA_CheckFifoParam)
    DMA_CheckFifoParam                       0x0800077d   Thumb Code    84  stm32f4xx_hal_dma.o(i.DMA_CheckFifoParam)
    i.DebugMon_Handler                       0x080007d0   Section        0  stm32f4xx_it.o(i.DebugMon_Handler)
    i.Error_Handler                          0x080007d2   Section        0  main.o(i.Error_Handler)
    i.HAL_ADCEx_InjectedConfigChannel        0x080007d8   Section        0  stm32f4xx_hal_adc_ex.o(i.HAL_ADCEx_InjectedConfigChannel)
    i.HAL_ADCEx_MultiModeConfigChannel       0x08000994   Section        0  stm32f4xx_hal_adc_ex.o(i.HAL_ADCEx_MultiModeConfigChannel)
    i.HAL_ADC_ConfigChannel                  0x080009e8   Section        0  stm32f4xx_hal_adc.o(i.HAL_ADC_ConfigChannel)
    i.HAL_ADC_Init                           0x08000b34   Section        0  stm32f4xx_hal_adc.o(i.HAL_ADC_Init)
    i.HAL_ADC_MspInit                        0x08000b88   Section        0  adc.o(i.HAL_ADC_MspInit)
    i.HAL_DMA_IRQHandler                     0x08000cf8   Section        0  stm32f4xx_hal_dma.o(i.HAL_DMA_IRQHandler)
    i.HAL_DMA_Init                           0x08000e98   Section        0  stm32f4xx_hal_dma.o(i.HAL_DMA_Init)
    i.HAL_GPIO_Init                          0x08000f6c   Section        0  stm32f4xx_hal_gpio.o(i.HAL_GPIO_Init)
    i.HAL_GPIO_WritePin                      0x0800115c   Section        0  stm32f4xx_hal_gpio.o(i.HAL_GPIO_WritePin)
    i.HAL_GetTick                            0x08001168   Section        0  stm32f4xx_hal.o(i.HAL_GetTick)
    i.HAL_IncTick                            0x08001174   Section        0  stm32f4xx_hal.o(i.HAL_IncTick)
    i.HAL_Init                               0x08001184   Section        0  stm32f4xx_hal.o(i.HAL_Init)
    i.HAL_InitTick                           0x080011b8   Section        0  stm32f4xx_hal_timebase_tim.o(i.HAL_InitTick)
    i.HAL_MspInit                            0x08001250   Section        0  stm32f4xx_hal_msp.o(i.HAL_MspInit)
    i.HAL_NVIC_EnableIRQ                     0x08001288   Section        0  stm32f4xx_hal_cortex.o(i.HAL_NVIC_EnableIRQ)
    i.HAL_NVIC_SetPriority                   0x080012a4   Section        0  stm32f4xx_hal_cortex.o(i.HAL_NVIC_SetPriority)
    i.HAL_NVIC_SetPriorityGrouping           0x080012e4   Section        0  stm32f4xx_hal_cortex.o(i.HAL_NVIC_SetPriorityGrouping)
    i.HAL_RCC_ClockConfig                    0x08001308   Section        0  stm32f4xx_hal_rcc.o(i.HAL_RCC_ClockConfig)
    i.HAL_RCC_GetClockConfig                 0x0800143c   Section        0  stm32f4xx_hal_rcc.o(i.HAL_RCC_GetClockConfig)
    i.HAL_RCC_GetPCLK1Freq                   0x0800147c   Section        0  stm32f4xx_hal_rcc.o(i.HAL_RCC_GetPCLK1Freq)
    i.HAL_RCC_GetSysClockFreq                0x0800149c   Section        0  stm32f4xx_hal_rcc.o(i.HAL_RCC_GetSysClockFreq)
    i.HAL_RCC_OscConfig                      0x08001500   Section        0  stm32f4xx_hal_rcc.o(i.HAL_RCC_OscConfig)
    i.HAL_TIMEx_BreakCallback                0x0800186c   Section        0  stm32f4xx_hal_tim_ex.o(i.HAL_TIMEx_BreakCallback)
    i.HAL_TIMEx_CommutCallback               0x0800186e   Section        0  stm32f4xx_hal_tim_ex.o(i.HAL_TIMEx_CommutCallback)
    i.HAL_TIMEx_ConfigBreakDeadTime          0x08001870   Section        0  stm32f4xx_hal_tim_ex.o(i.HAL_TIMEx_ConfigBreakDeadTime)
    i.HAL_TIMEx_MasterConfigSynchronization  0x080018c4   Section        0  stm32f4xx_hal_tim_ex.o(i.HAL_TIMEx_MasterConfigSynchronization)
    i.HAL_TIM_Base_Init                      0x08001954   Section        0  stm32f4xx_hal_tim.o(i.HAL_TIM_Base_Init)
    i.HAL_TIM_Base_MspInit                   0x080019b0   Section        0  tim.o(i.HAL_TIM_Base_MspInit)
    i.HAL_TIM_Base_Start_IT                  0x08001a10   Section        0  stm32f4xx_hal_tim.o(i.HAL_TIM_Base_Start_IT)
    i.HAL_TIM_ConfigClockSource              0x08001a90   Section        0  stm32f4xx_hal_tim.o(i.HAL_TIM_ConfigClockSource)
    i.HAL_TIM_IC_CaptureCallback             0x08001b6c   Section        0  stm32f4xx_hal_tim.o(i.HAL_TIM_IC_CaptureCallback)
    i.HAL_TIM_IRQHandler                     0x08001b6e   Section        0  stm32f4xx_hal_tim.o(i.HAL_TIM_IRQHandler)
    i.HAL_TIM_MspPostInit                    0x08001ca0   Section        0  tim.o(i.HAL_TIM_MspPostInit)
    i.HAL_TIM_OC_DelayElapsedCallback        0x08001d20   Section        0  stm32f4xx_hal_tim.o(i.HAL_TIM_OC_DelayElapsedCallback)
    i.HAL_TIM_PWM_ConfigChannel              0x08001d22   Section        0  stm32f4xx_hal_tim.o(i.HAL_TIM_PWM_ConfigChannel)
    i.HAL_TIM_PWM_Init                       0x08001dee   Section        0  stm32f4xx_hal_tim.o(i.HAL_TIM_PWM_Init)
    i.HAL_TIM_PWM_MspInit                    0x08001e48   Section        0  stm32f4xx_hal_tim.o(i.HAL_TIM_PWM_MspInit)
    i.HAL_TIM_PWM_PulseFinishedCallback      0x08001e4a   Section        0  stm32f4xx_hal_tim.o(i.HAL_TIM_PWM_PulseFinishedCallback)
    i.HAL_TIM_PeriodElapsedCallback          0x08001e4c   Section        0  main.o(i.HAL_TIM_PeriodElapsedCallback)
    i.HAL_TIM_SlaveConfigSynchro             0x08001e60   Section        0  stm32f4xx_hal_tim.o(i.HAL_TIM_SlaveConfigSynchro)
    i.HAL_TIM_TriggerCallback                0x08001eb6   Section        0  stm32f4xx_hal_tim.o(i.HAL_TIM_TriggerCallback)
    i.HardFault_Handler                      0x08001eb8   Section        0  stm32f4xx_it.o(i.HardFault_Handler)
    i.MX_ADC1_Init                           0x08001ebc   Section        0  adc.o(i.MX_ADC1_Init)
    i.MX_ADC2_Init                           0x08001ff4   Section        0  adc.o(i.MX_ADC2_Init)
    i.MX_ADC3_Init                           0x080020fc   Section        0  adc.o(i.MX_ADC3_Init)
    i.MX_DMA_Init                            0x08002204   Section        0  dma.o(i.MX_DMA_Init)
    i.MX_FREERTOS_Init                       0x08002230   Section        0  freertos.o(i.MX_FREERTOS_Init)
    i.MX_GPIO_Init                           0x08002250   Section        0  gpio.o(i.MX_GPIO_Init)
    i.MX_TIM1_Init                           0x08002324   Section        0  tim.o(i.MX_TIM1_Init)
    i.MX_TIM2_Init                           0x08002414   Section        0  tim.o(i.MX_TIM2_Init)
    i.MX_TIM3_Init                           0x080024e4   Section        0  tim.o(i.MX_TIM3_Init)
    i.MemManage_Handler                      0x08002548   Section        0  stm32f4xx_it.o(i.MemManage_Handler)
    i.NMI_Handler                            0x0800254a   Section        0  stm32f4xx_it.o(i.NMI_Handler)
    i.StartDefaultTask                       0x0800254c   Section        0  freertos.o(i.StartDefaultTask)
    i.SysTick_Handler                        0x08002554   Section        0  cmsis_os2.o(i.SysTick_Handler)
    i.SystemClock_Config                     0x08002570   Section        0  main.o(i.SystemClock_Config)
    i.SystemInit                             0x08002608   Section        0  system_stm32f4xx.o(i.SystemInit)
    i.TIM3_IRQHandler                        0x08002618   Section        0  stm32f4xx_it.o(i.TIM3_IRQHandler)
    i.TIM8_TRG_COM_TIM14_IRQHandler          0x08002624   Section        0  stm32f4xx_it.o(i.TIM8_TRG_COM_TIM14_IRQHandler)
    i.TIM_Base_SetConfig                     0x08002630   Section        0  stm32f4xx_hal_tim.o(i.TIM_Base_SetConfig)
    i.TIM_ETR_SetConfig                      0x08002700   Section        0  stm32f4xx_hal_tim.o(i.TIM_ETR_SetConfig)
    i.TIM_ITRx_SetConfig                     0x08002714   Section        0  stm32f4xx_hal_tim.o(i.TIM_ITRx_SetConfig)
    TIM_ITRx_SetConfig                       0x08002715   Thumb Code    16  stm32f4xx_hal_tim.o(i.TIM_ITRx_SetConfig)
    i.TIM_OC1_SetConfig                      0x08002724   Section        0  stm32f4xx_hal_tim.o(i.TIM_OC1_SetConfig)
    TIM_OC1_SetConfig                        0x08002725   Thumb Code    88  stm32f4xx_hal_tim.o(i.TIM_OC1_SetConfig)
    i.TIM_OC2_SetConfig                      0x08002784   Section        0  stm32f4xx_hal_tim.o(i.TIM_OC2_SetConfig)
    i.TIM_OC3_SetConfig                      0x080027f0   Section        0  stm32f4xx_hal_tim.o(i.TIM_OC3_SetConfig)
    TIM_OC3_SetConfig                        0x080027f1   Thumb Code    96  stm32f4xx_hal_tim.o(i.TIM_OC3_SetConfig)
    i.TIM_OC4_SetConfig                      0x08002858   Section        0  stm32f4xx_hal_tim.o(i.TIM_OC4_SetConfig)
    TIM_OC4_SetConfig                        0x08002859   Thumb Code    70  stm32f4xx_hal_tim.o(i.TIM_OC4_SetConfig)
    i.TIM_SlaveTimer_SetConfig               0x080028a8   Section        0  stm32f4xx_hal_tim.o(i.TIM_SlaveTimer_SetConfig)
    TIM_SlaveTimer_SetConfig                 0x080028a9   Thumb Code   140  stm32f4xx_hal_tim.o(i.TIM_SlaveTimer_SetConfig)
    i.TIM_TI1_ConfigInputStage               0x08002934   Section        0  stm32f4xx_hal_tim.o(i.TIM_TI1_ConfigInputStage)
    TIM_TI1_ConfigInputStage                 0x08002935   Thumb Code    34  stm32f4xx_hal_tim.o(i.TIM_TI1_ConfigInputStage)
    i.TIM_TI2_ConfigInputStage               0x08002956   Section        0  stm32f4xx_hal_tim.o(i.TIM_TI2_ConfigInputStage)
    TIM_TI2_ConfigInputStage                 0x08002957   Thumb Code    36  stm32f4xx_hal_tim.o(i.TIM_TI2_ConfigInputStage)
    i.UsageFault_Handler                     0x0800297a   Section        0  stm32f4xx_it.o(i.UsageFault_Handler)
    i.__NVIC_SetPriority                     0x0800297c   Section        0  stm32f4xx_hal_cortex.o(i.__NVIC_SetPriority)
    __NVIC_SetPriority                       0x0800297d   Thumb Code    32  stm32f4xx_hal_cortex.o(i.__NVIC_SetPriority)
    i.main                                   0x0800299c   Section        0  main.o(i.main)
    i.osDelay                                0x080029d2   Section        0  cmsis_os2.o(i.osDelay)
    i.osKernelInitialize                     0x080029ec   Section        0  cmsis_os2.o(i.osKernelInitialize)
    i.osKernelStart                          0x08002a10   Section        0  cmsis_os2.o(i.osKernelStart)
    i.osThreadNew                            0x08002a48   Section        0  cmsis_os2.o(i.osThreadNew)
    i.prvAddCurrentTaskToDelayedList         0x08002ad0   Section        0  tasks.o(i.prvAddCurrentTaskToDelayedList)
    prvAddCurrentTaskToDelayedList           0x08002ad1   Thumb Code    84  tasks.o(i.prvAddCurrentTaskToDelayedList)
    i.prvAddNewTaskToReadyList               0x08002b2c   Section        0  tasks.o(i.prvAddNewTaskToReadyList)
    prvAddNewTaskToReadyList                 0x08002b2d   Thumb Code   190  tasks.o(i.prvAddNewTaskToReadyList)
    i.prvCheckForValidListAndQueue           0x08002bfc   Section        0  timers.o(i.prvCheckForValidListAndQueue)
    prvCheckForValidListAndQueue             0x08002bfd   Thumb Code    72  timers.o(i.prvCheckForValidListAndQueue)
    i.prvCopyDataFromQueue                   0x08002c54   Section        0  queue.o(i.prvCopyDataFromQueue)
    prvCopyDataFromQueue                     0x08002c55   Thumb Code    38  queue.o(i.prvCopyDataFromQueue)
    i.prvCopyDataToQueue                     0x08002c7a   Section        0  queue.o(i.prvCopyDataToQueue)
    prvCopyDataToQueue                       0x08002c7b   Thumb Code   108  queue.o(i.prvCopyDataToQueue)
    i.prvDeleteTCB                           0x08002ce6   Section        0  tasks.o(i.prvDeleteTCB)
    prvDeleteTCB                             0x08002ce7   Thumb Code    52  tasks.o(i.prvDeleteTCB)
    i.prvHeapInit                            0x08002d1c   Section        0  heap_4.o(i.prvHeapInit)
    prvHeapInit                              0x08002d1d   Thumb Code    64  heap_4.o(i.prvHeapInit)
    i.prvIdleTask                            0x08002d64   Section        0  tasks.o(i.prvIdleTask)
    prvIdleTask                              0x08002d65   Thumb Code    82  tasks.o(i.prvIdleTask)
    i.prvInitialiseNewQueue                  0x08002dc4   Section        0  queue.o(i.prvInitialiseNewQueue)
    prvInitialiseNewQueue                    0x08002dc5   Thumb Code    34  queue.o(i.prvInitialiseNewQueue)
    i.prvInitialiseNewTask                   0x08002de8   Section        0  tasks.o(i.prvInitialiseNewTask)
    prvInitialiseNewTask                     0x08002de9   Thumb Code   176  tasks.o(i.prvInitialiseNewTask)
    i.prvInsertBlockIntoFreeList             0x08002e98   Section        0  heap_4.o(i.prvInsertBlockIntoFreeList)
    prvInsertBlockIntoFreeList               0x08002e99   Thumb Code    72  heap_4.o(i.prvInsertBlockIntoFreeList)
    i.prvInsertTimerInActiveList             0x08002ee4   Section        0  timers.o(i.prvInsertTimerInActiveList)
    prvInsertTimerInActiveList               0x08002ee5   Thumb Code    52  timers.o(i.prvInsertTimerInActiveList)
    i.prvIsQueueEmpty                        0x08002f1c   Section        0  queue.o(i.prvIsQueueEmpty)
    prvIsQueueEmpty                          0x08002f1d   Thumb Code    28  queue.o(i.prvIsQueueEmpty)
    i.prvProcessReceivedCommands             0x08002f38   Section        0  timers.o(i.prvProcessReceivedCommands)
    prvProcessReceivedCommands               0x08002f39   Thumb Code   248  timers.o(i.prvProcessReceivedCommands)
    i.prvProcessTimerOrBlockTask             0x08003034   Section        0  timers.o(i.prvProcessTimerOrBlockTask)
    prvProcessTimerOrBlockTask               0x08003035   Thumb Code   182  timers.o(i.prvProcessTimerOrBlockTask)
    i.prvResetNextTaskUnblockTime            0x080030f4   Section        0  tasks.o(i.prvResetNextTaskUnblockTime)
    prvResetNextTaskUnblockTime              0x080030f5   Thumb Code    26  tasks.o(i.prvResetNextTaskUnblockTime)
    i.prvSampleTimeNow                       0x08003114   Section        0  timers.o(i.prvSampleTimeNow)
    prvSampleTimeNow                         0x08003115   Thumb Code    36  timers.o(i.prvSampleTimeNow)
    i.prvSwitchTimerLists                    0x0800313c   Section        0  timers.o(i.prvSwitchTimerLists)
    prvSwitchTimerLists                      0x0800313d   Thumb Code   104  timers.o(i.prvSwitchTimerLists)
    i.prvTaskExitError                       0x080031a8   Section        0  port.o(i.prvTaskExitError)
    prvTaskExitError                         0x080031a9   Thumb Code    36  port.o(i.prvTaskExitError)
    i.prvTimerTask                           0x080031d0   Section        0  timers.o(i.prvTimerTask)
    prvTimerTask                             0x080031d1   Thumb Code    32  timers.o(i.prvTimerTask)
    i.prvUnlockQueue                         0x080031f4   Section        0  queue.o(i.prvUnlockQueue)
    prvUnlockQueue                           0x080031f5   Thumb Code   106  queue.o(i.prvUnlockQueue)
    i.pvPortMalloc                           0x08003260   Section        0  heap_4.o(i.pvPortMalloc)
    i.pxPortInitialiseStack                  0x0800333c   Section        0  port.o(i.pxPortInitialiseStack)
    i.uxListRemove                           0x08003368   Section        0  list.o(i.uxListRemove)
    i.vApplicationGetIdleTaskMemory          0x08003390   Section        0  cmsis_os2.o(i.vApplicationGetIdleTaskMemory)
    i.vApplicationGetTimerTaskMemory         0x080033a4   Section        0  cmsis_os2.o(i.vApplicationGetTimerTaskMemory)
    i.vListInitialise                        0x080033bc   Section        0  list.o(i.vListInitialise)
    i.vListInitialiseItem                    0x080033d2   Section        0  list.o(i.vListInitialiseItem)
    i.vListInsert                            0x080033d8   Section        0  list.o(i.vListInsert)
    i.vListInsertEnd                         0x08003408   Section        0  list.o(i.vListInsertEnd)
    i.vPortEnterCritical                     0x08003420   Section        0  port.o(i.vPortEnterCritical)
    i.vPortExitCritical                      0x08003460   Section        0  port.o(i.vPortExitCritical)
    i.vPortFree                              0x08003488   Section        0  heap_4.o(i.vPortFree)
    i.vPortSetupTimerInterrupt               0x080034ec   Section        0  port.o(i.vPortSetupTimerInterrupt)
    i.vPortValidateInterruptPriority         0x08003510   Section        0  port.o(i.vPortValidateInterruptPriority)
    i.vQueueAddToRegistry                    0x08003564   Section        0  queue.o(i.vQueueAddToRegistry)
    i.vQueueWaitForMessageRestricted         0x0800358c   Section        0  queue.o(i.vQueueWaitForMessageRestricted)
    i.vTaskDelay                             0x080035d0   Section        0  tasks.o(i.vTaskDelay)
    i.vTaskInternalSetTimeOutState           0x0800361c   Section        0  tasks.o(i.vTaskInternalSetTimeOutState)
    i.vTaskMissedYield                       0x0800362c   Section        0  tasks.o(i.vTaskMissedYield)
    i.vTaskPlaceOnEventList                  0x08003638   Section        0  tasks.o(i.vTaskPlaceOnEventList)
    i.vTaskPlaceOnEventListRestricted        0x08003668   Section        0  tasks.o(i.vTaskPlaceOnEventListRestricted)
    i.vTaskStartScheduler                    0x080036a0   Section        0  tasks.o(i.vTaskStartScheduler)
    i.vTaskSuspendAll                        0x08003728   Section        0  tasks.o(i.vTaskSuspendAll)
    i.vTaskSwitchContext                     0x08003738   Section        0  tasks.o(i.vTaskSwitchContext)
    i.xPortStartScheduler                    0x0800379c   Section        0  port.o(i.xPortStartScheduler)
    i.xPortSysTickHandler                    0x08003890   Section        0  port.o(i.xPortSysTickHandler)
    i.xQueueGenericCreateStatic              0x080038bc   Section        0  queue.o(i.xQueueGenericCreateStatic)
    i.xQueueGenericReset                     0x08003924   Section        0  queue.o(i.xQueueGenericReset)
    i.xQueueGenericSend                      0x080039ac   Section        0  queue.o(i.xQueueGenericSend)
    i.xQueueGenericSendFromISR               0x08003b0c   Section        0  queue.o(i.xQueueGenericSendFromISR)
    i.xQueueReceive                          0x08003bcc   Section        0  queue.o(i.xQueueReceive)
    i.xTaskCheckForTimeOut                   0x08003d04   Section        0  tasks.o(i.xTaskCheckForTimeOut)
    i.xTaskCreate                            0x08003d78   Section        0  tasks.o(i.xTaskCreate)
    i.xTaskCreateStatic                      0x08003dd2   Section        0  tasks.o(i.xTaskCreateStatic)
    i.xTaskGetSchedulerState                 0x08003e28   Section        0  tasks.o(i.xTaskGetSchedulerState)
    i.xTaskGetTickCount                      0x08003e44   Section        0  tasks.o(i.xTaskGetTickCount)
    i.xTaskIncrementTick                     0x08003e50   Section        0  tasks.o(i.xTaskIncrementTick)
    i.xTaskPriorityDisinherit                0x08003f18   Section        0  tasks.o(i.xTaskPriorityDisinherit)
    i.xTaskRemoveFromEventList               0x08003f98   Section        0  tasks.o(i.xTaskRemoveFromEventList)
    i.xTaskResumeAll                         0x08004008   Section        0  tasks.o(i.xTaskResumeAll)
    i.xTimerCreateTimerTask                  0x080040cc   Section        0  timers.o(i.xTimerCreateTimerTask)
    i.xTimerGenericCommand                   0x0800412c   Section        0  timers.o(i.xTimerGenericCommand)
    x$fpl$fpinit                             0x08004194   Section       10  fpinit.o(x$fpl$fpinit)
    $v0                                      0x08004194   Number         0  fpinit.o(x$fpl$fpinit)
    .constdata                               0x080041a0   Section       36  freertos.o(.constdata)
    .constdata                               0x080041c4   Section        8  stm32f4xx_hal_dma.o(.constdata)
    flagBitshiftOffset                       0x080041c4   Data           8  stm32f4xx_hal_dma.o(.constdata)
    .constdata                               0x080041cc   Section       16  system_stm32f4xx.o(.constdata)
    .constdata                               0x080041dc   Section        8  system_stm32f4xx.o(.constdata)
    .conststring                             0x080041e4   Section       12  freertos.o(.conststring)
    .data                                    0x20000000   Section        4  freertos.o(.data)
    .data                                    0x20000004   Section       12  stm32f4xx_hal.o(.data)
    .data                                    0x20000010   Section        4  system_stm32f4xx.o(.data)
    .data                                    0x20000014   Section       60  tasks.o(.data)
    uxDeletedTasksWaitingCleanUp             0x20000018   Data           4  tasks.o(.data)
    uxCurrentNumberOfTasks                   0x2000001c   Data           4  tasks.o(.data)
    xTickCount                               0x20000020   Data           4  tasks.o(.data)
    uxTopReadyPriority                       0x20000024   Data           4  tasks.o(.data)
    xSchedulerRunning                        0x20000028   Data           4  tasks.o(.data)
    xPendedTicks                             0x2000002c   Data           4  tasks.o(.data)
    xYieldPending                            0x20000030   Data           4  tasks.o(.data)
    xNumOfOverflows                          0x20000034   Data           4  tasks.o(.data)
    uxTaskNumber                             0x20000038   Data           4  tasks.o(.data)
    xNextTaskUnblockTime                     0x2000003c   Data           4  tasks.o(.data)
    xIdleTaskHandle                          0x20000040   Data           4  tasks.o(.data)
    uxSchedulerSuspended                     0x20000044   Data           4  tasks.o(.data)
    pxDelayedTaskList                        0x20000048   Data           4  tasks.o(.data)
    pxOverflowDelayedTaskList                0x2000004c   Data           4  tasks.o(.data)
    .data                                    0x20000050   Section       20  timers.o(.data)
    xTimerQueue                              0x20000050   Data           4  timers.o(.data)
    xTimerTaskHandle                         0x20000054   Data           4  timers.o(.data)
    xLastTime                                0x20000058   Data           4  timers.o(.data)
    pxCurrentTimerList                       0x2000005c   Data           4  timers.o(.data)
    pxOverflowTimerList                      0x20000060   Data           4  timers.o(.data)
    .data                                    0x20000064   Section        4  cmsis_os2.o(.data)
    KernelState                              0x20000064   Data           4  cmsis_os2.o(.data)
    .data                                    0x20000068   Section       32  heap_4.o(.data)
    pxEnd                                    0x20000068   Data           4  heap_4.o(.data)
    xFreeBytesRemaining                      0x2000006c   Data           4  heap_4.o(.data)
    xMinimumEverFreeBytesRemaining           0x20000070   Data           4  heap_4.o(.data)
    xNumberOfSuccessfulAllocations           0x20000074   Data           4  heap_4.o(.data)
    xNumberOfSuccessfulFrees                 0x20000078   Data           4  heap_4.o(.data)
    xBlockAllocatedBit                       0x2000007c   Data           4  heap_4.o(.data)
    xStart                                   0x20000080   Data           8  heap_4.o(.data)
    .data                                    0x20000088   Section       12  port.o(.data)
    ucMaxSysCallPriority                     0x20000088   Data           1  port.o(.data)
    uxCriticalNesting                        0x2000008c   Data           4  port.o(.data)
    ulMaxPRIGROUPValue                       0x20000090   Data           4  port.o(.data)
    .bss                                     0x20000094   Section      312  adc.o(.bss)
    .bss                                     0x200001cc   Section      216  tim.o(.bss)
    .bss                                     0x200002a4   Section       72  stm32f4xx_hal_timebase_tim.o(.bss)
    .bss                                     0x200002ec   Section       64  queue.o(.bss)
    .bss                                     0x2000032c   Section     1220  tasks.o(.bss)
    pxReadyTasksLists                        0x2000032c   Data        1120  tasks.o(.bss)
    xDelayedTaskList1                        0x2000078c   Data          20  tasks.o(.bss)
    xDelayedTaskList2                        0x200007a0   Data          20  tasks.o(.bss)
    xPendingReadyList                        0x200007b4   Data          20  tasks.o(.bss)
    xTasksWaitingTermination                 0x200007c8   Data          20  tasks.o(.bss)
    xSuspendedTaskList                       0x200007dc   Data          20  tasks.o(.bss)
    .bss                                     0x200007f0   Section      280  timers.o(.bss)
    xStaticTimerQueue                        0x200007f0   Data          80  timers.o(.bss)
    ucStaticTimerQueueStorage                0x20000840   Data         160  timers.o(.bss)
    xActiveTimerList1                        0x200008e0   Data          20  timers.o(.bss)
    xActiveTimerList2                        0x200008f4   Data          20  timers.o(.bss)
    .bss                                     0x20000908   Section     1720  cmsis_os2.o(.bss)
    Idle_TCB                                 0x20000908   Data          92  cmsis_os2.o(.bss)
    Idle_Stack                               0x20000964   Data         512  cmsis_os2.o(.bss)
    Timer_TCB                                0x20000b64   Data          92  cmsis_os2.o(.bss)
    Timer_Stack                              0x20000bc0   Data        1024  cmsis_os2.o(.bss)
    .bss                                     0x20000fc0   Section     5360  heap_4.o(.bss)
    ucHeap                                   0x20000fc0   Data        5360  heap_4.o(.bss)
    .bss                                     0x200024b0   Section       96  libspace.o(.bss)
    HEAP                                     0x20002510   Section      512  startup_stm32f405xx.o(HEAP)
    Heap_Mem                                 0x20002510   Data         512  startup_stm32f405xx.o(HEAP)
    STACK                                    0x20002710   Section     1024  startup_stm32f405xx.o(STACK)
    Stack_Mem                                0x20002710   Data        1024  startup_stm32f405xx.o(STACK)
    __initial_sp                             0x20002b10   Data           0  startup_stm32f405xx.o(STACK)

    Global Symbols

    Symbol Name                              Value     Ov Type        Size  Object(Section)

    BuildAttributes$$THM_ISAv4$E$P$D$K$B$S$7EM$VFPi3$EXTD16$VFPS$VFMA$PE$A:L22UL41UL21$X:L11$S22US41US21$IEEE1$IW$USESV6$~STKCKD$USESV7$~SHL$OSPACE$ROPI$EBA8$UX$STANDARDLIB$REQ8$PRES8$EABIv2 0x00000000   Number         0  anon$$obj.o ABSOLUTE
    __ARM_use_no_argv                        0x00000000   Number         0  main.o ABSOLUTE
    __ARM_exceptions_init                     - Undefined Weak Reference
    __alloca_initialize                       - Undefined Weak Reference
    __arm_preinit_                            - Undefined Weak Reference
    __cpp_initialize__aeabi_                  - Undefined Weak Reference
    __cxa_finalize                            - Undefined Weak Reference
    __rt_locale                               - Undefined Weak Reference
    __sigvec_lookup                           - Undefined Weak Reference
    _atexit_init                              - Undefined Weak Reference
    _call_atexit_fns                          - Undefined Weak Reference
    _clock_init                               - Undefined Weak Reference
    _fp_trap_init                             - Undefined Weak Reference
    _fp_trap_shutdown                         - Undefined Weak Reference
    _get_lc_collate                           - Undefined Weak Reference
    _get_lc_ctype                             - Undefined Weak Reference
    _get_lc_monetary                          - Undefined Weak Reference
    _get_lc_numeric                           - Undefined Weak Reference
    _get_lc_time                              - Undefined Weak Reference
    _getenv_init                              - Undefined Weak Reference
    _handle_redirection                       - Undefined Weak Reference
    _init_alloc                               - Undefined Weak Reference
    _init_user_alloc                          - Undefined Weak Reference
    _initio                                   - Undefined Weak Reference
    _rand_init                                - Undefined Weak Reference
    _signal_finish                            - Undefined Weak Reference
    _signal_init                              - Undefined Weak Reference
    _terminate_alloc                          - Undefined Weak Reference
    _terminate_user_alloc                     - Undefined Weak Reference
    _terminateio                              - Undefined Weak Reference
    __Vectors_Size                           0x00000188   Number         0  startup_stm32f405xx.o ABSOLUTE
    __Vectors                                0x08000000   Data           4  startup_stm32f405xx.o(RESET)
    __Vectors_End                            0x08000188   Data           0  startup_stm32f405xx.o(RESET)
    __main                                   0x08000189   Thumb Code     8  __main.o(!!!main)
    __scatterload                            0x08000191   Thumb Code     0  __scatter.o(!!!scatter)
    __scatterload_rt2                        0x08000191   Thumb Code    44  __scatter.o(!!!scatter)
    __scatterload_rt2_thumb_only             0x08000191   Thumb Code     0  __scatter.o(!!!scatter)
    __scatterload_null                       0x0800019f   Thumb Code     0  __scatter.o(!!!scatter)
    __scatterload_copy                       0x080001c5   Thumb Code    26  __scatter_copy.o(!!handler_copy)
    __scatterload_zeroinit                   0x080001e1   Thumb Code    28  __scatter_zi.o(!!handler_zi)
    __rt_lib_init                            0x080001fd   Thumb Code     0  libinit.o(.ARM.Collect$$libinit$$00000000)
    __rt_lib_init_fp_1                       0x080001ff   Thumb Code     0  libinit2.o(.ARM.Collect$$libinit$$00000001)
    __rt_lib_init_alloca_1                   0x08000203   Thumb Code     0  libinit2.o(.ARM.Collect$$libinit$$0000002E)
    __rt_lib_init_argv_1                     0x08000203   Thumb Code     0  libinit2.o(.ARM.Collect$$libinit$$0000002C)
    __rt_lib_init_atexit_1                   0x08000203   Thumb Code     0  libinit2.o(.ARM.Collect$$libinit$$0000001B)
    __rt_lib_init_clock_1                    0x08000203   Thumb Code     0  libinit2.o(.ARM.Collect$$libinit$$00000021)
    __rt_lib_init_cpp_1                      0x08000203   Thumb Code     0  libinit2.o(.ARM.Collect$$libinit$$00000032)
    __rt_lib_init_exceptions_1               0x08000203   Thumb Code     0  libinit2.o(.ARM.Collect$$libinit$$00000030)
    __rt_lib_init_fp_trap_1                  0x08000203   Thumb Code     0  libinit2.o(.ARM.Collect$$libinit$$0000001F)
    __rt_lib_init_getenv_1                   0x08000203   Thumb Code     0  libinit2.o(.ARM.Collect$$libinit$$00000023)
    __rt_lib_init_heap_1                     0x08000203   Thumb Code     0  libinit2.o(.ARM.Collect$$libinit$$0000000A)
    __rt_lib_init_lc_collate_1               0x08000203   Thumb Code     0  libinit2.o(.ARM.Collect$$libinit$$00000011)
    __rt_lib_init_lc_ctype_1                 0x08000203   Thumb Code     0  libinit2.o(.ARM.Collect$$libinit$$00000013)
    __rt_lib_init_lc_monetary_1              0x08000203   Thumb Code     0  libinit2.o(.ARM.Collect$$libinit$$00000015)
    __rt_lib_init_lc_numeric_1               0x08000203   Thumb Code     0  libinit2.o(.ARM.Collect$$libinit$$00000017)
    __rt_lib_init_lc_time_1                  0x08000203   Thumb Code     0  libinit2.o(.ARM.Collect$$libinit$$00000019)
    __rt_lib_init_preinit_1                  0x08000203   Thumb Code     0  libinit2.o(.ARM.Collect$$libinit$$00000004)
    __rt_lib_init_rand_1                     0x08000203   Thumb Code     0  libinit2.o(.ARM.Collect$$libinit$$0000000E)
    __rt_lib_init_return                     0x08000203   Thumb Code     0  libinit2.o(.ARM.Collect$$libinit$$00000033)
    __rt_lib_init_signal_1                   0x08000203   Thumb Code     0  libinit2.o(.ARM.Collect$$libinit$$0000001D)
    __rt_lib_init_stdio_1                    0x08000203   Thumb Code     0  libinit2.o(.ARM.Collect$$libinit$$00000025)
    __rt_lib_init_user_alloc_1               0x08000203   Thumb Code     0  libinit2.o(.ARM.Collect$$libinit$$0000000C)
    __rt_lib_shutdown                        0x08000205   Thumb Code     0  libshutdown.o(.ARM.Collect$$libshutdown$$00000000)
    __rt_lib_shutdown_fp_trap_1              0x08000207   Thumb Code     0  libshutdown2.o(.ARM.Collect$$libshutdown$$00000006)
    __rt_lib_shutdown_heap_1                 0x08000207   Thumb Code     0  libshutdown2.o(.ARM.Collect$$libshutdown$$0000000E)
    __rt_lib_shutdown_return                 0x08000207   Thumb Code     0  libshutdown2.o(.ARM.Collect$$libshutdown$$0000000F)
    __rt_lib_shutdown_signal_1               0x08000207   Thumb Code     0  libshutdown2.o(.ARM.Collect$$libshutdown$$00000009)
    __rt_lib_shutdown_stdio_1                0x08000207   Thumb Code     0  libshutdown2.o(.ARM.Collect$$libshutdown$$00000003)
    __rt_lib_shutdown_user_alloc_1           0x08000207   Thumb Code     0  libshutdown2.o(.ARM.Collect$$libshutdown$$0000000B)
    __rt_entry                               0x08000209   Thumb Code     0  __rtentry.o(.ARM.Collect$$rtentry$$00000000)
    __rt_entry_presh_1                       0x08000209   Thumb Code     0  __rtentry2.o(.ARM.Collect$$rtentry$$00000002)
    __rt_entry_sh                            0x08000209   Thumb Code     0  __rtentry4.o(.ARM.Collect$$rtentry$$00000004)
    __rt_entry_li                            0x0800020f   Thumb Code     0  __rtentry2.o(.ARM.Collect$$rtentry$$0000000A)
    __rt_entry_postsh_1                      0x0800020f   Thumb Code     0  __rtentry2.o(.ARM.Collect$$rtentry$$00000009)
    __rt_entry_main                          0x08000213   Thumb Code     0  __rtentry2.o(.ARM.Collect$$rtentry$$0000000D)
    __rt_entry_postli_1                      0x08000213   Thumb Code     0  __rtentry2.o(.ARM.Collect$$rtentry$$0000000C)
    __rt_exit                                0x0800021b   Thumb Code     0  rtexit.o(.ARM.Collect$$rtexit$$00000000)
    __rt_exit_ls                             0x0800021d   Thumb Code     0  rtexit2.o(.ARM.Collect$$rtexit$$00000003)
    __rt_exit_prels_1                        0x0800021d   Thumb Code     0  rtexit2.o(.ARM.Collect$$rtexit$$00000002)
    __rt_exit_exit                           0x08000221   Thumb Code     0  rtexit2.o(.ARM.Collect$$rtexit$$00000004)
    SVC_Handler                              0x08000229   Thumb Code    28  port.o(.emb_text)
    __asm___6_port_c_39a90d8d__prvStartFirstTask 0x08000249   Thumb Code    36  port.o(.emb_text)
    __asm___6_port_c_39a90d8d__prvEnableVFP  0x08000271   Thumb Code    16  port.o(.emb_text)
    PendSV_Handler                           0x08000285   Thumb Code    88  port.o(.emb_text)
    vPortGetIPSR                             0x080002e1   Thumb Code     6  port.o(.emb_text)
    Reset_Handler                            0x080002e9   Thumb Code     8  startup_stm32f405xx.o(.text)
    ADC_IRQHandler                           0x08000303   Thumb Code     0  startup_stm32f405xx.o(.text)
    CAN1_RX0_IRQHandler                      0x08000303   Thumb Code     0  startup_stm32f405xx.o(.text)
    CAN1_RX1_IRQHandler                      0x08000303   Thumb Code     0  startup_stm32f405xx.o(.text)
    CAN1_SCE_IRQHandler                      0x08000303   Thumb Code     0  startup_stm32f405xx.o(.text)
    CAN1_TX_IRQHandler                       0x08000303   Thumb Code     0  startup_stm32f405xx.o(.text)
    CAN2_RX0_IRQHandler                      0x08000303   Thumb Code     0  startup_stm32f405xx.o(.text)
    CAN2_RX1_IRQHandler                      0x08000303   Thumb Code     0  startup_stm32f405xx.o(.text)
    CAN2_SCE_IRQHandler                      0x08000303   Thumb Code     0  startup_stm32f405xx.o(.text)
    CAN2_TX_IRQHandler                       0x08000303   Thumb Code     0  startup_stm32f405xx.o(.text)
    DMA1_Stream0_IRQHandler                  0x08000303   Thumb Code     0  startup_stm32f405xx.o(.text)
    DMA1_Stream1_IRQHandler                  0x08000303   Thumb Code     0  startup_stm32f405xx.o(.text)
    DMA1_Stream2_IRQHandler                  0x08000303   Thumb Code     0  startup_stm32f405xx.o(.text)
    DMA1_Stream3_IRQHandler                  0x08000303   Thumb Code     0  startup_stm32f405xx.o(.text)
    DMA1_Stream4_IRQHandler                  0x08000303   Thumb Code     0  startup_stm32f405xx.o(.text)
    DMA1_Stream5_IRQHandler                  0x08000303   Thumb Code     0  startup_stm32f405xx.o(.text)
    DMA1_Stream6_IRQHandler                  0x08000303   Thumb Code     0  startup_stm32f405xx.o(.text)
    DMA1_Stream7_IRQHandler                  0x08000303   Thumb Code     0  startup_stm32f405xx.o(.text)
    DMA2_Stream0_IRQHandler                  0x08000303   Thumb Code     0  startup_stm32f405xx.o(.text)
    DMA2_Stream1_IRQHandler                  0x08000303   Thumb Code     0  startup_stm32f405xx.o(.text)
    DMA2_Stream2_IRQHandler                  0x08000303   Thumb Code     0  startup_stm32f405xx.o(.text)
    DMA2_Stream3_IRQHandler                  0x08000303   Thumb Code     0  startup_stm32f405xx.o(.text)
    DMA2_Stream5_IRQHandler                  0x08000303   Thumb Code     0  startup_stm32f405xx.o(.text)
    DMA2_Stream6_IRQHandler                  0x08000303   Thumb Code     0  startup_stm32f405xx.o(.text)
    DMA2_Stream7_IRQHandler                  0x08000303   Thumb Code     0  startup_stm32f405xx.o(.text)
    EXTI0_IRQHandler                         0x08000303   Thumb Code     0  startup_stm32f405xx.o(.text)
    EXTI15_10_IRQHandler                     0x08000303   Thumb Code     0  startup_stm32f405xx.o(.text)
    EXTI1_IRQHandler                         0x08000303   Thumb Code     0  startup_stm32f405xx.o(.text)
    EXTI2_IRQHandler                         0x08000303   Thumb Code     0  startup_stm32f405xx.o(.text)
    EXTI3_IRQHandler                         0x08000303   Thumb Code     0  startup_stm32f405xx.o(.text)
    EXTI4_IRQHandler                         0x08000303   Thumb Code     0  startup_stm32f405xx.o(.text)
    EXTI9_5_IRQHandler                       0x08000303   Thumb Code     0  startup_stm32f405xx.o(.text)
    FLASH_IRQHandler                         0x08000303   Thumb Code     0  startup_stm32f405xx.o(.text)
    FMC_IRQHandler                           0x08000303   Thumb Code     0  startup_stm32f405xx.o(.text)
    FPU_IRQHandler                           0x08000303   Thumb Code     0  startup_stm32f405xx.o(.text)
    HASH_RNG_IRQHandler                      0x08000303   Thumb Code     0  startup_stm32f405xx.o(.text)
    I2C1_ER_IRQHandler                       0x08000303   Thumb Code     0  startup_stm32f405xx.o(.text)
    I2C1_EV_IRQHandler                       0x08000303   Thumb Code     0  startup_stm32f405xx.o(.text)
    I2C2_ER_IRQHandler                       0x08000303   Thumb Code     0  startup_stm32f405xx.o(.text)
    I2C2_EV_IRQHandler                       0x08000303   Thumb Code     0  startup_stm32f405xx.o(.text)
    I2C3_ER_IRQHandler                       0x08000303   Thumb Code     0  startup_stm32f405xx.o(.text)
    I2C3_EV_IRQHandler                       0x08000303   Thumb Code     0  startup_stm32f405xx.o(.text)
    OTG_FS_IRQHandler                        0x08000303   Thumb Code     0  startup_stm32f405xx.o(.text)
    OTG_FS_WKUP_IRQHandler                   0x08000303   Thumb Code     0  startup_stm32f405xx.o(.text)
    OTG_HS_EP1_IN_IRQHandler                 0x08000303   Thumb Code     0  startup_stm32f405xx.o(.text)
    OTG_HS_EP1_OUT_IRQHandler                0x08000303   Thumb Code     0  startup_stm32f405xx.o(.text)
    OTG_HS_IRQHandler                        0x08000303   Thumb Code     0  startup_stm32f405xx.o(.text)
    OTG_HS_WKUP_IRQHandler                   0x08000303   Thumb Code     0  startup_stm32f405xx.o(.text)
    PVD_IRQHandler                           0x08000303   Thumb Code     0  startup_stm32f405xx.o(.text)
    RCC_IRQHandler                           0x08000303   Thumb Code     0  startup_stm32f405xx.o(.text)
    RTC_Alarm_IRQHandler                     0x08000303   Thumb Code     0  startup_stm32f405xx.o(.text)
    RTC_WKUP_IRQHandler                      0x08000303   Thumb Code     0  startup_stm32f405xx.o(.text)
    SDIO_IRQHandler                          0x08000303   Thumb Code     0  startup_stm32f405xx.o(.text)
    SPI1_IRQHandler                          0x08000303   Thumb Code     0  startup_stm32f405xx.o(.text)
    SPI2_IRQHandler                          0x08000303   Thumb Code     0  startup_stm32f405xx.o(.text)
    SPI3_IRQHandler                          0x08000303   Thumb Code     0  startup_stm32f405xx.o(.text)
    TAMP_STAMP_IRQHandler                    0x08000303   Thumb Code     0  startup_stm32f405xx.o(.text)
    TIM1_BRK_TIM9_IRQHandler                 0x08000303   Thumb Code     0  startup_stm32f405xx.o(.text)
    TIM1_CC_IRQHandler                       0x08000303   Thumb Code     0  startup_stm32f405xx.o(.text)
    TIM1_TRG_COM_TIM11_IRQHandler            0x08000303   Thumb Code     0  startup_stm32f405xx.o(.text)
    TIM1_UP_TIM10_IRQHandler                 0x08000303   Thumb Code     0  startup_stm32f405xx.o(.text)
    TIM2_IRQHandler                          0x08000303   Thumb Code     0  startup_stm32f405xx.o(.text)
    TIM4_IRQHandler                          0x08000303   Thumb Code     0  startup_stm32f405xx.o(.text)
    TIM5_IRQHandler                          0x08000303   Thumb Code     0  startup_stm32f405xx.o(.text)
    TIM6_DAC_IRQHandler                      0x08000303   Thumb Code     0  startup_stm32f405xx.o(.text)
    TIM7_IRQHandler                          0x08000303   Thumb Code     0  startup_stm32f405xx.o(.text)
    TIM8_BRK_TIM12_IRQHandler                0x08000303   Thumb Code     0  startup_stm32f405xx.o(.text)
    TIM8_CC_IRQHandler                       0x08000303   Thumb Code     0  startup_stm32f405xx.o(.text)
    TIM8_UP_TIM13_IRQHandler                 0x08000303   Thumb Code     0  startup_stm32f405xx.o(.text)
    UART4_IRQHandler                         0x08000303   Thumb Code     0  startup_stm32f405xx.o(.text)
    UART5_IRQHandler                         0x08000303   Thumb Code     0  startup_stm32f405xx.o(.text)
    USART1_IRQHandler                        0x08000303   Thumb Code     0  startup_stm32f405xx.o(.text)
    USART2_IRQHandler                        0x08000303   Thumb Code     0  startup_stm32f405xx.o(.text)
    USART3_IRQHandler                        0x08000303   Thumb Code     0  startup_stm32f405xx.o(.text)
    USART6_IRQHandler                        0x08000303   Thumb Code     0  startup_stm32f405xx.o(.text)
    WWDG_IRQHandler                          0x08000303   Thumb Code     0  startup_stm32f405xx.o(.text)
    __user_initial_stackheap                 0x08000305   Thumb Code     0  startup_stm32f405xx.o(.text)
    __aeabi_uldivmod                         0x08000329   Thumb Code     0  lludivv7m.o(.text)
    _ll_udiv                                 0x08000329   Thumb Code   238  lludivv7m.o(.text)
    __aeabi_memcpy                           0x08000417   Thumb Code     0  rt_memcpy_v6.o(.text)
    __rt_memcpy                              0x08000417   Thumb Code   138  rt_memcpy_v6.o(.text)
    _memcpy_lastbytes                        0x0800047d   Thumb Code     0  rt_memcpy_v6.o(.text)
    __aeabi_memset                           0x080004a1   Thumb Code    16  aeabi_memset.o(.text)
    __aeabi_memclr4                          0x080004b1   Thumb Code     0  rt_memclr_w.o(.text)
    __aeabi_memclr8                          0x080004b1   Thumb Code     0  rt_memclr_w.o(.text)
    __rt_memclr_w                            0x080004b1   Thumb Code    78  rt_memclr_w.o(.text)
    _memset_w                                0x080004b5   Thumb Code     0  rt_memclr_w.o(.text)
    __use_two_region_memory                  0x080004ff   Thumb Code     2  heapauxi.o(.text)
    __rt_heap_escrow$2region                 0x08000501   Thumb Code     2  heapauxi.o(.text)
    __rt_heap_expand$2region                 0x08000503   Thumb Code     2  heapauxi.o(.text)
    __aeabi_memcpy4                          0x08000505   Thumb Code     0  rt_memcpy_w.o(.text)
    __aeabi_memcpy8                          0x08000505   Thumb Code     0  rt_memcpy_w.o(.text)
    __rt_memcpy_w                            0x08000505   Thumb Code   100  rt_memcpy_w.o(.text)
    _memcpy_lastbytes_aligned                0x0800054d   Thumb Code     0  rt_memcpy_w.o(.text)
    __aeabi_memclr                           0x08000569   Thumb Code     0  rt_memclr.o(.text)
    __rt_memclr                              0x08000569   Thumb Code    68  rt_memclr.o(.text)
    _memset                                  0x0800056d   Thumb Code     0  rt_memclr.o(.text)
    __user_setup_stackheap                   0x080005ad   Thumb Code    74  sys_stackheap_outer.o(.text)
    exit                                     0x080005f7   Thumb Code    12  exit.o(.text)
    __user_libspace                          0x08000605   Thumb Code     8  libspace.o(.text)
    __user_perproc_libspace                  0x08000605   Thumb Code     0  libspace.o(.text)
    __user_perthread_libspace                0x08000605   Thumb Code     0  libspace.o(.text)
    _sys_exit                                0x0800060d   Thumb Code     8  sys_exit.o(.text)
    __I$use$semihosting                      0x08000619   Thumb Code     0  use_no_semi.o(.text)
    __use_no_semihosting_swi                 0x08000619   Thumb Code     2  use_no_semi.o(.text)
    __semihosting_library_function           0x0800061b   Thumb Code     0  indicate_semi.o(.text)
    BusFault_Handler                         0x08000745   Thumb Code     2  stm32f4xx_it.o(i.BusFault_Handler)
    DMA2_Stream4_IRQHandler                  0x08000749   Thumb Code     6  stm32f4xx_it.o(i.DMA2_Stream4_IRQHandler)
    DebugMon_Handler                         0x080007d1   Thumb Code     2  stm32f4xx_it.o(i.DebugMon_Handler)
    Error_Handler                            0x080007d3   Thumb Code     4  main.o(i.Error_Handler)
    HAL_ADCEx_InjectedConfigChannel          0x080007d9   Thumb Code   428  stm32f4xx_hal_adc_ex.o(i.HAL_ADCEx_InjectedConfigChannel)
    HAL_ADCEx_MultiModeConfigChannel         0x08000995   Thumb Code    78  stm32f4xx_hal_adc_ex.o(i.HAL_ADCEx_MultiModeConfigChannel)
    HAL_ADC_ConfigChannel                    0x080009e9   Thumb Code   316  stm32f4xx_hal_adc.o(i.HAL_ADC_ConfigChannel)
    HAL_ADC_Init                             0x08000b35   Thumb Code    84  stm32f4xx_hal_adc.o(i.HAL_ADC_Init)
    HAL_ADC_MspInit                          0x08000b89   Thumb Code   334  adc.o(i.HAL_ADC_MspInit)
    HAL_DMA_IRQHandler                       0x08000cf9   Thumb Code   412  stm32f4xx_hal_dma.o(i.HAL_DMA_IRQHandler)
    HAL_DMA_Init                             0x08000e99   Thumb Code   206  stm32f4xx_hal_dma.o(i.HAL_DMA_Init)
    HAL_GPIO_Init                            0x08000f6d   Thumb Code   450  stm32f4xx_hal_gpio.o(i.HAL_GPIO_Init)
    HAL_GPIO_WritePin                        0x0800115d   Thumb Code    10  stm32f4xx_hal_gpio.o(i.HAL_GPIO_WritePin)
    HAL_GetTick                              0x08001169   Thumb Code     6  stm32f4xx_hal.o(i.HAL_GetTick)
    HAL_IncTick                              0x08001175   Thumb Code    12  stm32f4xx_hal.o(i.HAL_IncTick)
    HAL_Init                                 0x08001185   Thumb Code    48  stm32f4xx_hal.o(i.HAL_Init)
    HAL_InitTick                             0x080011b9   Thumb Code   132  stm32f4xx_hal_timebase_tim.o(i.HAL_InitTick)
    HAL_MspInit                              0x08001251   Thumb Code    52  stm32f4xx_hal_msp.o(i.HAL_MspInit)
    HAL_NVIC_EnableIRQ                       0x08001289   Thumb Code    26  stm32f4xx_hal_cortex.o(i.HAL_NVIC_EnableIRQ)
    HAL_NVIC_SetPriority                     0x080012a5   Thumb Code    60  stm32f4xx_hal_cortex.o(i.HAL_NVIC_SetPriority)
    HAL_NVIC_SetPriorityGrouping             0x080012e5   Thumb Code    26  stm32f4xx_hal_cortex.o(i.HAL_NVIC_SetPriorityGrouping)
    HAL_RCC_ClockConfig                      0x08001309   Thumb Code   288  stm32f4xx_hal_rcc.o(i.HAL_RCC_ClockConfig)
    HAL_RCC_GetClockConfig                   0x0800143d   Thumb Code    54  stm32f4xx_hal_rcc.o(i.HAL_RCC_GetClockConfig)
    HAL_RCC_GetPCLK1Freq                     0x0800147d   Thumb Code    20  stm32f4xx_hal_rcc.o(i.HAL_RCC_GetPCLK1Freq)
    HAL_RCC_GetSysClockFreq                  0x0800149d   Thumb Code    88  stm32f4xx_hal_rcc.o(i.HAL_RCC_GetSysClockFreq)
    HAL_RCC_OscConfig                        0x08001501   Thumb Code   856  stm32f4xx_hal_rcc.o(i.HAL_RCC_OscConfig)
    HAL_TIMEx_BreakCallback                  0x0800186d   Thumb Code     2  stm32f4xx_hal_tim_ex.o(i.HAL_TIMEx_BreakCallback)
    HAL_TIMEx_CommutCallback                 0x0800186f   Thumb Code     2  stm32f4xx_hal_tim_ex.o(i.HAL_TIMEx_CommutCallback)
    HAL_TIMEx_ConfigBreakDeadTime            0x08001871   Thumb Code    84  stm32f4xx_hal_tim_ex.o(i.HAL_TIMEx_ConfigBreakDeadTime)
    HAL_TIMEx_MasterConfigSynchronization    0x080018c5   Thumb Code   116  stm32f4xx_hal_tim_ex.o(i.HAL_TIMEx_MasterConfigSynchronization)
    HAL_TIM_Base_Init                        0x08001955   Thumb Code    90  stm32f4xx_hal_tim.o(i.HAL_TIM_Base_Init)
    HAL_TIM_Base_MspInit                     0x080019b1   Thumb Code    84  tim.o(i.HAL_TIM_Base_MspInit)
    HAL_TIM_Base_Start_IT                    0x08001a11   Thumb Code   100  stm32f4xx_hal_tim.o(i.HAL_TIM_Base_Start_IT)
    HAL_TIM_ConfigClockSource                0x08001a91   Thumb Code   220  stm32f4xx_hal_tim.o(i.HAL_TIM_ConfigClockSource)
    HAL_TIM_IC_CaptureCallback               0x08001b6d   Thumb Code     2  stm32f4xx_hal_tim.o(i.HAL_TIM_IC_CaptureCallback)
    HAL_TIM_IRQHandler                       0x08001b6f   Thumb Code   304  stm32f4xx_hal_tim.o(i.HAL_TIM_IRQHandler)
    HAL_TIM_MspPostInit                      0x08001ca1   Thumb Code   110  tim.o(i.HAL_TIM_MspPostInit)
    HAL_TIM_OC_DelayElapsedCallback          0x08001d21   Thumb Code     2  stm32f4xx_hal_tim.o(i.HAL_TIM_OC_DelayElapsedCallback)
    HAL_TIM_PWM_ConfigChannel                0x08001d23   Thumb Code   204  stm32f4xx_hal_tim.o(i.HAL_TIM_PWM_ConfigChannel)
    HAL_TIM_PWM_Init                         0x08001def   Thumb Code    90  stm32f4xx_hal_tim.o(i.HAL_TIM_PWM_Init)
    HAL_TIM_PWM_MspInit                      0x08001e49   Thumb Code     2  stm32f4xx_hal_tim.o(i.HAL_TIM_PWM_MspInit)
    HAL_TIM_PWM_PulseFinishedCallback        0x08001e4b   Thumb Code     2  stm32f4xx_hal_tim.o(i.HAL_TIM_PWM_PulseFinishedCallback)
    HAL_TIM_PeriodElapsedCallback            0x08001e4d   Thumb Code    14  main.o(i.HAL_TIM_PeriodElapsedCallback)
    HAL_TIM_SlaveConfigSynchro               0x08001e61   Thumb Code    86  stm32f4xx_hal_tim.o(i.HAL_TIM_SlaveConfigSynchro)
    HAL_TIM_TriggerCallback                  0x08001eb7   Thumb Code     2  stm32f4xx_hal_tim.o(i.HAL_TIM_TriggerCallback)
    HardFault_Handler                        0x08001eb9   Thumb Code     2  stm32f4xx_it.o(i.HardFault_Handler)
    MX_ADC1_Init                             0x08001ebd   Thumb Code   298  adc.o(i.MX_ADC1_Init)
    MX_ADC2_Init                             0x08001ff5   Thumb Code   254  adc.o(i.MX_ADC2_Init)
    MX_ADC3_Init                             0x080020fd   Thumb Code   254  adc.o(i.MX_ADC3_Init)
    MX_DMA_Init                              0x08002205   Thumb Code    40  dma.o(i.MX_DMA_Init)
    MX_FREERTOS_Init                         0x08002231   Thumb Code    18  freertos.o(i.MX_FREERTOS_Init)
    MX_GPIO_Init                             0x08002251   Thumb Code   200  gpio.o(i.MX_GPIO_Init)
    MX_TIM1_Init                             0x08002325   Thumb Code   232  tim.o(i.MX_TIM1_Init)
    MX_TIM2_Init                             0x08002415   Thumb Code   202  tim.o(i.MX_TIM2_Init)
    MX_TIM3_Init                             0x080024e5   Thumb Code    92  tim.o(i.MX_TIM3_Init)
    MemManage_Handler                        0x08002549   Thumb Code     2  stm32f4xx_it.o(i.MemManage_Handler)
    NMI_Handler                              0x0800254b   Thumb Code     2  stm32f4xx_it.o(i.NMI_Handler)
    StartDefaultTask                         0x0800254d   Thumb Code     8  freertos.o(i.StartDefaultTask)
    SysTick_Handler                          0x08002555   Thumb Code    26  cmsis_os2.o(i.SysTick_Handler)
    SystemClock_Config                       0x08002571   Thumb Code   142  main.o(i.SystemClock_Config)
    SystemInit                               0x08002609   Thumb Code    12  system_stm32f4xx.o(i.SystemInit)
    TIM3_IRQHandler                          0x08002619   Thumb Code     6  stm32f4xx_it.o(i.TIM3_IRQHandler)
    TIM8_TRG_COM_TIM14_IRQHandler            0x08002625   Thumb Code     6  stm32f4xx_it.o(i.TIM8_TRG_COM_TIM14_IRQHandler)
    TIM_Base_SetConfig                       0x08002631   Thumb Code   164  stm32f4xx_hal_tim.o(i.TIM_Base_SetConfig)
    TIM_ETR_SetConfig                        0x08002701   Thumb Code    20  stm32f4xx_hal_tim.o(i.TIM_ETR_SetConfig)
    TIM_OC2_SetConfig                        0x08002785   Thumb Code    98  stm32f4xx_hal_tim.o(i.TIM_OC2_SetConfig)
    UsageFault_Handler                       0x0800297b   Thumb Code     2  stm32f4xx_it.o(i.UsageFault_Handler)
    main                                     0x0800299d   Thumb Code    54  main.o(i.main)
    osDelay                                  0x080029d3   Thumb Code    26  cmsis_os2.o(i.osDelay)
    osKernelInitialize                       0x080029ed   Thumb Code    32  cmsis_os2.o(i.osKernelInitialize)
    osKernelStart                            0x08002a11   Thumb Code    48  cmsis_os2.o(i.osKernelStart)
    osThreadNew                              0x08002a49   Thumb Code   136  cmsis_os2.o(i.osThreadNew)
    pvPortMalloc                             0x08003261   Thumb Code   216  heap_4.o(i.pvPortMalloc)
    pxPortInitialiseStack                    0x0800333d   Thumb Code    40  port.o(i.pxPortInitialiseStack)
    uxListRemove                             0x08003369   Thumb Code    38  list.o(i.uxListRemove)
    vApplicationGetIdleTaskMemory            0x08003391   Thumb Code    16  cmsis_os2.o(i.vApplicationGetIdleTaskMemory)
    vApplicationGetTimerTaskMemory           0x080033a5   Thumb Code    18  cmsis_os2.o(i.vApplicationGetTimerTaskMemory)
    vListInitialise                          0x080033bd   Thumb Code    22  list.o(i.vListInitialise)
    vListInitialiseItem                      0x080033d3   Thumb Code     6  list.o(i.vListInitialiseItem)
    vListInsert                              0x080033d9   Thumb Code    48  list.o(i.vListInsert)
    vListInsertEnd                           0x08003409   Thumb Code    24  list.o(i.vListInsertEnd)
    vPortEnterCritical                       0x08003421   Thumb Code    54  port.o(i.vPortEnterCritical)
    vPortExitCritical                        0x08003461   Thumb Code    34  port.o(i.vPortExitCritical)
    vPortFree                                0x08003489   Thumb Code    94  heap_4.o(i.vPortFree)
    vPortSetupTimerInterrupt                 0x080034ed   Thumb Code    32  port.o(i.vPortSetupTimerInterrupt)
    vPortValidateInterruptPriority           0x08003511   Thumb Code    74  port.o(i.vPortValidateInterruptPriority)
    vQueueAddToRegistry                      0x08003565   Thumb Code    34  queue.o(i.vQueueAddToRegistry)
    vQueueWaitForMessageRestricted           0x0800358d   Thumb Code    68  queue.o(i.vQueueWaitForMessageRestricted)
    vTaskDelay                               0x080035d1   Thumb Code    66  tasks.o(i.vTaskDelay)
    vTaskInternalSetTimeOutState             0x0800361d   Thumb Code    12  tasks.o(i.vTaskInternalSetTimeOutState)
    vTaskMissedYield                         0x0800362d   Thumb Code     8  tasks.o(i.vTaskMissedYield)
    vTaskPlaceOnEventList                    0x08003639   Thumb Code    44  tasks.o(i.vTaskPlaceOnEventList)
    vTaskPlaceOnEventListRestricted          0x08003669   Thumb Code    52  tasks.o(i.vTaskPlaceOnEventListRestricted)
    vTaskStartScheduler                      0x080036a1   Thumb Code   118  tasks.o(i.vTaskStartScheduler)
    vTaskSuspendAll                          0x08003729   Thumb Code    10  tasks.o(i.vTaskSuspendAll)
    vTaskSwitchContext                       0x08003739   Thumb Code    90  tasks.o(i.vTaskSwitchContext)
    xPortStartScheduler                      0x0800379d   Thumb Code   222  port.o(i.xPortStartScheduler)
    xPortSysTickHandler                      0x08003891   Thumb Code    38  port.o(i.xPortSysTickHandler)
    xQueueGenericCreateStatic                0x080038bd   Thumb Code   102  queue.o(i.xQueueGenericCreateStatic)
    xQueueGenericReset                       0x08003925   Thumb Code   132  queue.o(i.xQueueGenericReset)
    xQueueGenericSend                        0x080039ad   Thumb Code   346  queue.o(i.xQueueGenericSend)
    xQueueGenericSendFromISR                 0x08003b0d   Thumb Code   190  queue.o(i.xQueueGenericSendFromISR)
    xQueueReceive                            0x08003bcd   Thumb Code   308  queue.o(i.xQueueReceive)
    xTaskCheckForTimeOut                     0x08003d05   Thumb Code   112  tasks.o(i.xTaskCheckForTimeOut)
    xTaskCreate                              0x08003d79   Thumb Code    90  tasks.o(i.xTaskCreate)
    xTaskCreateStatic                        0x08003dd3   Thumb Code    86  tasks.o(i.xTaskCreateStatic)
    xTaskGetSchedulerState                   0x08003e29   Thumb Code    22  tasks.o(i.xTaskGetSchedulerState)
    xTaskGetTickCount                        0x08003e45   Thumb Code     6  tasks.o(i.xTaskGetTickCount)
    xTaskIncrementTick                       0x08003e51   Thumb Code   192  tasks.o(i.xTaskIncrementTick)
    xTaskPriorityDisinherit                  0x08003f19   Thumb Code   118  tasks.o(i.xTaskPriorityDisinherit)
    xTaskRemoveFromEventList                 0x08003f99   Thumb Code    98  tasks.o(i.xTaskRemoveFromEventList)
    xTaskResumeAll                           0x08004009   Thumb Code   182  tasks.o(i.xTaskResumeAll)
    xTimerCreateTimerTask                    0x080040cd   Thumb Code    78  timers.o(i.xTimerCreateTimerTask)
    xTimerGenericCommand                     0x0800412d   Thumb Code    98  timers.o(i.xTimerGenericCommand)
    _fp_init                                 0x08004195   Thumb Code    10  fpinit.o(x$fpl$fpinit)
    __fplib_config_fpu_vfp                   0x0800419d   Thumb Code     0  fpinit.o(x$fpl$fpinit)
    __fplib_config_pureend_doubles           0x0800419d   Thumb Code     0  fpinit.o(x$fpl$fpinit)
    defaultTask_attributes                   0x080041a0   Data          36  freertos.o(.constdata)
    AHBPrescTable                            0x080041cc   Data          16  system_stm32f4xx.o(.constdata)
    APBPrescTable                            0x080041dc   Data           8  system_stm32f4xx.o(.constdata)
    Region$$Table$$Base                      0x080041f0   Number         0  anon$$obj.o(Region$$Table)
    Region$$Table$$Limit                     0x08004210   Number         0  anon$$obj.o(Region$$Table)
    defaultTaskHandle                        0x20000000   Data           4  freertos.o(.data)
    uwTickFreq                               0x20000004   Data           1  stm32f4xx_hal.o(.data)
    uwTickPrio                               0x20000008   Data           4  stm32f4xx_hal.o(.data)
    uwTick                                   0x2000000c   Data           4  stm32f4xx_hal.o(.data)
    SystemCoreClock                          0x20000010   Data           4  system_stm32f4xx.o(.data)
    pxCurrentTCB                             0x20000014   Data           4  tasks.o(.data)
    hadc1                                    0x20000094   Data          72  adc.o(.bss)
    hadc2                                    0x200000dc   Data          72  adc.o(.bss)
    hadc3                                    0x20000124   Data          72  adc.o(.bss)
    hdma_adc1                                0x2000016c   Data          96  adc.o(.bss)
    htim1                                    0x200001cc   Data          72  tim.o(.bss)
    htim2                                    0x20000214   Data          72  tim.o(.bss)
    htim3                                    0x2000025c   Data          72  tim.o(.bss)
    htim14                                   0x200002a4   Data          72  stm32f4xx_hal_timebase_tim.o(.bss)
    xQueueRegistry                           0x200002ec   Data          64  queue.o(.bss)
    __libspace_start                         0x200024b0   Data          96  libspace.o(.bss)
    __temporary_stack_top$libspace           0x20002510   Data           0  libspace.o(.bss)



==============================================================================

Memory Map of the image

  Image Entry point : 0x08000189

  Load Region LR_IROM1 (Base: 0x08000000, Size: 0x000042a4, Max: 0x00100000, ABSOLUTE)

    Execution Region ER_IROM1 (Exec base: 0x08000000, Load base: 0x08000000, Size: 0x00004210, Max: 0x00100000, ABSOLUTE)

    Exec Addr    Load Addr    Size         Type   Attr      Idx    E Section Name        Object

    0x08000000   0x08000000   0x00000188   Data   RO            3    RESET               startup_stm32f405xx.o
    0x08000188   0x08000188   0x00000008   Code   RO         4757  * !!!main             c_w.l(__main.o)
    0x08000190   0x08000190   0x00000034   Code   RO         4927    !!!scatter          c_w.l(__scatter.o)
    0x080001c4   0x080001c4   0x0000001a   Code   RO         4929    !!handler_copy      c_w.l(__scatter_copy.o)
    0x080001de   0x080001de   0x00000002   PAD
    0x080001e0   0x080001e0   0x0000001c   Code   RO         4931    !!handler_zi        c_w.l(__scatter_zi.o)
    0x080001fc   0x080001fc   0x00000002   Code   RO         4798    .ARM.Collect$$libinit$$00000000  c_w.l(libinit.o)
    0x080001fe   0x080001fe   0x00000004   Code   RO         4810    .ARM.Collect$$libinit$$00000001  c_w.l(libinit2.o)
    0x08000202   0x08000202   0x00000000   Code   RO         4813    .ARM.Collect$$libinit$$00000004  c_w.l(libinit2.o)
    0x08000202   0x08000202   0x00000000   Code   RO         4816    .ARM.Collect$$libinit$$0000000A  c_w.l(libinit2.o)
    0x08000202   0x08000202   0x00000000   Code   RO         4818    .ARM.Collect$$libinit$$0000000C  c_w.l(libinit2.o)
    0x08000202   0x08000202   0x00000000   Code   RO         4820    .ARM.Collect$$libinit$$0000000E  c_w.l(libinit2.o)
    0x08000202   0x08000202   0x00000000   Code   RO         4823    .ARM.Collect$$libinit$$00000011  c_w.l(libinit2.o)
    0x08000202   0x08000202   0x00000000   Code   RO         4825    .ARM.Collect$$libinit$$00000013  c_w.l(libinit2.o)
    0x08000202   0x08000202   0x00000000   Code   RO         4827    .ARM.Collect$$libinit$$00000015  c_w.l(libinit2.o)
    0x08000202   0x08000202   0x00000000   Code   RO         4829    .ARM.Collect$$libinit$$00000017  c_w.l(libinit2.o)
    0x08000202   0x08000202   0x00000000   Code   RO         4831    .ARM.Collect$$libinit$$00000019  c_w.l(libinit2.o)
    0x08000202   0x08000202   0x00000000   Code   RO         4833    .ARM.Collect$$libinit$$0000001B  c_w.l(libinit2.o)
    0x08000202   0x08000202   0x00000000   Code   RO         4835    .ARM.Collect$$libinit$$0000001D  c_w.l(libinit2.o)
    0x08000202   0x08000202   0x00000000   Code   RO         4837    .ARM.Collect$$libinit$$0000001F  c_w.l(libinit2.o)
    0x08000202   0x08000202   0x00000000   Code   RO         4839    .ARM.Collect$$libinit$$00000021  c_w.l(libinit2.o)
    0x08000202   0x08000202   0x00000000   Code   RO         4841    .ARM.Collect$$libinit$$00000023  c_w.l(libinit2.o)
    0x08000202   0x08000202   0x00000000   Code   RO         4843    .ARM.Collect$$libinit$$00000025  c_w.l(libinit2.o)
    0x08000202   0x08000202   0x00000000   Code   RO         4847    .ARM.Collect$$libinit$$0000002C  c_w.l(libinit2.o)
    0x08000202   0x08000202   0x00000000   Code   RO         4849    .ARM.Collect$$libinit$$0000002E  c_w.l(libinit2.o)
    0x08000202   0x08000202   0x00000000   Code   RO         4851    .ARM.Collect$$libinit$$00000030  c_w.l(libinit2.o)
    0x08000202   0x08000202   0x00000000   Code   RO         4853    .ARM.Collect$$libinit$$00000032  c_w.l(libinit2.o)
    0x08000202   0x08000202   0x00000002   Code   RO         4854    .ARM.Collect$$libinit$$00000033  c_w.l(libinit2.o)
    0x08000204   0x08000204   0x00000002   Code   RO         4885    .ARM.Collect$$libshutdown$$00000000  c_w.l(libshutdown.o)
    0x08000206   0x08000206   0x00000000   Code   RO         4912    .ARM.Collect$$libshutdown$$00000003  c_w.l(libshutdown2.o)
    0x08000206   0x08000206   0x00000000   Code   RO         4915    .ARM.Collect$$libshutdown$$00000006  c_w.l(libshutdown2.o)
    0x08000206   0x08000206   0x00000000   Code   RO         4918    .ARM.Collect$$libshutdown$$00000009  c_w.l(libshutdown2.o)
    0x08000206   0x08000206   0x00000000   Code   RO         4920    .ARM.Collect$$libshutdown$$0000000B  c_w.l(libshutdown2.o)
    0x08000206   0x08000206   0x00000000   Code   RO         4923    .ARM.Collect$$libshutdown$$0000000E  c_w.l(libshutdown2.o)
    0x08000206   0x08000206   0x00000002   Code   RO         4924    .ARM.Collect$$libshutdown$$0000000F  c_w.l(libshutdown2.o)
    0x08000208   0x08000208   0x00000000   Code   RO         4759    .ARM.Collect$$rtentry$$00000000  c_w.l(__rtentry.o)
    0x08000208   0x08000208   0x00000000   Code   RO         4769    .ARM.Collect$$rtentry$$00000002  c_w.l(__rtentry2.o)
    0x08000208   0x08000208   0x00000006   Code   RO         4781    .ARM.Collect$$rtentry$$00000004  c_w.l(__rtentry4.o)
    0x0800020e   0x0800020e   0x00000000   Code   RO         4771    .ARM.Collect$$rtentry$$00000009  c_w.l(__rtentry2.o)
    0x0800020e   0x0800020e   0x00000004   Code   RO         4772    .ARM.Collect$$rtentry$$0000000A  c_w.l(__rtentry2.o)
    0x08000212   0x08000212   0x00000000   Code   RO         4774    .ARM.Collect$$rtentry$$0000000C  c_w.l(__rtentry2.o)
    0x08000212   0x08000212   0x00000008   Code   RO         4775    .ARM.Collect$$rtentry$$0000000D  c_w.l(__rtentry2.o)
    0x0800021a   0x0800021a   0x00000002   Code   RO         4802    .ARM.Collect$$rtexit$$00000000  c_w.l(rtexit.o)
    0x0800021c   0x0800021c   0x00000000   Code   RO         4858    .ARM.Collect$$rtexit$$00000002  c_w.l(rtexit2.o)
    0x0800021c   0x0800021c   0x00000004   Code   RO         4859    .ARM.Collect$$rtexit$$00000003  c_w.l(rtexit2.o)
    0x08000220   0x08000220   0x00000006   Code   RO         4860    .ARM.Collect$$rtexit$$00000004  c_w.l(rtexit2.o)
    0x08000226   0x08000226   0x00000002   PAD
    0x08000228   0x08000228   0x000000be   Code   RO         4666    .emb_text           port.o
    0x080002e6   0x080002e6   0x00000002   PAD
    0x080002e8   0x080002e8   0x00000040   Code   RO            4    .text               startup_stm32f405xx.o
    0x08000328   0x08000328   0x000000ee   Code   RO         4745    .text               c_w.l(lludivv7m.o)
    0x08000416   0x08000416   0x0000008a   Code   RO         4747    .text               c_w.l(rt_memcpy_v6.o)
    0x080004a0   0x080004a0   0x00000010   Code   RO         4751    .text               c_w.l(aeabi_memset.o)
    0x080004b0   0x080004b0   0x0000004e   Code   RO         4753    .text               c_w.l(rt_memclr_w.o)
    0x080004fe   0x080004fe   0x00000006   Code   RO         4755    .text               c_w.l(heapauxi.o)
    0x08000504   0x08000504   0x00000064   Code   RO         4764    .text               c_w.l(rt_memcpy_w.o)
    0x08000568   0x08000568   0x00000044   Code   RO         4766    .text               c_w.l(rt_memclr.o)
    0x080005ac   0x080005ac   0x0000004a   Code   RO         4785    .text               c_w.l(sys_stackheap_outer.o)
    0x080005f6   0x080005f6   0x0000000c   Code   RO         4787    .text               c_w.l(exit.o)
    0x08000602   0x08000602   0x00000002   PAD
    0x08000604   0x08000604   0x00000008   Code   RO         4799    .text               c_w.l(libspace.o)
    0x0800060c   0x0800060c   0x0000000c   Code   RO         4855    .text               c_w.l(sys_exit.o)
    0x08000618   0x08000618   0x00000002   Code   RO         4874    .text               c_w.l(use_no_semi.o)
    0x0800061a   0x0800061a   0x00000000   Code   RO         4876    .text               c_w.l(indicate_semi.o)
    0x0800061a   0x0800061a   0x00000002   PAD
    0x0800061c   0x0800061c   0x00000128   Code   RO          552    i.ADC_Init          stm32f4xx_hal_adc.o
    0x08000744   0x08000744   0x00000002   Code   RO          410    i.BusFault_Handler  stm32f4xx_it.o
    0x08000746   0x08000746   0x00000002   PAD
    0x08000748   0x08000748   0x0000000c   Code   RO          411    i.DMA2_Stream4_IRQHandler  stm32f4xx_it.o
    0x08000754   0x08000754   0x00000028   Code   RO         1286    i.DMA_CalcBaseAndBitshift  stm32f4xx_hal_dma.o
    0x0800077c   0x0800077c   0x00000054   Code   RO         1287    i.DMA_CheckFifoParam  stm32f4xx_hal_dma.o
    0x080007d0   0x080007d0   0x00000002   Code   RO          412    i.DebugMon_Handler  stm32f4xx_it.o
    0x080007d2   0x080007d2   0x00000004   Code   RO           13    i.Error_Handler     main.o
    0x080007d6   0x080007d6   0x00000002   PAD
    0x080007d8   0x080007d8   0x000001bc   Code   RO          722    i.HAL_ADCEx_InjectedConfigChannel  stm32f4xx_hal_adc_ex.o
    0x08000994   0x08000994   0x00000054   Code   RO          730    i.HAL_ADCEx_MultiModeConfigChannel  stm32f4xx_hal_adc_ex.o
    0x080009e8   0x080009e8   0x0000014c   Code   RO          554    i.HAL_ADC_ConfigChannel  stm32f4xx_hal_adc.o
    0x08000b34   0x08000b34   0x00000054   Code   RO          563    i.HAL_ADC_Init      stm32f4xx_hal_adc.o
    0x08000b88   0x08000b88   0x00000170   Code   RO          273    i.HAL_ADC_MspInit   adc.o
    0x08000cf8   0x08000cf8   0x000001a0   Code   RO         1294    i.HAL_DMA_IRQHandler  stm32f4xx_hal_dma.o
    0x08000e98   0x08000e98   0x000000d4   Code   RO         1295    i.HAL_DMA_Init      stm32f4xx_hal_dma.o
    0x08000f6c   0x08000f6c   0x000001f0   Code   RO         1182    i.HAL_GPIO_Init     stm32f4xx_hal_gpio.o
    0x0800115c   0x0800115c   0x0000000a   Code   RO         1186    i.HAL_GPIO_WritePin  stm32f4xx_hal_gpio.o
    0x08001166   0x08001166   0x00000002   PAD
    0x08001168   0x08001168   0x0000000c   Code   RO         1732    i.HAL_GetTick       stm32f4xx_hal.o
    0x08001174   0x08001174   0x00000010   Code   RO         1738    i.HAL_IncTick       stm32f4xx_hal.o
    0x08001184   0x08001184   0x00000034   Code   RO         1739    i.HAL_Init          stm32f4xx_hal.o
    0x080011b8   0x080011b8   0x00000098   Code   RO          510    i.HAL_InitTick      stm32f4xx_hal_timebase_tim.o
    0x08001250   0x08001250   0x00000038   Code   RO          486    i.HAL_MspInit       stm32f4xx_hal_msp.o
    0x08001288   0x08001288   0x0000001a   Code   RO         1574    i.HAL_NVIC_EnableIRQ  stm32f4xx_hal_cortex.o
    0x080012a2   0x080012a2   0x00000002   PAD
    0x080012a4   0x080012a4   0x00000040   Code   RO         1580    i.HAL_NVIC_SetPriority  stm32f4xx_hal_cortex.o
    0x080012e4   0x080012e4   0x00000024   Code   RO         1581    i.HAL_NVIC_SetPriorityGrouping  stm32f4xx_hal_cortex.o
    0x08001308   0x08001308   0x00000134   Code   RO          828    i.HAL_RCC_ClockConfig  stm32f4xx_hal_rcc.o
    0x0800143c   0x0800143c   0x00000040   Code   RO          832    i.HAL_RCC_GetClockConfig  stm32f4xx_hal_rcc.o
    0x0800147c   0x0800147c   0x00000020   Code   RO          835    i.HAL_RCC_GetPCLK1Freq  stm32f4xx_hal_rcc.o
    0x0800149c   0x0800149c   0x00000064   Code   RO          837    i.HAL_RCC_GetSysClockFreq  stm32f4xx_hal_rcc.o
    0x08001500   0x08001500   0x0000036c   Code   RO          840    i.HAL_RCC_OscConfig  stm32f4xx_hal_rcc.o
    0x0800186c   0x0800186c   0x00000002   Code   RO         2683    i.HAL_TIMEx_BreakCallback  stm32f4xx_hal_tim_ex.o
    0x0800186e   0x0800186e   0x00000002   Code   RO         2684    i.HAL_TIMEx_CommutCallback  stm32f4xx_hal_tim_ex.o
    0x08001870   0x08001870   0x00000054   Code   RO         2686    i.HAL_TIMEx_ConfigBreakDeadTime  stm32f4xx_hal_tim_ex.o
    0x080018c4   0x080018c4   0x00000090   Code   RO         2702    i.HAL_TIMEx_MasterConfigSynchronization  stm32f4xx_hal_tim_ex.o
    0x08001954   0x08001954   0x0000005a   Code   RO         1979    i.HAL_TIM_Base_Init  stm32f4xx_hal_tim.o
    0x080019ae   0x080019ae   0x00000002   PAD
    0x080019b0   0x080019b0   0x00000060   Code   RO          351    i.HAL_TIM_Base_MspInit  tim.o
    0x08001a10   0x08001a10   0x00000080   Code   RO         1984    i.HAL_TIM_Base_Start_IT  stm32f4xx_hal_tim.o
    0x08001a90   0x08001a90   0x000000dc   Code   RO         1988    i.HAL_TIM_ConfigClockSource  stm32f4xx_hal_tim.o
    0x08001b6c   0x08001b6c   0x00000002   Code   RO         2013    i.HAL_TIM_IC_CaptureCallback  stm32f4xx_hal_tim.o
    0x08001b6e   0x08001b6e   0x00000130   Code   RO         2027    i.HAL_TIM_IRQHandler  stm32f4xx_hal_tim.o
    0x08001c9e   0x08001c9e   0x00000002   PAD
    0x08001ca0   0x08001ca0   0x00000080   Code   RO          352    i.HAL_TIM_MspPostInit  tim.o
    0x08001d20   0x08001d20   0x00000002   Code   RO         2030    i.HAL_TIM_OC_DelayElapsedCallback  stm32f4xx_hal_tim.o
    0x08001d22   0x08001d22   0x000000cc   Code   RO         2051    i.HAL_TIM_PWM_ConfigChannel  stm32f4xx_hal_tim.o
    0x08001dee   0x08001dee   0x0000005a   Code   RO         2054    i.HAL_TIM_PWM_Init  stm32f4xx_hal_tim.o
    0x08001e48   0x08001e48   0x00000002   Code   RO         2056    i.HAL_TIM_PWM_MspInit  stm32f4xx_hal_tim.o
    0x08001e4a   0x08001e4a   0x00000002   Code   RO         2057    i.HAL_TIM_PWM_PulseFinishedCallback  stm32f4xx_hal_tim.o
    0x08001e4c   0x08001e4c   0x00000014   Code   RO           14    i.HAL_TIM_PeriodElapsedCallback  main.o
    0x08001e60   0x08001e60   0x00000056   Code   RO         2068    i.HAL_TIM_SlaveConfigSynchro  stm32f4xx_hal_tim.o
    0x08001eb6   0x08001eb6   0x00000002   Code   RO         2070    i.HAL_TIM_TriggerCallback  stm32f4xx_hal_tim.o
    0x08001eb8   0x08001eb8   0x00000002   Code   RO          413    i.HardFault_Handler  stm32f4xx_it.o
    0x08001eba   0x08001eba   0x00000002   PAD
    0x08001ebc   0x08001ebc   0x00000138   Code   RO          274    i.MX_ADC1_Init      adc.o
    0x08001ff4   0x08001ff4   0x00000108   Code   RO          275    i.MX_ADC2_Init      adc.o
    0x080020fc   0x080020fc   0x00000108   Code   RO          276    i.MX_ADC3_Init      adc.o
    0x08002204   0x08002204   0x0000002c   Code   RO          326    i.MX_DMA_Init       dma.o
    0x08002230   0x08002230   0x00000020   Code   RO          229    i.MX_FREERTOS_Init  freertos.o
    0x08002250   0x08002250   0x000000d4   Code   RO          205    i.MX_GPIO_Init      gpio.o
    0x08002324   0x08002324   0x000000f0   Code   RO          353    i.MX_TIM1_Init      tim.o
    0x08002414   0x08002414   0x000000d0   Code   RO          354    i.MX_TIM2_Init      tim.o
    0x080024e4   0x080024e4   0x00000064   Code   RO          355    i.MX_TIM3_Init      tim.o
    0x08002548   0x08002548   0x00000002   Code   RO          414    i.MemManage_Handler  stm32f4xx_it.o
    0x0800254a   0x0800254a   0x00000002   Code   RO          415    i.NMI_Handler       stm32f4xx_it.o
    0x0800254c   0x0800254c   0x00000008   Code   RO          230    i.StartDefaultTask  freertos.o
    0x08002554   0x08002554   0x0000001a   Code   RO         4098    i.SysTick_Handler   cmsis_os2.o
    0x0800256e   0x0800256e   0x00000002   PAD
    0x08002570   0x08002570   0x00000098   Code   RO           15    i.SystemClock_Config  main.o
    0x08002608   0x08002608   0x00000010   Code   RO         2951    i.SystemInit        system_stm32f4xx.o
    0x08002618   0x08002618   0x0000000c   Code   RO          416    i.TIM3_IRQHandler   stm32f4xx_it.o
    0x08002624   0x08002624   0x0000000c   Code   RO          417    i.TIM8_TRG_COM_TIM14_IRQHandler  stm32f4xx_it.o
    0x08002630   0x08002630   0x000000d0   Code   RO         2072    i.TIM_Base_SetConfig  stm32f4xx_hal_tim.o
    0x08002700   0x08002700   0x00000014   Code   RO         2083    i.TIM_ETR_SetConfig  stm32f4xx_hal_tim.o
    0x08002714   0x08002714   0x00000010   Code   RO         2084    i.TIM_ITRx_SetConfig  stm32f4xx_hal_tim.o
    0x08002724   0x08002724   0x00000060   Code   RO         2085    i.TIM_OC1_SetConfig  stm32f4xx_hal_tim.o
    0x08002784   0x08002784   0x0000006c   Code   RO         2086    i.TIM_OC2_SetConfig  stm32f4xx_hal_tim.o
    0x080027f0   0x080027f0   0x00000068   Code   RO         2087    i.TIM_OC3_SetConfig  stm32f4xx_hal_tim.o
    0x08002858   0x08002858   0x00000050   Code   RO         2088    i.TIM_OC4_SetConfig  stm32f4xx_hal_tim.o
    0x080028a8   0x080028a8   0x0000008c   Code   RO         2089    i.TIM_SlaveTimer_SetConfig  stm32f4xx_hal_tim.o
    0x08002934   0x08002934   0x00000022   Code   RO         2090    i.TIM_TI1_ConfigInputStage  stm32f4xx_hal_tim.o
    0x08002956   0x08002956   0x00000024   Code   RO         2092    i.TIM_TI2_ConfigInputStage  stm32f4xx_hal_tim.o
    0x0800297a   0x0800297a   0x00000002   Code   RO          418    i.UsageFault_Handler  stm32f4xx_it.o
    0x0800297c   0x0800297c   0x00000020   Code   RO         1587    i.__NVIC_SetPriority  stm32f4xx_hal_cortex.o
    0x0800299c   0x0800299c   0x00000036   Code   RO           16    i.main              main.o
    0x080029d2   0x080029d2   0x0000001a   Code   RO         4100    i.osDelay           cmsis_os2.o
    0x080029ec   0x080029ec   0x00000024   Code   RO         4114    i.osKernelInitialize  cmsis_os2.o
    0x08002a10   0x08002a10   0x00000038   Code   RO         4117    i.osKernelStart     cmsis_os2.o
    0x08002a48   0x08002a48   0x00000088   Code   RO         4159    i.osThreadNew       cmsis_os2.o
    0x08002ad0   0x08002ad0   0x0000005c   Code   RO         3559    i.prvAddCurrentTaskToDelayedList  tasks.o
    0x08002b2c   0x08002b2c   0x000000d0   Code   RO         3560    i.prvAddNewTaskToReadyList  tasks.o
    0x08002bfc   0x08002bfc   0x00000058   Code   RO         3924    i.prvCheckForValidListAndQueue  timers.o
    0x08002c54   0x08002c54   0x00000026   Code   RO         3156    i.prvCopyDataFromQueue  queue.o
    0x08002c7a   0x08002c7a   0x0000006c   Code   RO         3157    i.prvCopyDataToQueue  queue.o
    0x08002ce6   0x08002ce6   0x00000034   Code   RO         3561    i.prvDeleteTCB      tasks.o
    0x08002d1a   0x08002d1a   0x00000002   PAD
    0x08002d1c   0x08002d1c   0x00000048   Code   RO         4611    i.prvHeapInit       heap_4.o
    0x08002d64   0x08002d64   0x00000060   Code   RO         3562    i.prvIdleTask       tasks.o
    0x08002dc4   0x08002dc4   0x00000022   Code   RO         3159    i.prvInitialiseNewQueue  queue.o
    0x08002de6   0x08002de6   0x00000002   PAD
    0x08002de8   0x08002de8   0x000000b0   Code   RO         3563    i.prvInitialiseNewTask  tasks.o
    0x08002e98   0x08002e98   0x0000004c   Code   RO         4612    i.prvInsertBlockIntoFreeList  heap_4.o
    0x08002ee4   0x08002ee4   0x00000038   Code   RO         3926    i.prvInsertTimerInActiveList  timers.o
    0x08002f1c   0x08002f1c   0x0000001c   Code   RO         3160    i.prvIsQueueEmpty   queue.o
    0x08002f38   0x08002f38   0x000000fc   Code   RO         3927    i.prvProcessReceivedCommands  timers.o
    0x08003034   0x08003034   0x000000c0   Code   RO         3928    i.prvProcessTimerOrBlockTask  timers.o
    0x080030f4   0x080030f4   0x00000020   Code   RO         3565    i.prvResetNextTaskUnblockTime  tasks.o
    0x08003114   0x08003114   0x00000028   Code   RO         3929    i.prvSampleTimeNow  timers.o
    0x0800313c   0x0800313c   0x0000006c   Code   RO         3930    i.prvSwitchTimerLists  timers.o
    0x080031a8   0x080031a8   0x00000028   Code   RO         4667    i.prvTaskExitError  port.o
    0x080031d0   0x080031d0   0x00000024   Code   RO         3931    i.prvTimerTask      timers.o
    0x080031f4   0x080031f4   0x0000006a   Code   RO         3161    i.prvUnlockQueue    queue.o
    0x0800325e   0x0800325e   0x00000002   PAD
    0x08003260   0x08003260   0x000000dc   Code   RO         4613    i.pvPortMalloc      heap_4.o
    0x0800333c   0x0800333c   0x0000002c   Code   RO         4668    i.pxPortInitialiseStack  port.o
    0x08003368   0x08003368   0x00000026   Code   RO         3116    i.uxListRemove      list.o
    0x0800338e   0x0800338e   0x00000002   PAD
    0x08003390   0x08003390   0x00000014   Code   RO         4171    i.vApplicationGetIdleTaskMemory  cmsis_os2.o
    0x080033a4   0x080033a4   0x00000018   Code   RO         4172    i.vApplicationGetTimerTaskMemory  cmsis_os2.o
    0x080033bc   0x080033bc   0x00000016   Code   RO         3117    i.vListInitialise   list.o
    0x080033d2   0x080033d2   0x00000006   Code   RO         3118    i.vListInitialiseItem  list.o
    0x080033d8   0x080033d8   0x00000030   Code   RO         3119    i.vListInsert       list.o
    0x08003408   0x08003408   0x00000018   Code   RO         3120    i.vListInsertEnd    list.o
    0x08003420   0x08003420   0x00000040   Code   RO         4670    i.vPortEnterCritical  port.o
    0x08003460   0x08003460   0x00000028   Code   RO         4671    i.vPortExitCritical  port.o
    0x08003488   0x08003488   0x00000064   Code   RO         4614    i.vPortFree         heap_4.o
    0x080034ec   0x080034ec   0x00000024   Code   RO         4672    i.vPortSetupTimerInterrupt  port.o
    0x08003510   0x08003510   0x00000054   Code   RO         4673    i.vPortValidateInterruptPriority  port.o
    0x08003564   0x08003564   0x00000028   Code   RO         3167    i.vQueueAddToRegistry  queue.o
    0x0800358c   0x0800358c   0x00000044   Code   RO         3171    i.vQueueWaitForMessageRestricted  queue.o
    0x080035d0   0x080035d0   0x0000004c   Code   RO         3578    i.vTaskDelay        tasks.o
    0x0800361c   0x0800361c   0x00000010   Code   RO         3583    i.vTaskInternalSetTimeOutState  tasks.o
    0x0800362c   0x0800362c   0x0000000c   Code   RO         3584    i.vTaskMissedYield  tasks.o
    0x08003638   0x08003638   0x00000030   Code   RO         3586    i.vTaskPlaceOnEventList  tasks.o
    0x08003668   0x08003668   0x00000038   Code   RO         3587    i.vTaskPlaceOnEventListRestricted  tasks.o
    0x080036a0   0x080036a0   0x00000088   Code   RO         3595    i.vTaskStartScheduler  tasks.o
    0x08003728   0x08003728   0x00000010   Code   RO         3597    i.vTaskSuspendAll   tasks.o
    0x08003738   0x08003738   0x00000064   Code   RO         3598    i.vTaskSwitchContext  tasks.o
    0x0800379c   0x0800379c   0x000000f4   Code   RO         4674    i.xPortStartScheduler  port.o
    0x08003890   0x08003890   0x0000002c   Code   RO         4675    i.xPortSysTickHandler  port.o
    0x080038bc   0x080038bc   0x00000066   Code   RO         3177    i.xQueueGenericCreateStatic  queue.o
    0x08003922   0x08003922   0x00000002   PAD
    0x08003924   0x08003924   0x00000088   Code   RO         3178    i.xQueueGenericReset  queue.o
    0x080039ac   0x080039ac   0x00000160   Code   RO         3179    i.xQueueGenericSend  queue.o
    0x08003b0c   0x08003b0c   0x000000be   Code   RO         3180    i.xQueueGenericSendFromISR  queue.o
    0x08003bca   0x08003bca   0x00000002   PAD
    0x08003bcc   0x08003bcc   0x00000138   Code   RO         3189    i.xQueueReceive     queue.o
    0x08003d04   0x08003d04   0x00000074   Code   RO         3600    i.xTaskCheckForTimeOut  tasks.o
    0x08003d78   0x08003d78   0x0000005a   Code   RO         3601    i.xTaskCreate       tasks.o
    0x08003dd2   0x08003dd2   0x00000056   Code   RO         3602    i.xTaskCreateStatic  tasks.o
    0x08003e28   0x08003e28   0x0000001c   Code   RO         3606    i.xTaskGetSchedulerState  tasks.o
    0x08003e44   0x08003e44   0x0000000c   Code   RO         3607    i.xTaskGetTickCount  tasks.o
    0x08003e50   0x08003e50   0x000000c8   Code   RO         3609    i.xTaskIncrementTick  tasks.o
    0x08003f18   0x08003f18   0x00000080   Code   RO         3612    i.xTaskPriorityDisinherit  tasks.o
    0x08003f98   0x08003f98   0x00000070   Code   RO         3614    i.xTaskRemoveFromEventList  tasks.o
    0x08004008   0x08004008   0x000000c4   Code   RO         3615    i.xTaskResumeAll    tasks.o
    0x080040cc   0x080040cc   0x00000060   Code   RO         3940    i.xTimerCreateTimerTask  timers.o
    0x0800412c   0x0800412c   0x00000068   Code   RO         3941    i.xTimerGenericCommand  timers.o
    0x08004194   0x08004194   0x0000000a   Code   RO         4870    x$fpl$fpinit        fz_wm.l(fpinit.o)
    0x0800419e   0x0800419e   0x00000002   PAD
    0x080041a0   0x080041a0   0x00000024   Data   RO          231    .constdata          freertos.o
    0x080041c4   0x080041c4   0x00000008   Data   RO         1301    .constdata          stm32f4xx_hal_dma.o
    0x080041cc   0x080041cc   0x00000010   Data   RO         2952    .constdata          system_stm32f4xx.o
    0x080041dc   0x080041dc   0x00000008   Data   RO         2953    .constdata          system_stm32f4xx.o
    0x080041e4   0x080041e4   0x0000000c   Data   RO          232    .conststring        freertos.o
    0x080041f0   0x080041f0   0x00000020   Data   RO         4925    Region$$Table       anon$$obj.o


    Execution Region RW_IRAM1 (Exec base: 0x20000000, Load base: 0x08004210, Size: 0x00002b10, Max: 0x0001c000, ABSOLUTE)

    Exec Addr    Load Addr    Size         Type   Attr      Idx    E Section Name        Object

    0x20000000   0x08004210   0x00000004   Data   RW          233    .data               freertos.o
    0x20000004   0x08004214   0x0000000c   Data   RW         1746    .data               stm32f4xx_hal.o
    0x20000010   0x08004220   0x00000004   Data   RW         2954    .data               system_stm32f4xx.o
    0x20000014   0x08004224   0x0000003c   Data   RW         3618    .data               tasks.o
    0x20000050   0x08004260   0x00000014   Data   RW         3949    .data               timers.o
    0x20000064   0x08004274   0x00000004   Data   RW         4174    .data               cmsis_os2.o
    0x20000068   0x08004278   0x00000020   Data   RW         4620    .data               heap_4.o
    0x20000088   0x08004298   0x0000000c   Data   RW         4676    .data               port.o
    0x20000094        -       0x00000138   Zero   RW          277    .bss                adc.o
    0x200001cc        -       0x000000d8   Zero   RW          356    .bss                tim.o
    0x200002a4        -       0x00000048   Zero   RW          513    .bss                stm32f4xx_hal_timebase_tim.o
    0x200002ec        -       0x00000040   Zero   RW         3193    .bss                queue.o
    0x2000032c        -       0x000004c4   Zero   RW         3617    .bss                tasks.o
    0x200007f0        -       0x00000118   Zero   RW         3948    .bss                timers.o
    0x20000908        -       0x000006b8   Zero   RW         4173    .bss                cmsis_os2.o
    0x20000fc0        -       0x000014f0   Zero   RW         4619    .bss                heap_4.o
    0x200024b0        -       0x00000060   Zero   RW         4800    .bss                c_w.l(libspace.o)
    0x20002510        -       0x00000200   Zero   RW            2    HEAP                startup_stm32f405xx.o
    0x20002710        -       0x00000400   Zero   RW            1    STACK               startup_stm32f405xx.o


    Execution Region RW_IRAM2 (Exec base: 0x2001c000, Load base: 0x080042a4, Size: 0x00000000, Max: 0x00004000, ABSOLUTE)

    **** No section assigned to this execution region ****


==============================================================================

Image component sizes


      Code (inc. data)   RO Data    RW Data    ZI Data      Debug   Object Name

      1208         68          0          0        312       4025   adc.o
       324         22          0          4       1720      66183   cmsis_os2.o
        44          4          0          0          0        818   dma.o
         0          0          0          0          0      19896   event_groups.o
        40         14         48          4          0       1901   freertos.o
       212         12          0          0          0       1043   gpio.o
       468         22          0         32       5360       5211   heap_4.o
       138          0          0          0          0       3866   list.o
       230         16          0          0          0     668324   main.o
       786         82          0         12          0      12429   port.o
      1514         20          0          0         64      17264   queue.o
        64         26        392          0       1536        864   startup_stm32f405xx.o
        80         14          0         12          0       8542   stm32f4xx_hal.o
       712         28          0          0          0       3051   stm32f4xx_hal_adc.o
       528         22          0          0          0       2437   stm32f4xx_hal_adc_ex.o
       158         14          0          0          0      33262   stm32f4xx_hal_cortex.o
       752         16          8          0          0       4164   stm32f4xx_hal_dma.o
       506         46          0          0          0       2304   stm32f4xx_hal_gpio.o
        56          4          0          0          0        910   stm32f4xx_hal_msp.o
      1380         74          0          0          0       5574   stm32f4xx_hal_rcc.o
      1974        116          0          0          0      17975   stm32f4xx_hal_tim.o
       232         28          0          0          0       3637   stm32f4xx_hal_tim_ex.o
       152         20          0          0         72       1556   stm32f4xx_hal_timebase_tim.o
        48         18          0          0          0       4413   stm32f4xx_it.o
         0          0          0          0          0        392   stream_buffer.o
        16          4         24          4          0       1247   system_stm32f4xx.o
      2084        168          0         60       1220      28116   tasks.o
       772         52          0          0        216       4170   tim.o
       972         80          0         20        280      33051   timers.o

    ----------------------------------------------------------------------
     15480        990        504        148      10780     956625   Object Totals
         0          0         32          0          0          0   (incl. Generated)
        30          0          0          0          0          0   (incl. Padding)

    ----------------------------------------------------------------------

      Code (inc. data)   RO Data    RW Data    ZI Data      Debug   Library Member Name

         8          0          0          0          0         68   __main.o
         0          0          0          0          0          0   __rtentry.o
        12          0          0          0          0          0   __rtentry2.o
         6          0          0          0          0          0   __rtentry4.o
        52          8          0          0          0          0   __scatter.o
        26          0          0          0          0          0   __scatter_copy.o
        28          0          0          0          0          0   __scatter_zi.o
        16          0          0          0          0         68   aeabi_memset.o
        12          0          0          0          0         72   exit.o
         6          0          0          0          0        152   heapauxi.o
         0          0          0          0          0          0   indicate_semi.o
         2          0          0          0          0          0   libinit.o
         6          0          0          0          0          0   libinit2.o
         2          0          0          0          0          0   libshutdown.o
         2          0          0          0          0          0   libshutdown2.o
         8          4          0          0         96         68   libspace.o
       238          0          0          0          0        100   lludivv7m.o
        68          0          0          0          0         68   rt_memclr.o
        78          0          0          0          0         80   rt_memclr_w.o
       138          0          0          0          0         68   rt_memcpy_v6.o
       100          0          0          0          0         80   rt_memcpy_w.o
         2          0          0          0          0          0   rtexit.o
        10          0          0          0          0          0   rtexit2.o
        12          4          0          0          0         68   sys_exit.o
        74          0          0          0          0         80   sys_stackheap_outer.o
         2          0          0          0          0         68   use_no_semi.o
        10          0          0          0          0        116   fpinit.o

    ----------------------------------------------------------------------
       928         16          0          0         96       1156   Library Totals
        10          0          0          0          0          0   (incl. Padding)

    ----------------------------------------------------------------------

      Code (inc. data)   RO Data    RW Data    ZI Data      Debug   Library Name

       908         16          0          0         96       1040   c_w.l
        10          0          0          0          0        116   fz_wm.l

    ----------------------------------------------------------------------
       928         16          0          0         96       1156   Library Totals

    ----------------------------------------------------------------------

==============================================================================


      Code (inc. data)   RO Data    RW Data    ZI Data      Debug   

     16408       1006        504        148      10876     943313   Grand Totals
     16408       1006        504        148      10876     943313   ELF Image Totals
     16408       1006        504        148          0          0   ROM Totals

==============================================================================

    Total RO  Size (Code + RO Data)                16912 (  16.52kB)
    Total RW  Size (RW Data + ZI Data)             11024 (  10.77kB)
    Total ROM Size (Code + RO Data + RW Data)      17060 (  16.66kB)

==============================================================================

